[2025-08-08 02:29:58] Usuario: Martin Schonberger (Rol: Administrador) Acción: El usuario ha iniciado sesión.
[2025-08-08 02:30:00] Usuario: Martin Schonberger (Rol: Administrador) Acción: Accedió a la sección de Productos
[2025-08-08 02:30:08] Usuario: Martin Schonberger (Rol: Administrador) Acción: Producto modificado: Tarta de frutilla (ID: 2)
[2025-08-08 02:30:08] Usuario: Martin Schonberger (Rol: Administrador) Acción: Producto modificado: Tarta de frutilla
[2025-08-08 02:30:16] Usuario: Martin Schonberger (Rol: Administrador) Acción: Producto modificado: Torta de chocolate (ID: 1)
[2025-08-08 02:30:16] Usuario: Martin Schonberger (Rol: Administrador) Acción: Producto modificado: Torta de chocolate
[2025-08-08 02:30:17] Usuario: Martin Schonberger (Rol: Administrador) Acción: El usuario ha iniciado sesión.
[2025-08-08 02:30:17] Usuario: Martin Schonberger (Rol: Administrador) Acción: El usuario regresó al menú principal desde la pantalla de Productos.
[2025-08-08 02:30:20] Usuario: Martin Schonberger (Rol: Administrador) Acción: Accedió a la sección de Eventos
[2025-08-08 02:30:20] Usuario: Martin Schonberger (Rol: Administrador) Acción: Calendario para el mes: 2025-08 generado correctamente.
[2025-08-08 02:30:20] Usuario: Martin Schonberger (Rol: Administrador) Acción: Evento agregado para la fecha: 2025-08-07
[2025-08-08 02:30:20] Usuario: Martin Schonberger (Rol: Administrador) Acción: Calendario para el mes: 2025-08 generado correctamente.
[2025-08-08 02:30:20] Usuario: Martin Schonberger (Rol: Administrador) Acción: Calendario para el mes: 2025-08 generado correctamente.
[2025-08-08 02:30:20] Usuario: Martin Schonberger (Rol: Administrador) Acción: Calendario inicializado para el mes: 2025-08
[2025-08-08 02:30:21] Usuario: Martin Schonberger (Rol: Administrador) Acción: Detalles del evento cargados para la fecha: 2025-08-07
[2025-08-08 02:32:29] Usuario: Martin Schonberger (Rol: Administrador) Acción: Nuevo evento guardado: Cumpleaños Juan para la fecha 2025-08-13
[2025-08-08 02:32:30] Usuario: Martin Schonberger (Rol: Administrador) Acción: Calendario para el mes: 2025-08 generado correctamente.
[2025-08-08 02:32:30] Usuario: Martin Schonberger (Rol: Administrador) Acción: Evento agregado para la fecha: 2025-08-07
[2025-08-08 02:32:30] Usuario: Martin Schonberger (Rol: Administrador) Acción: Calendario para el mes: 2025-08 generado correctamente.
[2025-08-08 02:32:30] Usuario: Martin Schonberger (Rol: Administrador) Acción: Evento agregado para la fecha: 2025-08-13
[2025-08-08 02:32:30] Usuario: Martin Schonberger (Rol: Administrador) Acción: Calendario para el mes: 2025-08 generado correctamente.
[2025-08-08 02:32:30] Usuario: Martin Schonberger (Rol: Administrador) Acción: Evento agregado o modificado correctamente.
[2025-08-08 02:32:33] Usuario: Martin Schonberger (Rol: Administrador) Acción: Detalles del evento cargados para la fecha: 2025-08-13
[2025-08-08 03:08:09] Usuario: null (Rol: Sin rol) Acción: Intento de login fallido: contraseña incorrecta (DNI: 44280200)
[2025-08-08 03:08:13] Usuario: Martin Schonberger (Rol: Administrador) Acción: El usuario ha iniciado sesión.
[2025-08-08 03:08:15] Usuario: Martin Schonberger (Rol: Administrador) Acción: Accedió a la sección de Eventos
[2025-08-08 03:08:15] Usuario: Martin Schonberger (Rol: Administrador) Acción: Calendario para el mes: 2025-08 generado correctamente.
[2025-08-08 03:08:15] Usuario: Martin Schonberger (Rol: Administrador) Acción: Evento agregado para la fecha: 2025-08-07
[2025-08-08 03:08:15] Usuario: Martin Schonberger (Rol: Administrador) Acción: Calendario para el mes: 2025-08 generado correctamente.
[2025-08-08 03:08:15] Usuario: Martin Schonberger (Rol: Administrador) Acción: Evento agregado para la fecha: 2025-08-13
[2025-08-08 03:08:15] Usuario: Martin Schonberger (Rol: Administrador) Acción: Calendario para el mes: 2025-08 generado correctamente.
[2025-08-08 03:08:15] Usuario: Martin Schonberger (Rol: Administrador) Acción: Calendario para el mes: 2025-08 generado correctamente.
[2025-08-08 03:08:15] Usuario: Martin Schonberger (Rol: Administrador) Acción: Calendario inicializado para el mes: 2025-08
[2025-08-08 03:24:05] Usuario: Martin Schonberger (Rol: Administrador) Acción: El usuario ha iniciado sesión.
[2025-08-08 03:24:07] Usuario: Martin Schonberger (Rol: Administrador) Acción: Accedió a la sección de Eventos
[2025-08-08 03:24:07] Usuario: Martin Schonberger (Rol: Administrador) Acción: Calendario para el mes: 2025-08 generado correctamente.
[2025-08-08 03:24:07] Usuario: Martin Schonberger (Rol: Administrador) Acción: Evento agregado para la fecha: 2025-08-07
[2025-08-08 03:24:07] Usuario: Martin Schonberger (Rol: Administrador) Acción: Calendario para el mes: 2025-08 generado correctamente.
[2025-08-08 03:24:07] Usuario: Martin Schonberger (Rol: Administrador) Acción: Evento agregado para la fecha: 2025-08-13
[2025-08-08 03:24:07] Usuario: Martin Schonberger (Rol: Administrador) Acción: Calendario para el mes: 2025-08 generado correctamente.
[2025-08-08 03:24:07] Usuario: Martin Schonberger (Rol: Administrador) Acción: Calendario para el mes: 2025-08 generado correctamente.
[2025-08-08 03:24:07] Usuario: Martin Schonberger (Rol: Administrador) Acción: Calendario inicializado para el mes: 2025-08
[2025-08-08 03:24:10] Usuario: Martin Schonberger (Rol: Administrador) Acción: Calendario para el mes: 2025-08 generado correctamente.
[2025-08-08 03:24:12] Usuario: Martin Schonberger (Rol: Administrador) Acción: Calendario para el mes: 2025-08 generado correctamente.
[2025-08-08 03:24:13] Usuario: Martin Schonberger (Rol: Administrador) Acción: Calendario para el mes: 2025-08 generado correctamente.
[2025-08-08 03:24:14] Usuario: Martin Schonberger (Rol: Administrador) Acción: Calendario para el mes: 2025-08 generado correctamente.
[2025-08-08 03:24:14] Usuario: Martin Schonberger (Rol: Administrador) Acción: Calendario para el mes: 2025-08 generado correctamente.
[2025-08-08 03:24:15] Usuario: Martin Schonberger (Rol: Administrador) Acción: Calendario para el mes: 2025-08 generado correctamente.
[2025-08-08 03:24:16] Usuario: Martin Schonberger (Rol: Administrador) Acción: Calendario para el mes: 2025-08 generado correctamente.
[2025-08-08 03:25:31] Usuario: Martin Schonberger (Rol: Administrador) Acción: Calendario para el mes: 2025-08 generado correctamente.
[2025-08-08 03:25:31] Usuario: Martin Schonberger (Rol: Administrador) Acción: Calendario para el mes: 2025-08 generado correctamente.
[2025-08-08 03:33:04] Usuario: Martin Schonberger (Rol: Administrador) Acción: El usuario ha iniciado sesión.
[2025-08-08 03:33:11] Usuario: Martin Schonberger (Rol: Administrador) Acción: Accedió a la sección de Eventos
[2025-08-08 03:33:11] Usuario: Martin Schonberger (Rol: Administrador) Acción: Calendario para el mes: 2025-08 generado correctamente.
[2025-08-08 03:33:11] Usuario: Martin Schonberger (Rol: Administrador) Acción: Evento agregado para la fecha: 2025-08-07
[2025-08-08 03:33:11] Usuario: Martin Schonberger (Rol: Administrador) Acción: Calendario para el mes: 2025-08 generado correctamente.
[2025-08-08 03:33:11] Usuario: Martin Schonberger (Rol: Administrador) Acción: Evento agregado para la fecha: 2025-08-13
[2025-08-08 03:33:11] Usuario: Martin Schonberger (Rol: Administrador) Acción: Calendario para el mes: 2025-08 generado correctamente.
[2025-08-08 03:33:11] Usuario: Martin Schonberger (Rol: Administrador) Acción: Calendario para el mes: 2025-08 generado correctamente.
[2025-08-08 03:33:11] Usuario: Martin Schonberger (Rol: Administrador) Acción: Calendario inicializado para el mes: 2025-08
[2025-08-08 03:36:08] Usuario: Martin Schonberger (Rol: Administrador) Acción: El usuario ha iniciado sesión.
[2025-08-08 03:36:09] Usuario: Martin Schonberger (Rol: Administrador) Acción: Accedió a la sección de Eventos
[2025-08-08 03:36:09] Usuario: Martin Schonberger (Rol: Administrador) Acción: Calendario para el mes: 2025-08 generado correctamente.
[2025-08-08 03:36:09] Usuario: Martin Schonberger (Rol: Administrador) Acción: Evento agregado para la fecha: 2025-08-07
[2025-08-08 03:36:09] Usuario: Martin Schonberger (Rol: Administrador) Acción: Calendario para el mes: 2025-08 generado correctamente.
[2025-08-08 03:36:09] Usuario: Martin Schonberger (Rol: Administrador) Acción: Evento agregado para la fecha: 2025-08-13
[2025-08-08 03:36:09] Usuario: Martin Schonberger (Rol: Administrador) Acción: Calendario para el mes: 2025-08 generado correctamente.
[2025-08-08 03:36:10] Usuario: Martin Schonberger (Rol: Administrador) Acción: Calendario para el mes: 2025-08 generado correctamente.
[2025-08-08 03:36:10] Usuario: Martin Schonberger (Rol: Administrador) Acción: Calendario inicializado para el mes: 2025-08
[2025-08-08 03:43:19] Usuario: Martin Schonberger (Rol: Administrador) Acción: El usuario ha iniciado sesión.
[2025-08-08 03:44:05] Usuario: Martin Schonberger (Rol: Administrador) Acción: Accedió a la sección de Eventos
[2025-08-08 03:44:05] Usuario: Martin Schonberger (Rol: Administrador) Acción: Calendario para el mes: 2025-08 generado correctamente.
[2025-08-08 03:44:05] Usuario: Martin Schonberger (Rol: Administrador) Acción: Evento agregado para la fecha: 2025-08-07
[2025-08-08 03:44:05] Usuario: Martin Schonberger (Rol: Administrador) Acción: Calendario para el mes: 2025-08 generado correctamente.
[2025-08-08 03:44:05] Usuario: Martin Schonberger (Rol: Administrador) Acción: Evento agregado para la fecha: 2025-08-13
[2025-08-08 03:44:05] Usuario: Martin Schonberger (Rol: Administrador) Acción: Calendario para el mes: 2025-08 generado correctamente.
[2025-08-08 03:44:05] Usuario: Martin Schonberger (Rol: Administrador) Acción: Calendario para el mes: 2025-08 generado correctamente.
[2025-08-08 03:44:05] Usuario: Martin Schonberger (Rol: Administrador) Acción: Calendario inicializado para el mes: 2025-08
[2025-08-08 03:45:05] Usuario: Martin Schonberger (Rol: Administrador) Acción: El usuario ha iniciado sesión.
[2025-08-08 03:45:05] Usuario: Martin Schonberger (Rol: Administrador) Acción: El usuario volvió al menú principal.
[2025-08-08 03:45:31] Usuario: Martin Schonberger (Rol: Administrador) Acción: Accedió a la sección de Eventos
[2025-08-08 03:45:31] Usuario: Martin Schonberger (Rol: Administrador) Acción: Calendario para el mes: 2025-08 generado correctamente.
[2025-08-08 03:45:31] Usuario: Martin Schonberger (Rol: Administrador) Acción: Evento agregado para la fecha: 2025-08-07
[2025-08-08 03:45:31] Usuario: Martin Schonberger (Rol: Administrador) Acción: Calendario para el mes: 2025-08 generado correctamente.
[2025-08-08 03:45:31] Usuario: Martin Schonberger (Rol: Administrador) Acción: Evento agregado para la fecha: 2025-08-13
[2025-08-08 03:45:31] Usuario: Martin Schonberger (Rol: Administrador) Acción: Calendario para el mes: 2025-08 generado correctamente.
[2025-08-08 03:45:31] Usuario: Martin Schonberger (Rol: Administrador) Acción: Calendario para el mes: 2025-08 generado correctamente.
[2025-08-08 03:45:31] Usuario: Martin Schonberger (Rol: Administrador) Acción: Calendario inicializado para el mes: 2025-08
[2025-08-08 03:45:40] Usuario: Martin Schonberger (Rol: Administrador) Acción: Calendario para el mes: 2025-08 generado correctamente.
[2025-08-08 03:45:40] Usuario: Martin Schonberger (Rol: Administrador) Acción: Evento agregado para la fecha: 2025-08-07
[2025-08-08 03:45:40] Usuario: Martin Schonberger (Rol: Administrador) Acción: Calendario para el mes: 2025-08 generado correctamente.
[2025-08-08 03:45:40] Usuario: Martin Schonberger (Rol: Administrador) Acción: Evento agregado para la fecha: 2025-08-13
[2025-08-08 03:45:40] Usuario: Martin Schonberger (Rol: Administrador) Acción: Calendario para el mes: 2025-08 generado correctamente.
[2025-08-08 03:45:40] Usuario: Martin Schonberger (Rol: Administrador) Acción: Evento editado correctamente para la fecha: 2025-08-13
[2025-08-08 03:46:25] Usuario: Martin Schonberger (Rol: Administrador) Acción: Calendario para el mes: 2025-08 generado correctamente.
[2025-08-08 03:46:25] Usuario: Martin Schonberger (Rol: Administrador) Acción: Evento agregado para la fecha: 2025-08-07
[2025-08-08 03:46:25] Usuario: Martin Schonberger (Rol: Administrador) Acción: Calendario para el mes: 2025-08 generado correctamente.
[2025-08-08 03:46:25] Usuario: Martin Schonberger (Rol: Administrador) Acción: Evento agregado para la fecha: 2025-08-13
[2025-08-08 03:46:25] Usuario: Martin Schonberger (Rol: Administrador) Acción: Calendario para el mes: 2025-08 generado correctamente.
[2025-08-08 03:46:25] Usuario: Martin Schonberger (Rol: Administrador) Acción: Evento editado correctamente para la fecha: 2025-08-13
[2025-08-08 03:46:32] Usuario: Martin Schonberger (Rol: Administrador) Acción: Calendario para el mes: 2025-08 generado correctamente.
[2025-08-08 03:46:32] Usuario: Martin Schonberger (Rol: Administrador) Acción: Evento agregado para la fecha: 2025-08-07
[2025-08-08 03:46:32] Usuario: Martin Schonberger (Rol: Administrador) Acción: Calendario para el mes: 2025-08 generado correctamente.
[2025-08-08 03:46:32] Usuario: Martin Schonberger (Rol: Administrador) Acción: Evento agregado para la fecha: 2025-08-13
[2025-08-08 03:46:32] Usuario: Martin Schonberger (Rol: Administrador) Acción: Calendario para el mes: 2025-08 generado correctamente.
[2025-08-08 03:46:32] Usuario: Martin Schonberger (Rol: Administrador) Acción: Evento editado correctamente para la fecha: 2025-08-13
[2025-08-08 03:57:24] Usuario: Martin Schonberger (Rol: Administrador) Acción: El usuario ha iniciado sesión.
[2025-08-08 03:57:25] Usuario: Martin Schonberger (Rol: Administrador) Acción: Accedió a la sección de Eventos
[2025-08-08 03:57:25] Usuario: Martin Schonberger (Rol: Administrador) Acción: Calendario para el mes: 2025-08 generado correctamente.
[2025-08-08 03:57:25] Usuario: Martin Schonberger (Rol: Administrador) Acción: Evento agregado para la fecha: 2025-08-07
[2025-08-08 03:57:25] Usuario: Martin Schonberger (Rol: Administrador) Acción: Calendario para el mes: 2025-08 generado correctamente.
[2025-08-08 03:57:25] Usuario: Martin Schonberger (Rol: Administrador) Acción: Evento agregado para la fecha: 2025-08-13
[2025-08-08 03:57:25] Usuario: Martin Schonberger (Rol: Administrador) Acción: Calendario para el mes: 2025-08 generado correctamente.
[2025-08-08 03:57:25] Usuario: Martin Schonberger (Rol: Administrador) Acción: Calendario para el mes: 2025-08 generado correctamente.
[2025-08-08 03:57:25] Usuario: Martin Schonberger (Rol: Administrador) Acción: Calendario inicializado para el mes: 2025-08
[2025-08-08 03:57:38] Usuario: Martin Schonberger (Rol: Administrador) Acción: Evento actualizado: Cumpleaños Juan para la fecha 2025-08-13
[2025-08-08 03:57:39] Usuario: Martin Schonberger (Rol: Administrador) Acción: Calendario para el mes: 2025-08 generado correctamente.
[2025-08-08 03:57:39] Usuario: Martin Schonberger (Rol: Administrador) Acción: Evento agregado para la fecha: 2025-08-07
[2025-08-08 03:57:39] Usuario: Martin Schonberger (Rol: Administrador) Acción: Calendario para el mes: 2025-08 generado correctamente.
[2025-08-08 03:57:39] Usuario: Martin Schonberger (Rol: Administrador) Acción: Evento agregado para la fecha: 2025-08-13
[2025-08-08 03:57:39] Usuario: Martin Schonberger (Rol: Administrador) Acción: Calendario para el mes: 2025-08 generado correctamente.
[2025-08-08 03:57:39] Usuario: Martin Schonberger (Rol: Administrador) Acción: Evento editado correctamente para la fecha: 2025-08-13
[2025-08-08 04:09:15] Usuario: Martin Schonberger (Rol: Administrador) Acción: El usuario ha iniciado sesión.
[2025-08-08 04:09:17] Usuario: Martin Schonberger (Rol: Administrador) Acción: Accedió a la sección de Eventos
[2025-08-08 04:09:17] Usuario: Martin Schonberger (Rol: Administrador) Acción: Calendario para el mes: 2025-08 generado correctamente.
[2025-08-08 04:09:17] Usuario: Martin Schonberger (Rol: Administrador) Acción: Evento agregado para la fecha: 2025-08-07
[2025-08-08 04:09:17] Usuario: Martin Schonberger (Rol: Administrador) Acción: Calendario para el mes: 2025-08 generado correctamente.
[2025-08-08 04:09:17] Usuario: Martin Schonberger (Rol: Administrador) Acción: Evento agregado para la fecha: 2025-08-13
[2025-08-08 04:09:17] Usuario: Martin Schonberger (Rol: Administrador) Acción: Calendario para el mes: 2025-08 generado correctamente.
[2025-08-08 04:09:17] Usuario: Martin Schonberger (Rol: Administrador) Acción: Calendario para el mes: 2025-08 generado correctamente.
[2025-08-08 04:09:17] Usuario: Martin Schonberger (Rol: Administrador) Acción: Calendario inicializado para el mes: 2025-08
[2025-08-08 04:09:28] Usuario: Martin Schonberger (Rol: Administrador) Acción: Evento actualizado: Cumpleaños Juan para la fecha 2025-08-13
[2025-08-08 04:09:30] Usuario: Martin Schonberger (Rol: Administrador) Acción: Calendario para el mes: 2025-08 generado correctamente.
[2025-08-08 04:09:30] Usuario: Martin Schonberger (Rol: Administrador) Acción: Evento agregado para la fecha: 2025-08-07
[2025-08-08 04:09:30] Usuario: Martin Schonberger (Rol: Administrador) Acción: Calendario para el mes: 2025-08 generado correctamente.
[2025-08-08 04:09:30] Usuario: Martin Schonberger (Rol: Administrador) Acción: Evento agregado para la fecha: 2025-08-13
[2025-08-08 04:09:30] Usuario: Martin Schonberger (Rol: Administrador) Acción: Calendario para el mes: 2025-08 generado correctamente.
[2025-08-08 04:09:30] Usuario: Martin Schonberger (Rol: Administrador) Acción: Evento editado correctamente para la fecha: 2025-08-13
[2025-08-08 04:37:37] Usuario: Martin Schonberger (Rol: Administrador) Acción: El usuario ha iniciado sesión.
[2025-08-08 04:37:38] Usuario: Martin Schonberger (Rol: Administrador) Acción: Accedió a la sección de Eventos
[2025-08-08 04:37:38] Usuario: Martin Schonberger (Rol: Administrador) Acción: Calendario para el mes: 2025-08 generado correctamente.
[2025-08-08 04:37:38] Usuario: Martin Schonberger (Rol: Administrador) Acción: Evento agregado para la fecha: 2025-08-07
[2025-08-08 04:37:38] Usuario: Martin Schonberger (Rol: Administrador) Acción: Calendario para el mes: 2025-08 generado correctamente.
[2025-08-08 04:37:38] Usuario: Martin Schonberger (Rol: Administrador) Acción: Evento agregado para la fecha: 2025-08-13
[2025-08-08 04:37:38] Usuario: Martin Schonberger (Rol: Administrador) Acción: Calendario para el mes: 2025-08 generado correctamente.
[2025-08-08 04:37:38] Usuario: Martin Schonberger (Rol: Administrador) Acción: Calendario para el mes: 2025-08 generado correctamente.
[2025-08-08 04:37:38] Usuario: Martin Schonberger (Rol: Administrador) Acción: Calendario inicializado para el mes: 2025-08
[2025-08-08 04:38:07] Usuario: Martin Schonberger (Rol: Administrador) Acción: Evento actualizado: Cumpleaños Juan para la fecha 2025-08-13
[2025-08-08 04:38:08] Usuario: Martin Schonberger (Rol: Administrador) Acción: Calendario para el mes: 2025-08 generado correctamente.
[2025-08-08 04:38:08] Usuario: Martin Schonberger (Rol: Administrador) Acción: Evento agregado para la fecha: 2025-08-07
[2025-08-08 04:38:08] Usuario: Martin Schonberger (Rol: Administrador) Acción: Calendario para el mes: 2025-08 generado correctamente.
[2025-08-08 04:38:08] Usuario: Martin Schonberger (Rol: Administrador) Acción: Evento agregado para la fecha: 2025-08-13
[2025-08-08 04:38:08] Usuario: Martin Schonberger (Rol: Administrador) Acción: Calendario para el mes: 2025-08 generado correctamente.
[2025-08-08 04:38:08] Usuario: Martin Schonberger (Rol: Administrador) Acción: Evento editado correctamente para la fecha: 2025-08-13
[2025-08-08 04:56:04] Usuario: Martin Schonberger (Rol: Administrador) Acción: El usuario ha iniciado sesión.
[2025-08-08 04:56:05] Usuario: Martin Schonberger (Rol: Administrador) Acción: Accedió a la sección de Eventos
[2025-08-08 04:56:05] Usuario: Martin Schonberger (Rol: Administrador) Acción: Calendario para el mes: 2025-08 generado correctamente.
[2025-08-08 04:56:05] Usuario: Martin Schonberger (Rol: Administrador) Acción: Evento agregado para la fecha: 2025-08-07
[2025-08-08 04:56:05] Usuario: Martin Schonberger (Rol: Administrador) Acción: Calendario para el mes: 2025-08 generado correctamente.
[2025-08-08 04:56:05] Usuario: Martin Schonberger (Rol: Administrador) Acción: Evento agregado para la fecha: 2025-08-13
[2025-08-08 04:56:05] Usuario: Martin Schonberger (Rol: Administrador) Acción: Calendario para el mes: 2025-08 generado correctamente.
[2025-08-08 04:56:05] Usuario: Martin Schonberger (Rol: Administrador) Acción: Calendario para el mes: 2025-08 generado correctamente.
[2025-08-08 04:56:05] Usuario: Martin Schonberger (Rol: Administrador) Acción: Calendario inicializado para el mes: 2025-08
[2025-08-08 04:56:21] Usuario: Martin Schonberger (Rol: Administrador) Acción: Evento actualizado: Cumpleaños Juan para la fecha 2025-08-13
[2025-08-08 04:56:22] Usuario: Martin Schonberger (Rol: Administrador) Acción: Calendario para el mes: 2025-08 generado correctamente.
[2025-08-08 04:56:22] Usuario: Martin Schonberger (Rol: Administrador) Acción: Evento agregado para la fecha: 2025-08-07
[2025-08-08 04:56:22] Usuario: Martin Schonberger (Rol: Administrador) Acción: Calendario para el mes: 2025-08 generado correctamente.
[2025-08-08 04:56:22] Usuario: Martin Schonberger (Rol: Administrador) Acción: Evento agregado para la fecha: 2025-08-13
[2025-08-08 04:56:22] Usuario: Martin Schonberger (Rol: Administrador) Acción: Calendario para el mes: 2025-08 generado correctamente.
[2025-08-08 04:56:22] Usuario: Martin Schonberger (Rol: Administrador) Acción: Evento editado correctamente para la fecha: 2025-08-13
[2025-08-08 05:04:08] Usuario: Martin Schonberger (Rol: Administrador) Acción: El usuario ha iniciado sesión.
[2025-08-08 05:04:09] Usuario: Martin Schonberger (Rol: Administrador) Acción: Accedió a la sección de Eventos
[2025-08-08 05:04:09] Usuario: Martin Schonberger (Rol: Administrador) Acción: Calendario para el mes: 2025-08 generado correctamente.
[2025-08-08 05:04:09] Usuario: Martin Schonberger (Rol: Administrador) Acción: Evento agregado para la fecha: 2025-08-07
[2025-08-08 05:04:09] Usuario: Martin Schonberger (Rol: Administrador) Acción: Calendario para el mes: 2025-08 generado correctamente.
[2025-08-08 05:04:09] Usuario: Martin Schonberger (Rol: Administrador) Acción: Evento agregado para la fecha: 2025-08-13
[2025-08-08 05:04:09] Usuario: Martin Schonberger (Rol: Administrador) Acción: Calendario para el mes: 2025-08 generado correctamente.
[2025-08-08 05:04:09] Usuario: Martin Schonberger (Rol: Administrador) Acción: Calendario para el mes: 2025-08 generado correctamente.
[2025-08-08 05:04:09] Usuario: Martin Schonberger (Rol: Administrador) Acción: Calendario inicializado para el mes: 2025-08
[2025-08-08 05:04:20] Usuario: Martin Schonberger (Rol: Administrador) Acción: Evento actualizado: Cumpleaños Juan para la fecha 2025-08-13
[2025-08-08 05:04:21] Usuario: Martin Schonberger (Rol: Administrador) Acción: Calendario para el mes: 2025-08 generado correctamente.
[2025-08-08 05:04:21] Usuario: Martin Schonberger (Rol: Administrador) Acción: Evento agregado para la fecha: 2025-08-07
[2025-08-08 05:04:21] Usuario: Martin Schonberger (Rol: Administrador) Acción: Calendario para el mes: 2025-08 generado correctamente.
[2025-08-08 05:04:21] Usuario: Martin Schonberger (Rol: Administrador) Acción: Evento agregado para la fecha: 2025-08-13
[2025-08-08 05:04:21] Usuario: Martin Schonberger (Rol: Administrador) Acción: Calendario para el mes: 2025-08 generado correctamente.
[2025-08-08 05:04:21] Usuario: Martin Schonberger (Rol: Administrador) Acción: Evento editado correctamente para la fecha: 2025-08-13
[2025-08-08 05:05:15] Usuario: Martin Schonberger (Rol: Administrador) Acción: Evento actualizado: Cumpleaños Juan para la fecha 2025-08-14
[2025-08-08 05:05:17] Usuario: Martin Schonberger (Rol: Administrador) Acción: Calendario para el mes: 2025-08 generado correctamente.
[2025-08-08 05:05:17] Usuario: Martin Schonberger (Rol: Administrador) Acción: Evento agregado para la fecha: 2025-08-07
[2025-08-08 05:05:17] Usuario: Martin Schonberger (Rol: Administrador) Acción: Calendario para el mes: 2025-08 generado correctamente.
[2025-08-08 05:05:17] Usuario: Martin Schonberger (Rol: Administrador) Acción: Evento agregado para la fecha: 2025-08-14
[2025-08-08 05:05:17] Usuario: Martin Schonberger (Rol: Administrador) Acción: Calendario para el mes: 2025-08 generado correctamente.
[2025-08-08 05:05:17] Usuario: Martin Schonberger (Rol: Administrador) Acción: Evento editado correctamente para la fecha: 2025-08-14
[2025-08-08 05:07:54] Usuario: Martin Schonberger (Rol: Administrador) Acción: Evento actualizado: Cumpleaños Juan para la fecha 2025-08-14
[2025-08-08 05:07:57] Usuario: Martin Schonberger (Rol: Administrador) Acción: Calendario para el mes: 2025-08 generado correctamente.
[2025-08-08 05:07:57] Usuario: Martin Schonberger (Rol: Administrador) Acción: Evento agregado para la fecha: 2025-08-07
[2025-08-08 05:07:57] Usuario: Martin Schonberger (Rol: Administrador) Acción: Calendario para el mes: 2025-08 generado correctamente.
[2025-08-08 05:07:57] Usuario: Martin Schonberger (Rol: Administrador) Acción: Evento agregado para la fecha: 2025-08-14
[2025-08-08 05:07:57] Usuario: Martin Schonberger (Rol: Administrador) Acción: Calendario para el mes: 2025-08 generado correctamente.
[2025-08-08 05:07:57] Usuario: Martin Schonberger (Rol: Administrador) Acción: Evento editado correctamente para la fecha: 2025-08-14
[2025-08-08 05:08:04] Usuario: Martin Schonberger (Rol: Administrador) Acción: Calendario para el mes: 2025-08 generado correctamente.
[2025-08-08 05:08:04] Usuario: Martin Schonberger (Rol: Administrador) Acción: Evento agregado para la fecha: 2025-08-07
[2025-08-08 05:08:04] Usuario: Martin Schonberger (Rol: Administrador) Acción: Calendario para el mes: 2025-08 generado correctamente.
[2025-08-08 05:08:04] Usuario: Martin Schonberger (Rol: Administrador) Acción: Evento agregado para la fecha: 2025-08-14
[2025-08-08 05:08:04] Usuario: Martin Schonberger (Rol: Administrador) Acción: Calendario para el mes: 2025-08 generado correctamente.
[2025-08-08 05:08:04] Usuario: Martin Schonberger (Rol: Administrador) Acción: Evento editado correctamente para la fecha: 2025-08-14
[2025-08-08 05:20:26] Usuario: Martin Schonberger (Rol: Administrador) Acción: El usuario ha iniciado sesión.
[2025-08-08 05:20:28] Usuario: Martin Schonberger (Rol: Administrador) Acción: Accedió a la sección de Eventos
[2025-08-08 05:20:28] Usuario: Martin Schonberger (Rol: Administrador) Acción: Calendario para el mes: 2025-08 generado correctamente.
[2025-08-08 05:20:28] Usuario: Martin Schonberger (Rol: Administrador) Acción: Evento agregado para la fecha: 2025-08-07
[2025-08-08 05:20:28] Usuario: Martin Schonberger (Rol: Administrador) Acción: Calendario para el mes: 2025-08 generado correctamente.
[2025-08-08 05:20:28] Usuario: Martin Schonberger (Rol: Administrador) Acción: Evento agregado para la fecha: 2025-08-14
[2025-08-08 05:20:28] Usuario: Martin Schonberger (Rol: Administrador) Acción: Calendario para el mes: 2025-08 generado correctamente.
[2025-08-08 05:20:28] Usuario: Martin Schonberger (Rol: Administrador) Acción: Calendario para el mes: 2025-08 generado correctamente.
[2025-08-08 05:20:28] Usuario: Martin Schonberger (Rol: Administrador) Acción: Calendario inicializado para el mes: 2025-08
[2025-08-08 05:20:49] Usuario: Martin Schonberger (Rol: Administrador) Acción: Evento actualizado: Cumpleaños Juan para la fecha 2025-08-14
[2025-08-08 05:20:49] Usuario: Martin Schonberger (Rol: Administrador) Acción: Calendario para el mes: 2025-08 generado correctamente.
[2025-08-08 05:20:49] Usuario: Martin Schonberger (Rol: Administrador) Acción: Evento agregado para la fecha: 2025-08-07
[2025-08-08 05:20:49] Usuario: Martin Schonberger (Rol: Administrador) Acción: Calendario para el mes: 2025-08 generado correctamente.
[2025-08-08 05:20:49] Usuario: Martin Schonberger (Rol: Administrador) Acción: Evento agregado para la fecha: 2025-08-14
[2025-08-08 05:20:49] Usuario: Martin Schonberger (Rol: Administrador) Acción: Calendario para el mes: 2025-08 generado correctamente.
[2025-08-08 05:20:49] Usuario: Martin Schonberger (Rol: Administrador) Acción: Evento editado correctamente para la fecha: 2025-08-14
[2025-08-08 05:25:11] Usuario: Martin Schonberger (Rol: Administrador) Acción: El usuario ha iniciado sesión.
[2025-08-08 05:25:14] Usuario: Martin Schonberger (Rol: Administrador) Acción: Accedió a la sección de Productos
[2025-08-08 05:26:03] Usuario: null (Rol: Sin rol) Acción: Intento de login fallido: contraseña incorrecta (DNI: 44280200)
[2025-08-08 05:26:06] Usuario: Martin Schonberger (Rol: Administrador) Acción: El usuario ha iniciado sesión.
[2025-08-08 05:26:08] Usuario: Martin Schonberger (Rol: Administrador) Acción: Accedió a la sección de Productos
[2025-08-08 05:26:15] Usuario: Martin Schonberger (Rol: Administrador) Acción: Producto modificado: Torta de chocolate (ID: 1)
[2025-08-08 05:26:15] Usuario: Martin Schonberger (Rol: Administrador) Acción: Producto modificado: Torta de chocolate
[2025-08-08 05:26:23] Usuario: Martin Schonberger (Rol: Administrador) Acción: Producto modificado: Torta de chocolate (ID: 1)
[2025-08-08 05:26:23] Usuario: Martin Schonberger (Rol: Administrador) Acción: Producto modificado: Torta de chocolate
[2025-08-08 05:26:24] Usuario: Martin Schonberger (Rol: Administrador) Acción: El usuario ha iniciado sesión.
[2025-08-08 05:26:24] Usuario: Martin Schonberger (Rol: Administrador) Acción: El usuario regresó al menú principal desde la pantalla de Productos.
[2025-08-08 05:26:27] Usuario: Martin Schonberger (Rol: Administrador) Acción: Accedió a la sección de Eventos
[2025-08-08 05:26:27] Usuario: Martin Schonberger (Rol: Administrador) Acción: Calendario para el mes: 2025-08 generado correctamente.
[2025-08-08 05:26:27] Usuario: Martin Schonberger (Rol: Administrador) Acción: Evento agregado para la fecha: 2025-08-07
[2025-08-08 05:26:27] Usuario: Martin Schonberger (Rol: Administrador) Acción: Calendario para el mes: 2025-08 generado correctamente.
[2025-08-08 05:26:27] Usuario: Martin Schonberger (Rol: Administrador) Acción: Evento agregado para la fecha: 2025-08-14
[2025-08-08 05:26:27] Usuario: Martin Schonberger (Rol: Administrador) Acción: Calendario para el mes: 2025-08 generado correctamente.
[2025-08-08 05:26:27] Usuario: Martin Schonberger (Rol: Administrador) Acción: Calendario para el mes: 2025-08 generado correctamente.
[2025-08-08 05:26:27] Usuario: Martin Schonberger (Rol: Administrador) Acción: Calendario inicializado para el mes: 2025-08
[2025-08-08 05:26:29] Usuario: Martin Schonberger (Rol: Administrador) Acción: El usuario ha iniciado sesión.
[2025-08-08 05:26:29] Usuario: Martin Schonberger (Rol: Administrador) Acción: El usuario volvió al menú principal.
[2025-08-08 14:38:19] Usuario: Martin Schonberger (Rol: Administrador) Acción: El usuario ha iniciado sesión.
[2025-08-08 14:38:27] Usuario: Martin Schonberger (Rol: Administrador) Acción: Accedió a la sección de Eventos
[2025-08-08 14:38:27] Usuario: Martin Schonberger (Rol: Administrador) Acción: Calendario para el mes: 2025-08 generado correctamente.
[2025-08-08 14:38:27] Usuario: Martin Schonberger (Rol: Administrador) Acción: Evento agregado para la fecha: 2025-08-07
[2025-08-08 14:38:27] Usuario: Martin Schonberger (Rol: Administrador) Acción: Calendario para el mes: 2025-08 generado correctamente.
[2025-08-08 14:38:27] Usuario: Martin Schonberger (Rol: Administrador) Acción: Evento agregado para la fecha: 2025-08-14
[2025-08-08 14:38:27] Usuario: Martin Schonberger (Rol: Administrador) Acción: Calendario para el mes: 2025-08 generado correctamente.
[2025-08-08 14:38:27] Usuario: Martin Schonberger (Rol: Administrador) Acción: Calendario para el mes: 2025-08 generado correctamente.
[2025-08-08 14:38:27] Usuario: Martin Schonberger (Rol: Administrador) Acción: Calendario inicializado para el mes: 2025-08
[2025-08-08 14:38:43] Usuario: Martin Schonberger (Rol: Administrador) Acción: Calendario para el mes: 2025-08 generado correctamente.
[2025-08-08 14:38:43] Usuario: Martin Schonberger (Rol: Administrador) Acción: Evento agregado para la fecha: 2025-08-07
[2025-08-08 14:38:43] Usuario: Martin Schonberger (Rol: Administrador) Acción: Calendario para el mes: 2025-08 generado correctamente.
[2025-08-08 14:38:43] Usuario: Martin Schonberger (Rol: Administrador) Acción: Evento agregado para la fecha: 2025-08-14
[2025-08-08 14:38:43] Usuario: Martin Schonberger (Rol: Administrador) Acción: Calendario para el mes: 2025-08 generado correctamente.
[2025-08-08 14:38:43] Usuario: Martin Schonberger (Rol: Administrador) Acción: Evento editado correctamente para la fecha: 2025-08-14
[2025-08-08 14:38:55] Usuario: Martin Schonberger (Rol: Administrador) Acción: El usuario ha iniciado sesión.
[2025-08-08 14:38:55] Usuario: Martin Schonberger (Rol: Administrador) Acción: El usuario volvió al menú principal.
[2025-08-08 14:39:50] Usuario: Martin Schonberger (Rol: Administrador) Acción: Accedió a la sección de Eventos
[2025-08-08 14:39:50] Usuario: Martin Schonberger (Rol: Administrador) Acción: Calendario para el mes: 2025-08 generado correctamente.
[2025-08-08 14:39:50] Usuario: Martin Schonberger (Rol: Administrador) Acción: Evento agregado para la fecha: 2025-08-07
[2025-08-08 14:39:50] Usuario: Martin Schonberger (Rol: Administrador) Acción: Calendario para el mes: 2025-08 generado correctamente.
[2025-08-08 14:39:50] Usuario: Martin Schonberger (Rol: Administrador) Acción: Evento agregado para la fecha: 2025-08-14
[2025-08-08 14:39:50] Usuario: Martin Schonberger (Rol: Administrador) Acción: Calendario para el mes: 2025-08 generado correctamente.
[2025-08-08 14:39:50] Usuario: Martin Schonberger (Rol: Administrador) Acción: Calendario para el mes: 2025-08 generado correctamente.
[2025-08-08 14:39:50] Usuario: Martin Schonberger (Rol: Administrador) Acción: Calendario inicializado para el mes: 2025-08
[2025-08-08 14:39:59] Usuario: Martin Schonberger (Rol: Administrador) Acción: Evento actualizado: Cumpleaños Juan para la fecha 2025-08-14
[2025-08-08 14:39:59] Usuario: Martin Schonberger (Rol: Administrador) Acción: Calendario para el mes: 2025-08 generado correctamente.
[2025-08-08 14:39:59] Usuario: Martin Schonberger (Rol: Administrador) Acción: Evento agregado para la fecha: 2025-08-07
[2025-08-08 14:39:59] Usuario: Martin Schonberger (Rol: Administrador) Acción: Calendario para el mes: 2025-08 generado correctamente.
[2025-08-08 14:39:59] Usuario: Martin Schonberger (Rol: Administrador) Acción: Evento agregado para la fecha: 2025-08-14
[2025-08-08 14:39:59] Usuario: Martin Schonberger (Rol: Administrador) Acción: Calendario para el mes: 2025-08 generado correctamente.
[2025-08-08 14:39:59] Usuario: Martin Schonberger (Rol: Administrador) Acción: Evento editado correctamente para la fecha: 2025-08-14
[2025-08-08 15:14:44] Usuario: Martin Schonberger (Rol: Administrador) Acción: El usuario ha iniciado sesión.
[2025-08-08 15:14:47] Usuario: Martin Schonberger (Rol: Administrador) Acción: El usuario accedió a la sección de Configuración
[2025-08-08 15:15:08] Usuario: Martin Schonberger (Rol: Administrador) Acción: El usuario accedió a la pantalla de gestión de roles.
[2025-08-08 15:15:08] Usuario: Martin Schonberger (Rol: Administrador) Acción: Roles cargados desde la base de datos: 3 roles disponibles.
[2025-08-08 15:15:08] Usuario: Martin Schonberger (Rol: Administrador) Acción: No se seleccionó ningún rol. Los permisos han sido deshabilitados.
[2025-08-08 15:15:08] Usuario: Martin Schonberger (Rol: Administrador) Acción: El usuario accedió a la ventana de control de roles y permisos para gestionar los privilegios de los usuarios.
[2025-08-08 15:15:09] Usuario: Martin Schonberger (Rol: Administrador) Acción: El usuario abrió la ventana de gestión de clientes para administrar la información de los clientes.
[2025-08-08 15:15:14] Usuario: Martin Schonberger (Rol: Administrador) Acción: El usuario ha iniciado sesión.
[2025-08-08 15:15:14] Usuario: Martin Schonberger (Rol: Administrador) Acción: El usuario regresó al menú principal.
