[2025-08-04 00:03:10] Usuario: Juan Lopez (Rol: Administrador) Acción: El usuario ha iniciado sesión.
[2025-08-04 00:08:33] Usuario: Juan Lopez (Rol: Administrador) Acción: El usuario ha iniciado sesión.
[2025-08-04 00:10:18] Usuario: Juan Lopez (Rol: Administrador) Acción: El usuario accedió a la sección de Configuración
[2025-08-04 00:10:22] Usuario: Juan Lopez (Rol: Administrador) Acción: El usuario abrió la ventana de gestión de insumos para supervisar y registrar los ingredientes en stock.
[2025-08-04 00:12:56] Usuario: Juan Lopez (Rol: Administrador) Acción: El usuario modificó el insumo del catálogo: FRUTILLAS
[2025-08-04 00:13:17] Usuario: Juan Lopez (Rol: Administrador) Acción: Operación de insumo cancelada.
[2025-08-04 00:13:29] Usuario: Juan Lopez (Rol: Administrador) Acción: El usuario agregó un nuevo insumo al catálogo.
[2025-08-04 00:13:54] Usuario: Juan Lopez (Rol: Administrador) Acción: CatalogoInsumo HUEVO creado con éxito.
[2025-08-04 00:13:57] Usuario: Juan Lopez (Rol: Administrador) Acción: El usuario eliminó el insumo del catálogo: HUEVO
[2025-08-04 00:17:04] Usuario: Juan Lopez (Rol: Administrador) Acción: El usuario ha iniciado sesión.
[2025-08-04 00:17:04] Usuario: Juan Lopez (Rol: Administrador) Acción: El usuario regresó al menú principal.
[2025-08-04 00:17:05] Usuario: Juan Lopez (Rol: Administrador) Acción: Accedió a la sección de Stock
[2025-08-04 00:22:36] Usuario: Juan Lopez (Rol: Administrador) Acción: El usuario ha iniciado sesión.
[2025-08-04 00:22:36] Usuario: Juan Lopez (Rol: Administrador) Acción: El usuario regresó al menú principal.
[2025-08-04 00:22:41] Usuario: Juan Lopez (Rol: Administrador) Acción: Accedió a la sección de Proveedores
[2025-08-04 00:23:51] Usuario: Juan Lopez (Rol: Administrador) Acción: El usuario accedió al formulario para modificar el proveedor: El campo
[2025-08-04 00:24:48] Usuario: Juan Lopez (Rol: Administrador) Acción: Proveedor guardado: El campo
[2025-08-04 00:24:52] Usuario: Juan Lopez (Rol: Administrador) Acción: El usuario ha iniciado sesión.
[2025-08-04 00:24:52] Usuario: Juan Lopez (Rol: Administrador) Acción: El usuario volvió al menú principal.
[2025-08-04 00:24:54] Usuario: Juan Lopez (Rol: Administrador) Acción: Accedió a la sección de Proveedores
[2025-08-04 00:24:57] Usuario: Juan Lopez (Rol: Administrador) Acción: El usuario accedió al formulario para modificar el proveedor: El campo
[2025-08-04 00:25:18] Usuario: Juan Lopez (Rol: Administrador) Acción: El usuario accedió al formulario para modificar el proveedor: El campo
[2025-08-04 00:25:45] Usuario: Juan Lopez (Rol: Administrador) Acción: Proveedor guardado: El campo
[2025-08-04 00:28:28] Usuario: Juan Lopez (Rol: Administrador) Acción: El usuario accedió al formulario para crear un proveedor.
[2025-08-04 00:29:51] Usuario: Juan Lopez (Rol: Administrador) Acción: El usuario accedió al formulario para crear un proveedor.
[2025-08-04 00:30:46] Usuario: Juan Lopez (Rol: Administrador) Acción: El usuario ha iniciado sesión.
[2025-08-04 00:30:46] Usuario: Juan Lopez (Rol: Administrador) Acción: El usuario volvió al menú principal.
[2025-08-04 00:30:47] Usuario: Juan Lopez (Rol: Administrador) Acción: Accedió a la sección de Proveedores
[2025-08-04 00:47:08] Usuario: Juan Lopez (Rol: Administrador) Acción: El usuario accedió al formulario para crear un proveedor.
[2025-08-04 00:47:11] Usuario: Juan Lopez (Rol: Administrador) Acción: El usuario ha iniciado sesión.
[2025-08-04 00:47:11] Usuario: Juan Lopez (Rol: Administrador) Acción: El usuario volvió al menú principal.
[2025-08-04 00:47:12] Usuario: Juan Lopez (Rol: Administrador) Acción: Accedió a la sección de Stock
[2025-08-04 00:47:14] Usuario: Juan Lopez (Rol: Administrador) Acción: El usuario abrió el formulario para agregar un nuevo insumo.
[2025-08-04 00:56:00] Usuario: Juan Lopez (Rol: Administrador) Acción: El usuario ha iniciado sesión.
[2025-08-04 00:56:00] Usuario: Juan Lopez (Rol: Administrador) Acción: El usuario regresó al menú principal.
[2025-08-04 00:58:18] Usuario: Juan Lopez (Rol: Administrador) Acción: El usuario accedió a la sección de Configuración
[2025-08-04 00:58:23] Usuario: Juan Lopez (Rol: Administrador) Acción: El usuario abrió el formulario para registrar un nuevo empleado en el sistema.
[2025-08-04 00:59:25] Usuario: Juan Lopez (Rol: Administrador) Acción: Empleado guardado: Sofia Lopez
[2025-08-04 01:00:33] Usuario: Juan Lopez (Rol: Administrador) Acción: El usuario ha iniciado sesión.
[2025-08-04 01:00:34] Usuario: Juan Lopez (Rol: Administrador) Acción: El usuario regresó al menú principal.
[2025-08-04 01:00:35] Usuario: Juan Lopez (Rol: Administrador) Acción: Accedió a la sección de Proveedores
[2025-08-04 01:00:39] Usuario: Juan Lopez (Rol: Administrador) Acción: El usuario accedió al formulario para crear un proveedor.
[2025-08-04 01:02:41] Usuario: Juan Lopez (Rol: Administrador) Acción: Proveedor guardado: Keps
[2025-08-04 01:02:44] Usuario: Juan Lopez (Rol: Administrador) Acción: El usuario ha iniciado sesión.
[2025-08-04 01:02:44] Usuario: Juan Lopez (Rol: Administrador) Acción: El usuario volvió al menú principal.
[2025-08-04 01:02:45] Usuario: Juan Lopez (Rol: Administrador) Acción: Accedió a la sección de Proveedores
[2025-08-04 01:03:56] Usuario: Juan Lopez (Rol: Administrador) Acción: El usuario ha iniciado sesión.
[2025-08-04 01:03:56] Usuario: Juan Lopez (Rol: Administrador) Acción: El usuario volvió al menú principal.
[2025-08-04 01:04:01] Usuario: Juan Lopez (Rol: Administrador) Acción: El usuario accedió a la sección de Configuración
[2025-08-04 01:04:07] Usuario: Juan Lopez (Rol: Administrador) Acción: El usuario abrió la ventana de gestión de insumos para supervisar y registrar los ingredientes en stock.
[2025-08-04 01:04:24] Usuario: Juan Lopez (Rol: Administrador) Acción: El usuario agregó un nuevo insumo al catálogo.
[2025-08-04 01:04:45] Usuario: Juan Lopez (Rol: Administrador) Acción: CatalogoInsumo AZUCAR NEGRA creado con éxito.
[2025-08-04 01:04:48] Usuario: Juan Lopez (Rol: Administrador) Acción: El usuario ha iniciado sesión.
[2025-08-04 01:04:48] Usuario: Juan Lopez (Rol: Administrador) Acción: El usuario regresó al menú principal.
[2025-08-04 01:04:59] Usuario: Juan Lopez (Rol: Administrador) Acción: Accedió a la sección de Stock
[2025-08-04 01:05:15] Usuario: Juan Lopez (Rol: Administrador) Acción: El usuario abrió el formulario para agregar un nuevo insumo.
[2025-08-04 01:06:46] Usuario: Juan Lopez (Rol: Administrador) Acción: El usuario guardó correctamente un insumo: AZUCAR NEGRA
[2025-08-04 01:06:48] Usuario: Juan Lopez (Rol: Administrador) Acción: El usuario ha iniciado sesión.
[2025-08-04 01:06:48] Usuario: Juan Lopez (Rol: Administrador) Acción: El usuario regresó al menú principal.
[2025-08-04 01:06:59] Usuario: Juan Lopez (Rol: Administrador) Acción: Accedió a la sección de Recetas
[2025-08-04 01:07:09] Usuario: Juan Lopez (Rol: Administrador) Acción: El usuario quiere modificar la receta: Receta Galletas de Vainilla
[2025-08-04 01:07:20] Usuario: Juan Lopez (Rol: Administrador) Acción: El usuario quiere modificar la receta: Muffins
[2025-08-04 01:09:11] Usuario: Juan Lopez (Rol: Administrador) Acción: Ingrediente agregado: AZUCAR NEGRA, Cantidad: 1 UNIDAD
[2025-08-04 01:09:13] Usuario: Juan Lopez (Rol: Administrador) Acción: Receta guardada: Muffins
[2025-08-04 01:10:18] Usuario: Juan Lopez (Rol: Administrador) Acción: El usuario regresó al menú principal desde la pantalla de gestión de recetas.
[2025-08-04 01:10:18] Usuario: Juan Lopez (Rol: Administrador) Acción: El usuario ha iniciado sesión.
[2025-08-04 01:10:20] Usuario: Juan Lopez (Rol: Administrador) Acción: Accedió a la sección de Productos
[2025-08-04 01:10:29] Usuario: Juan Lopez (Rol: Administrador) Acción: Producto agregado: Trufas de Chocolate
[2025-08-04 01:11:53] Usuario: Juan Lopez (Rol: Administrador) Acción: El usuario abrió la ventana de gestión de sabores.
[2025-08-04 01:12:20] Usuario: Juan Lopez (Rol: Administrador) Acción: El usuario seleccionó el sabor: Frutilla
[2025-08-04 01:12:22] Usuario: Juan Lopez (Rol: Administrador) Acción: El usuario seleccionó el sabor: Fresa
[2025-08-04 01:12:24] Usuario: Juan Lopez (Rol: Administrador) Acción: El usuario guardó los sabores seleccionados.
[2025-08-04 01:12:24] Usuario: Juan Lopez (Rol: Administrador) Acción: Sabores seleccionados para el producto: Cheescake
[2025-08-04 01:12:34] Usuario: Juan Lopez (Rol: Administrador) Acción: El usuario abrió la ventana de gestión de sabores.
[2025-08-04 01:12:36] Usuario: Juan Lopez (Rol: Administrador) Acción: El usuario seleccionó el sabor: Fresa
[2025-08-04 01:12:38] Usuario: Juan Lopez (Rol: Administrador) Acción: El usuario guardó los sabores seleccionados.
[2025-08-04 01:12:38] Usuario: Juan Lopez (Rol: Administrador) Acción: Sabores seleccionados para el producto: Cheescake
[2025-08-04 01:12:43] Usuario: Juan Lopez (Rol: Administrador) Acción: El usuario abrió la ventana de gestión de sabores.
[2025-08-04 01:13:39] Usuario: Juan Lopez (Rol: Administrador) Acción: El usuario canceló la selección de sabores.
[2025-08-04 01:13:39] Usuario: Juan Lopez (Rol: Administrador) Acción: Sabores seleccionados para el producto: Cheescake
[2025-08-04 11:59:15] Usuario: Lucas Gonzalez (Rol: Administrador) Acción: El usuario ha iniciado sesión.
[2025-08-04 11:59:19] Usuario: Lucas Gonzalez (Rol: Administrador) Acción: El usuario accedió a la sección de Configuración
[2025-08-04 11:59:23] Usuario: Lucas Gonzalez (Rol: Administrador) Acción: El usuario abrió el formulario para modificar los datos de un empleado existente.
[2025-08-04 11:59:34] Usuario: Lucas Gonzalez (Rol: Administrador) Acción: El usuario abrió el formulario para registrar un nuevo empleado en el sistema.
[2025-08-04 12:00:48] Usuario: Lucas Gonzalez (Rol: Administrador) Acción: Empleado guardado: Camila Gomez
[2025-08-04 12:00:50] Usuario: Lucas Gonzalez (Rol: Administrador) Acción: El usuario abrió el formulario para modificar los datos de un empleado existente.
[2025-08-04 12:01:10] Usuario: Lucas Gonzalez (Rol: Administrador) Acción: Empleado con DNI 11111111 actualizado exitosamente.
[2025-08-04 12:06:39] Usuario: Lucas Gonzalez (Rol: Administrador) Acción: El usuario abrió el formulario para registrar un nuevo empleado en el sistema.
[2025-08-04 12:07:39] Usuario: Lucas Gonzalez (Rol: Administrador) Acción: Empleado guardado: Pablo Perez
[2025-08-04 12:07:44] Usuario: Lucas Gonzalez (Rol: Administrador) Acción: El usuario abrió el formulario para modificar los datos de un empleado existente.
[2025-08-04 12:07:45] Usuario: Lucas Gonzalez (Rol: Administrador) Acción: El usuario abrió el formulario para eliminar un empleado del sistema.
[2025-08-04 12:07:52] Usuario: Lucas Gonzalez (Rol: Administrador) Acción: Empleado eliminado: Pablo Perez
[2025-08-04 12:15:42] Usuario: Lucas Gonzalez (Rol: Administrador) Acción: El usuario ha iniciado sesión.
[2025-08-04 12:15:42] Usuario: Lucas Gonzalez (Rol: Administrador) Acción: El usuario regresó al menú principal.
[2025-08-04 12:15:44] Usuario: Lucas Gonzalez (Rol: Administrador) Acción: Accedió a la sección de Proveedores
[2025-08-04 12:15:45] Usuario: Lucas Gonzalez (Rol: Administrador) Acción: El usuario accedió al formulario para crear un proveedor.
[2025-08-04 12:18:40] Usuario: Lucas Gonzalez (Rol: Administrador) Acción: Proveedor guardado: Insumos SA
[2025-08-04 12:18:42] Usuario: Lucas Gonzalez (Rol: Administrador) Acción: El usuario ha iniciado sesión.
[2025-08-04 12:18:42] Usuario: Lucas Gonzalez (Rol: Administrador) Acción: El usuario volvió al menú principal.
[2025-08-04 12:18:43] Usuario: Lucas Gonzalez (Rol: Administrador) Acción: Accedió a la sección de Proveedores
[2025-08-04 12:21:31] Usuario: Lucas Gonzalez (Rol: Administrador) Acción: El usuario ha iniciado sesión.
[2025-08-04 12:21:31] Usuario: Lucas Gonzalez (Rol: Administrador) Acción: El usuario volvió al menú principal.
[2025-08-04 12:21:33] Usuario: Lucas Gonzalez (Rol: Administrador) Acción: El usuario accedió a la sección de Configuración
[2025-08-04 12:21:38] Usuario: Lucas Gonzalez (Rol: Administrador) Acción: El usuario abrió el formulario para modificar los datos de un empleado existente.
[2025-08-04 12:21:53] Usuario: Lucas Gonzalez (Rol: Administrador) Acción: Empleado con DNI 11111111 actualizado exitosamente.
[2025-08-04 12:21:57] Usuario: Lucas Gonzalez (Rol: Administrador) Acción: El usuario ha iniciado sesión.
[2025-08-04 12:21:57] Usuario: Lucas Gonzalez (Rol: Administrador) Acción: El usuario regresó al menú principal.
[2025-08-04 12:28:45] Usuario: Lucas Gonzalez (Rol: Administrador) Acción: Accedió a la sección de Proveedores
[2025-08-04 12:28:53] Usuario: Lucas Gonzalez (Rol: Administrador) Acción: El usuario ha iniciado sesión.
[2025-08-04 12:28:53] Usuario: Lucas Gonzalez (Rol: Administrador) Acción: El usuario volvió al menú principal.
[2025-08-04 12:31:09] Usuario: Lucas Gonzalez (Rol: Administrador) Acción: Accedió a la sección de Proveedores
[2025-08-04 12:31:11] Usuario: Lucas Gonzalez (Rol: Administrador) Acción: El usuario accedió al formulario para modificar el proveedor: Insumos SA
[2025-08-04 12:31:18] Usuario: Lucas Gonzalez (Rol: Administrador) Acción: Proveedor guardado: Insumos SRL
[2025-08-04 12:31:19] Usuario: Lucas Gonzalez (Rol: Administrador) Acción: El usuario ha iniciado sesión.
[2025-08-04 12:31:19] Usuario: Lucas Gonzalez (Rol: Administrador) Acción: El usuario volvió al menú principal.
[2025-08-04 12:31:20] Usuario: Lucas Gonzalez (Rol: Administrador) Acción: Accedió a la sección de Proveedores
[2025-08-04 12:32:56] Usuario: Lucas Gonzalez (Rol: Administrador) Acción: El usuario ha iniciado sesión.
[2025-08-04 12:32:56] Usuario: Lucas Gonzalez (Rol: Administrador) Acción: El usuario volvió al menú principal.
[2025-08-04 12:34:19] Usuario: Lucas Gonzalez (Rol: Administrador) Acción: El usuario accedió a la sección de Configuración
[2025-08-04 12:34:23] Usuario: Lucas Gonzalez (Rol: Administrador) Acción: El usuario abrió el formulario para modificar los datos de un empleado existente.
[2025-08-04 12:41:50] Usuario: Lucas Gonzalez (Rol: Administrador) Acción: El usuario ha iniciado sesión.
[2025-08-04 12:41:54] Usuario: Lucas Gonzalez (Rol: Administrador) Acción: Accedió a la sección de Proveedores
[2025-08-04 12:41:56] Usuario: Lucas Gonzalez (Rol: Administrador) Acción: El usuario accedió al formulario para crear un proveedor.
[2025-08-04 12:45:16] Usuario: Lucas Gonzalez (Rol: Administrador) Acción: Proveedor guardado: Keps SRL
[2025-08-04 12:45:23] Usuario: Lucas Gonzalez (Rol: Administrador) Acción: El usuario accedió al formulario para modificar el proveedor: Keps SRL
[2025-08-04 12:45:28] Usuario: Lucas Gonzalez (Rol: Administrador) Acción: Proveedor guardado: Keps SA
[2025-08-04 12:45:30] Usuario: Lucas Gonzalez (Rol: Administrador) Acción: El usuario ha iniciado sesión.
[2025-08-04 12:45:30] Usuario: Lucas Gonzalez (Rol: Administrador) Acción: El usuario volvió al menú principal.
[2025-08-04 12:45:31] Usuario: Lucas Gonzalez (Rol: Administrador) Acción: Accedió a la sección de Proveedores
[2025-08-04 12:46:24] Usuario: Lucas Gonzalez (Rol: Administrador) Acción: El usuario ha iniciado sesión.
[2025-08-04 12:46:24] Usuario: Lucas Gonzalez (Rol: Administrador) Acción: El usuario volvió al menú principal.
[2025-08-04 12:46:26] Usuario: Lucas Gonzalez (Rol: Administrador) Acción: Accedió a la sección de Proveedores
[2025-08-04 12:52:45] Usuario: Lucas Gonzalez (Rol: Administrador) Acción: El usuario ha iniciado sesión.
[2025-08-04 12:53:45] Usuario: Lucas Gonzalez (Rol: Administrador) Acción: Accedió a la sección de Proveedores
[2025-08-04 12:53:48] Usuario: Lucas Gonzalez (Rol: Administrador) Acción: El usuario accedió al formulario para modificar el proveedor: Keps SRL
[2025-08-04 12:53:54] Usuario: Lucas Gonzalez (Rol: Administrador) Acción: Proveedor guardado: Keps SA
[2025-08-04 12:53:56] Usuario: Lucas Gonzalez (Rol: Administrador) Acción: El usuario ha iniciado sesión.
[2025-08-04 12:53:56] Usuario: Lucas Gonzalez (Rol: Administrador) Acción: El usuario volvió al menú principal.
[2025-08-04 12:53:57] Usuario: Lucas Gonzalez (Rol: Administrador) Acción: Accedió a la sección de Proveedores
[2025-08-04 12:58:00] Usuario: Lucas Gonzalez (Rol: Administrador) Acción: El usuario ha iniciado sesión.
[2025-08-04 12:58:01] Usuario: Lucas Gonzalez (Rol: Administrador) Acción: Accedió a la sección de Proveedores
[2025-08-04 12:58:04] Usuario: Lucas Gonzalez (Rol: Administrador) Acción: El usuario accedió al formulario para modificar el proveedor: Keps SRL
[2025-08-04 12:58:09] Usuario: Lucas Gonzalez (Rol: Administrador) Acción: Proveedor actualizado: Keps SA
[2025-08-04 12:58:15] Usuario: Lucas Gonzalez (Rol: Administrador) Acción: El usuario accedió al formulario para modificar el proveedor: Keps SA
[2025-08-04 12:58:26] Usuario: Lucas Gonzalez (Rol: Administrador) Acción: Proveedor actualizado: Keps SA
[2025-08-04 12:58:30] Usuario: Lucas Gonzalez (Rol: Administrador) Acción: El usuario ha iniciado sesión.
[2025-08-04 12:58:31] Usuario: Lucas Gonzalez (Rol: Administrador) Acción: El usuario volvió al menú principal.
