[2025-11-16 21:58:27] Usuario: Sofia Lopez (Rol: Administrador) Acción: El usuario ha iniciado sesión.
[2025-11-16 21:58:30] Usuario: Sofia Lopez (Rol: Administrador) Acción: El usuario accedió a la sección de Configuración
[2025-11-16 21:58:43] Usuario: Sofia Lopez (Rol: Administrador) Acción: El usuario abrió el formulario para modificar los datos de un empleado existente.
[2025-11-16 22:00:06] Usuario: Sofia Lopez (Rol: Administrador) Acción: Empleado con DNI 12345678 actualizado.
[2025-11-16 22:00:08] Usuario: Sofia Lopez (Rol: Administrador) Acción: El usuario abrió el formulario para modificar los datos de un empleado existente.
[2025-11-16 22:00:11] Usuario: Sofia Lopez (Rol: Administrador) Acción: El usuario abrió el formulario para registrar un nuevo empleado en el sistema.
[2025-11-16 22:01:38] Usuario: Sofia Lopez (Rol: Administrador) Acción: Empleado guardado: Lionel Perez
[2025-11-16 22:01:42] Usuario: Sofia Lopez (Rol: Administrador) Acción: El usuario abrió el formulario para registrar un nuevo empleado en el sistema.
[2025-11-16 22:02:43] Usuario: Sofia Lopez (Rol: Administrador) Acción: El usuario abrió el formulario para modificar los datos de un empleado existente.
[2025-11-16 22:03:11] Usuario: Sofia Lopez (Rol: Administrador) Acción: Empleado con DNI 39393939 actualizado.
[2025-11-16 22:04:13] Usuario: Sofia Lopez (Rol: Administrador) Acción: El usuario abrió el formulario para registrar un nuevo empleado en el sistema.
[2025-11-16 22:16:08] Usuario: Sofia Lopez (Rol: Administrador) Acción: Empleado guardado: Jose Gonzalez
[2025-11-16 22:16:35] Usuario: Sofia Lopez (Rol: Administrador) Acción: El usuario ha iniciado sesión.
[2025-11-16 22:16:35] Usuario: Sofia Lopez (Rol: Administrador) Acción: El usuario regresó al menú principal.
[2025-11-16 22:16:36] Usuario: Sofia Lopez (Rol: Administrador) Acción: Accedió a la sección de Pedidos
[2025-11-16 22:16:40] Usuario: Sofia Lopez (Rol: Administrador) Acción: El usuario ha iniciado sesión.
[2025-11-16 22:16:44] Usuario: Sofia Lopez (Rol: Administrador) Acción: El usuario accedió a la sección de Configuración
[2025-11-16 22:16:48] Usuario: Sofia Lopez (Rol: Administrador) Acción: El usuario abrió el formulario para modificar los datos de un empleado existente.
[2025-11-16 22:16:50] Usuario: Sofia Lopez (Rol: Administrador) Acción: El usuario abrió el formulario para eliminar un empleado del sistema.
[2025-11-16 22:17:12] Usuario: Sofia Lopez (Rol: Administrador) Acción: Empleado eliminado: Albaro Nicolas Benitez
[2025-11-16 22:17:14] Usuario: Sofia Lopez (Rol: Administrador) Acción: El usuario ha iniciado sesión.
[2025-11-16 22:17:14] Usuario: Sofia Lopez (Rol: Administrador) Acción: El usuario regresó al menú principal.
[2025-11-16 22:17:15] Usuario: Sofia Lopez (Rol: Administrador) Acción: Accedió a la sección de Pedidos
[2025-11-16 22:17:21] Usuario: Sofia Lopez (Rol: Administrador) Acción: El usuario ha iniciado sesión.
[2025-11-16 22:17:25] Usuario: Sofia Lopez (Rol: Administrador) Acción: Accedió a la sección de Pedidos
[2025-11-16 22:19:37] Usuario: Sofia Lopez (Rol: Administrador) Acción: Pedido cancelado por el usuario.
[2025-11-16 22:19:38] Usuario: Sofia Lopez (Rol: Administrador) Acción: El usuario ha iniciado sesión.
[2025-11-16 22:19:41] Usuario: Sofia Lopez (Rol: Administrador) Acción: El usuario accedió a la sección de Configuración
[2025-11-16 22:20:25] Usuario: Sofia Lopez (Rol: Administrador) Acción: El usuario ha iniciado sesión.
[2025-11-16 22:20:27] Usuario: Sofia Lopez (Rol: Administrador) Acción: Accedió a la sección de Pedidos
[2025-11-16 22:21:37] Usuario: Sofia Lopez (Rol: Administrador) Acción: El usuario ha iniciado sesión.
[2025-11-16 22:21:46] Usuario: Sofia Lopez (Rol: Administrador) Acción: El usuario accedió a la sección de Configuración
[2025-11-16 22:21:50] Usuario: Sofia Lopez (Rol: Administrador) Acción: El usuario abrió el formulario para eliminar un empleado del sistema.
[2025-11-16 22:21:56] Usuario: Sofia Lopez (Rol: Administrador) Acción: El usuario abrió el formulario para modificar los datos de un empleado existente.
[2025-11-16 22:22:27] Usuario: Sofia Lopez (Rol: Administrador) Acción: Empleado con DNI 44530421 actualizado.
[2025-11-16 22:22:33] Usuario: Sofia Lopez (Rol: Administrador) Acción: El usuario ha iniciado sesión.
[2025-11-16 22:22:33] Usuario: Sofia Lopez (Rol: Administrador) Acción: El usuario regresó al menú principal.
[2025-11-16 22:22:35] Usuario: Sofia Lopez (Rol: Administrador) Acción: Accedió a la sección de Pedidos
[2025-11-16 22:22:45] Usuario: Sofia Lopez (Rol: Administrador) Acción: El usuario ha iniciado sesión.
[2025-11-16 22:22:48] Usuario: Sofia Lopez (Rol: Administrador) Acción: El usuario accedió a la sección de Configuración
[2025-11-16 22:27:57] Usuario: Sofia Lopez (Rol: Administrador) Acción: El usuario ha iniciado sesión.
[2025-11-16 22:27:57] Usuario: Sofia Lopez (Rol: Administrador) Acción: El usuario regresó al menú principal.
[2025-11-16 22:28:02] Usuario: Sofia Lopez (Rol: Administrador) Acción: Accedió a la sección de Pedidos
[2025-11-16 22:28:09] Usuario: Sofia Lopez (Rol: Administrador) Acción: El usuario ha iniciado sesión.
