[2025-08-14 00:18:59] Usuario: Martin Schonberger (Rol: Administrador) Acción: El usuario ha iniciado sesión.
[2025-08-14 15:50:09] Usuario: Martin Schonberger (Rol: Administrador) Acción: Accedió a la sección de Pedidos
[2025-08-14 15:50:11] Usuario: Martin Schonberger (Rol: Administrador) Acción: El usuario ha iniciado sesión.
[2025-08-14 17:16:27] Usuario: Martin Schonberger (Rol: Administrador) Acción: El usuario ha iniciado sesión.
[2025-08-14 17:16:33] Usuario: Martin Schonberger (Rol: Administrador) Acción: Accedió a la sección de Pedidos
[2025-08-14 17:16:35] Usuario: Martin Schonberger (Rol: Administrador) Acción: El usuario ha iniciado sesión.
[2025-08-14 17:16:37] Usuario: Martin Schonberger (Rol: Administrador) Acción: Accedió a la sección de Estadísticas
[2025-08-14 17:16:40] Usuario: Martin Schonberger (Rol: Administrador) Acción: El usuario ha iniciado sesión.
[2025-08-14 17:16:43] Usuario: Martin Schonberger (Rol: Administrador) Acción: El usuario accedió a la sección de Ayuda
[2025-08-14 17:16:45] Usuario: Martin Schonberger (Rol: Administrador) Acción: El usuario regresó al menú principal desde la pantalla de Ayuda.
[2025-08-14 17:16:45] Usuario: Martin Schonberger (Rol: Administrador) Acción: El usuario ha iniciado sesión.
[2025-08-14 17:20:52] Usuario: Martin Schonberger (Rol: Administrador) Acción: Accedió a la sección de Recetas
[2025-08-14 17:20:54] Usuario: Martin Schonberger (Rol: Administrador) Acción: El usuario regresó al menú principal desde la pantalla de gestión de recetas.
[2025-08-14 17:20:54] Usuario: Martin Schonberger (Rol: Administrador) Acción: El usuario ha iniciado sesión.
[2025-08-14 17:20:56] Usuario: Martin Schonberger (Rol: Administrador) Acción: Accedió a la sección de Recetas
[2025-08-14 17:22:26] Usuario: Martin Schonberger (Rol: Administrador) Acción: El usuario regresó al menú principal desde la pantalla de gestión de recetas.
[2025-08-14 17:22:26] Usuario: Martin Schonberger (Rol: Administrador) Acción: El usuario ha iniciado sesión.
[2025-08-14 17:22:28] Usuario: Martin Schonberger (Rol: Administrador) Acción: Accedió a la sección de Recetas
[2025-08-14 17:22:33] Usuario: Martin Schonberger (Rol: Administrador) Acción: El usuario regresó al menú principal desde la pantalla de gestión de recetas.
[2025-08-14 17:22:33] Usuario: Martin Schonberger (Rol: Administrador) Acción: El usuario ha iniciado sesión.
[2025-08-14 17:22:39] Usuario: Martin Schonberger (Rol: Administrador) Acción: Accedió a la sección de Recetas
[2025-08-14 17:32:15] Usuario: Martin Schonberger (Rol: Administrador) Acción: El usuario ha iniciado sesión.
[2025-08-14 17:32:17] Usuario: Martin Schonberger (Rol: Administrador) Acción: Accedió a la sección de Recetas
[2025-08-14 17:32:19] Usuario: Martin Schonberger (Rol: Administrador) Acción: Accedió a la sección de Recetas
[2025-08-14 17:35:35] Usuario: Martin Schonberger (Rol: Administrador) Acción: El usuario ha iniciado sesión.
[2025-08-14 17:35:37] Usuario: Martin Schonberger (Rol: Administrador) Acción: Accedió a la sección de Recetas
[2025-08-14 17:37:34] Usuario: Martin Schonberger (Rol: Administrador) Acción: El usuario regresó al menú principal desde la pantalla de gestión de recetas.
[2025-08-14 17:37:34] Usuario: Martin Schonberger (Rol: Administrador) Acción: El usuario ha iniciado sesión.
[2025-08-14 17:37:36] Usuario: Martin Schonberger (Rol: Administrador) Acción: Accedió a la sección de Recetas
[2025-08-14 17:38:13] Usuario: Martin Schonberger (Rol: Administrador) Acción: El usuario regresó al menú principal desde la pantalla de gestión de recetas.
[2025-08-14 17:38:13] Usuario: Martin Schonberger (Rol: Administrador) Acción: El usuario ha iniciado sesión.
[2025-08-14 17:38:14] Usuario: Martin Schonberger (Rol: Administrador) Acción: Accedió a la sección de Recetas
[2025-08-14 17:41:08] Usuario: Martin Schonberger (Rol: Administrador) Acción: El usuario ha iniciado sesión.
[2025-08-14 17:41:10] Usuario: Martin Schonberger (Rol: Administrador) Acción: Accedió a la sección de Recetas
[2025-08-14 17:41:41] Usuario: Martin Schonberger (Rol: Administrador) Acción: El usuario regresó al menú principal desde la pantalla de gestión de recetas.
[2025-08-14 17:41:41] Usuario: Martin Schonberger (Rol: Administrador) Acción: El usuario ha iniciado sesión.
[2025-08-14 17:44:49] Usuario: Martin Schonberger (Rol: Administrador) Acción: El usuario ha iniciado sesión.
[2025-08-14 17:44:51] Usuario: Martin Schonberger (Rol: Administrador) Acción: Accedió a la sección de Recetas
[2025-08-14 17:52:50] Usuario: Martin Schonberger (Rol: Administrador) Acción: El usuario ha iniciado sesión.
[2025-08-14 17:52:52] Usuario: Martin Schonberger (Rol: Administrador) Acción: Accedió a la sección de Recetas
[2025-08-14 17:53:36] Usuario: Martin Schonberger (Rol: Administrador) Acción: El usuario regresó al menú principal desde la pantalla de gestión de recetas.
[2025-08-14 17:53:36] Usuario: Martin Schonberger (Rol: Administrador) Acción: El usuario ha iniciado sesión.
[2025-08-14 17:53:37] Usuario: Martin Schonberger (Rol: Administrador) Acción: Accedió a la sección de Recetas
[2025-08-14 17:53:47] Usuario: Martin Schonberger (Rol: Administrador) Acción: El usuario regresó al menú principal desde la pantalla de gestión de recetas.
[2025-08-14 17:53:47] Usuario: Martin Schonberger (Rol: Administrador) Acción: El usuario ha iniciado sesión.
[2025-08-14 17:53:48] Usuario: Martin Schonberger (Rol: Administrador) Acción: Accedió a la sección de Recetas
[2025-08-14 17:55:00] Usuario: Martin Schonberger (Rol: Administrador) Acción: El usuario ha iniciado sesión.
[2025-08-14 17:55:01] Usuario: Martin Schonberger (Rol: Administrador) Acción: Accedió a la sección de Recetas
[2025-08-14 17:58:30] Usuario: Martin Schonberger (Rol: Administrador) Acción: El usuario ha iniciado sesión.
[2025-08-14 17:58:32] Usuario: Martin Schonberger (Rol: Administrador) Acción: Accedió a la sección de Recetas
[2025-08-14 17:58:47] Usuario: Martin Schonberger (Rol: Administrador) Acción: El usuario regresó al menú principal desde la pantalla de gestión de recetas.
[2025-08-14 17:58:47] Usuario: Martin Schonberger (Rol: Administrador) Acción: El usuario ha iniciado sesión.
[2025-08-14 17:58:48] Usuario: Martin Schonberger (Rol: Administrador) Acción: Accedió a la sección de Recetas
[2025-08-14 17:58:55] Usuario: Martin Schonberger (Rol: Administrador) Acción: El usuario regresó al menú principal desde la pantalla de gestión de recetas.
[2025-08-14 17:58:55] Usuario: Martin Schonberger (Rol: Administrador) Acción: El usuario ha iniciado sesión.
[2025-08-14 17:58:56] Usuario: Martin Schonberger (Rol: Administrador) Acción: Accedió a la sección de Recetas
[2025-08-14 18:02:18] Usuario: Martin Schonberger (Rol: Administrador) Acción: El usuario ha iniciado sesión.
[2025-08-14 18:02:21] Usuario: Martin Schonberger (Rol: Administrador) Acción: Accedió a la sección de Recetas
[2025-08-14 18:04:00] Usuario: Martin Schonberger (Rol: Administrador) Acción: El usuario ha iniciado sesión.
[2025-08-14 18:04:02] Usuario: Martin Schonberger (Rol: Administrador) Acción: Accedió a la sección de Recetas
[2025-08-14 18:04:28] Usuario: Martin Schonberger (Rol: Administrador) Acción: El usuario regresó al menú principal desde la pantalla de gestión de recetas.
[2025-08-14 18:04:28] Usuario: Martin Schonberger (Rol: Administrador) Acción: El usuario ha iniciado sesión.
[2025-08-14 18:05:04] Usuario: Martin Schonberger (Rol: Administrador) Acción: Accedió a la sección de Recetas
[2025-08-14 18:05:19] Usuario: Martin Schonberger (Rol: Administrador) Acción: El usuario regresó al menú principal desde la pantalla de gestión de recetas.
[2025-08-14 18:05:19] Usuario: Martin Schonberger (Rol: Administrador) Acción: El usuario ha iniciado sesión.
[2025-08-14 18:09:07] Usuario: Martin Schonberger (Rol: Administrador) Acción: Accedió a la sección de Agenda
[2025-08-14 18:09:13] Usuario: Martin Schonberger (Rol: Administrador) Acción: El usuario ha iniciado sesión.
[2025-08-14 18:19:05] Usuario: Martin Schonberger (Rol: Administrador) Acción: El usuario ha iniciado sesión.
[2025-08-14 18:19:08] Usuario: Martin Schonberger (Rol: Administrador) Acción: Accedió a la sección de Agenda
[2025-08-14 18:20:05] Usuario: Martin Schonberger (Rol: Administrador) Acción: El usuario ha iniciado sesión.
[2025-08-14 18:20:08] Usuario: Martin Schonberger (Rol: Administrador) Acción: Accedió a la sección de Agenda
[2025-08-14 18:21:56] Usuario: Martin Schonberger (Rol: Administrador) Acción: El usuario ha iniciado sesión.
[2025-08-14 18:21:58] Usuario: Martin Schonberger (Rol: Administrador) Acción: Accedió a la sección de Agenda
[2025-08-14 18:25:58] Usuario: Martin Schonberger (Rol: Administrador) Acción: El usuario ha iniciado sesión.
[2025-08-14 18:26:00] Usuario: Martin Schonberger (Rol: Administrador) Acción: Accedió a la sección de Agenda
[2025-08-14 18:28:29] Usuario: Martin Schonberger (Rol: Administrador) Acción: El usuario ha iniciado sesión.
[2025-08-14 18:28:37] Usuario: Martin Schonberger (Rol: Administrador) Acción: Accedió a la sección de Agenda
[2025-08-14 18:32:39] Usuario: Martin Schonberger (Rol: Administrador) Acción: El usuario ha iniciado sesión.
[2025-08-14 18:32:41] Usuario: Martin Schonberger (Rol: Administrador) Acción: Accedió a la sección de Agenda
[2025-08-14 18:33:22] Usuario: Martin Schonberger (Rol: Administrador) Acción: El usuario ha iniciado sesión.
[2025-08-14 18:33:24] Usuario: Martin Schonberger (Rol: Administrador) Acción: Accedió a la sección de Agenda
[2025-08-14 18:33:55] Usuario: Martin Schonberger (Rol: Administrador) Acción: El usuario ha iniciado sesión.
[2025-08-14 18:33:56] Usuario: Martin Schonberger (Rol: Administrador) Acción: Accedió a la sección de Estadísticas
[2025-08-14 18:36:34] Usuario: Martin Schonberger (Rol: Administrador) Acción: El usuario ha iniciado sesión.
[2025-08-14 18:36:37] Usuario: Martin Schonberger (Rol: Administrador) Acción: Accedió a la sección de Estadísticas
[2025-08-14 18:39:42] Usuario: Martin Schonberger (Rol: Administrador) Acción: El usuario ha iniciado sesión.
[2025-08-14 18:39:45] Usuario: Martin Schonberger (Rol: Administrador) Acción: Accedió a la sección de Eventos
[2025-08-14 18:39:45] Usuario: Martin Schonberger (Rol: Administrador) Acción: Calendario para el mes: 2025-08 generado correctamente.
[2025-08-14 18:39:45] Usuario: Martin Schonberger (Rol: Administrador) Acción: Evento agregado para la fecha: 2025-08-07
[2025-08-14 18:39:45] Usuario: Martin Schonberger (Rol: Administrador) Acción: Calendario para el mes: 2025-08 generado correctamente.
[2025-08-14 18:39:45] Usuario: Martin Schonberger (Rol: Administrador) Acción: Evento agregado para la fecha: 2025-08-14
[2025-08-14 18:39:45] Usuario: Martin Schonberger (Rol: Administrador) Acción: Calendario para el mes: 2025-08 generado correctamente.
[2025-08-14 18:39:45] Usuario: Martin Schonberger (Rol: Administrador) Acción: Calendario para el mes: 2025-08 generado correctamente.
[2025-08-14 18:39:45] Usuario: Martin Schonberger (Rol: Administrador) Acción: Calendario inicializado para el mes: 2025-08
[2025-08-14 18:40:36] Usuario: Martin Schonberger (Rol: Administrador) Acción: El usuario ha iniciado sesión.
[2025-08-14 18:40:36] Usuario: Martin Schonberger (Rol: Administrador) Acción: El usuario volvió al menú principal.
[2025-08-14 18:42:29] Usuario: Martin Schonberger (Rol: Administrador) Acción: Accedió a la sección de Eventos
[2025-08-14 18:42:29] Usuario: Martin Schonberger (Rol: Administrador) Acción: Calendario para el mes: 2025-08 generado correctamente.
[2025-08-14 18:42:29] Usuario: Martin Schonberger (Rol: Administrador) Acción: Evento agregado para la fecha: 2025-08-07
[2025-08-14 18:42:29] Usuario: Martin Schonberger (Rol: Administrador) Acción: Calendario para el mes: 2025-08 generado correctamente.
[2025-08-14 18:42:29] Usuario: Martin Schonberger (Rol: Administrador) Acción: Evento agregado para la fecha: 2025-08-14
[2025-08-14 18:42:29] Usuario: Martin Schonberger (Rol: Administrador) Acción: Calendario para el mes: 2025-08 generado correctamente.
[2025-08-14 18:42:29] Usuario: Martin Schonberger (Rol: Administrador) Acción: Calendario para el mes: 2025-08 generado correctamente.
[2025-08-14 18:42:29] Usuario: Martin Schonberger (Rol: Administrador) Acción: Calendario inicializado para el mes: 2025-08
[2025-08-14 18:48:18] Usuario: Martin Schonberger (Rol: Administrador) Acción: El usuario ha iniciado sesión.
[2025-08-14 18:48:18] Usuario: Martin Schonberger (Rol: Administrador) Acción: El usuario volvió al menú principal.
[2025-08-14 18:49:14] Usuario: Martin Schonberger (Rol: Administrador) Acción: El usuario ha iniciado sesión.
[2025-08-14 18:49:18] Usuario: Martin Schonberger (Rol: Administrador) Acción: Accedió a la sección de Eventos
[2025-08-14 18:49:18] Usuario: Martin Schonberger (Rol: Administrador) Acción: Calendario para el mes: 2025-08 generado correctamente.
[2025-08-14 18:49:18] Usuario: Martin Schonberger (Rol: Administrador) Acción: Evento agregado para la fecha: 2025-08-07
[2025-08-14 18:49:18] Usuario: Martin Schonberger (Rol: Administrador) Acción: Calendario para el mes: 2025-08 generado correctamente.
[2025-08-14 18:49:18] Usuario: Martin Schonberger (Rol: Administrador) Acción: Evento agregado para la fecha: 2025-08-14
[2025-08-14 18:49:19] Usuario: Martin Schonberger (Rol: Administrador) Acción: Calendario para el mes: 2025-08 generado correctamente.
[2025-08-14 18:49:19] Usuario: Martin Schonberger (Rol: Administrador) Acción: Calendario para el mes: 2025-08 generado correctamente.
[2025-08-14 18:49:19] Usuario: Martin Schonberger (Rol: Administrador) Acción: Calendario inicializado para el mes: 2025-08
[2025-08-14 18:49:29] Usuario: Martin Schonberger (Rol: Administrador) Acción: El usuario ha iniciado sesión.
[2025-08-14 18:49:29] Usuario: Martin Schonberger (Rol: Administrador) Acción: El usuario volvió al menú principal.
[2025-08-14 18:49:34] Usuario: Martin Schonberger (Rol: Administrador) Acción: Accedió a la sección de Eventos
[2025-08-14 18:49:34] Usuario: Martin Schonberger (Rol: Administrador) Acción: Calendario para el mes: 2025-08 generado correctamente.
[2025-08-14 18:49:34] Usuario: Martin Schonberger (Rol: Administrador) Acción: Evento agregado para la fecha: 2025-08-07
[2025-08-14 18:49:34] Usuario: Martin Schonberger (Rol: Administrador) Acción: Calendario para el mes: 2025-08 generado correctamente.
[2025-08-14 18:49:34] Usuario: Martin Schonberger (Rol: Administrador) Acción: Evento agregado para la fecha: 2025-08-14
[2025-08-14 18:49:34] Usuario: Martin Schonberger (Rol: Administrador) Acción: Calendario para el mes: 2025-08 generado correctamente.
[2025-08-14 18:49:34] Usuario: Martin Schonberger (Rol: Administrador) Acción: Calendario para el mes: 2025-08 generado correctamente.
[2025-08-14 18:49:34] Usuario: Martin Schonberger (Rol: Administrador) Acción: Calendario inicializado para el mes: 2025-08
[2025-08-14 18:59:12] Usuario: Martin Schonberger (Rol: Administrador) Acción: El usuario ha iniciado sesión.
[2025-08-14 19:14:15] Usuario: Martin Schonberger (Rol: Administrador) Acción: El usuario ha iniciado sesión.
[2025-08-14 19:14:19] Usuario: Martin Schonberger (Rol: Administrador) Acción: Accedió a la sección de Eventos
[2025-08-14 19:14:19] Usuario: Martin Schonberger (Rol: Administrador) Acción: Calendario para el mes: 2025-08 generado correctamente.
[2025-08-14 19:14:19] Usuario: Martin Schonberger (Rol: Administrador) Acción: Evento agregado para la fecha: 2025-08-07
[2025-08-14 19:14:19] Usuario: Martin Schonberger (Rol: Administrador) Acción: Calendario para el mes: 2025-08 generado correctamente.
[2025-08-14 19:14:19] Usuario: Martin Schonberger (Rol: Administrador) Acción: Evento agregado para la fecha: 2025-08-14
[2025-08-14 19:14:19] Usuario: Martin Schonberger (Rol: Administrador) Acción: Calendario para el mes: 2025-08 generado correctamente.
[2025-08-14 19:14:19] Usuario: Martin Schonberger (Rol: Administrador) Acción: Calendario para el mes: 2025-08 generado correctamente.
[2025-08-14 19:14:19] Usuario: Martin Schonberger (Rol: Administrador) Acción: Calendario inicializado para el mes: 2025-08
[2025-08-14 19:14:55] Usuario: Martin Schonberger (Rol: Administrador) Acción: El usuario ha iniciado sesión.
[2025-08-14 19:14:55] Usuario: Martin Schonberger (Rol: Administrador) Acción: El usuario volvió al menú principal.
[2025-08-14 19:15:04] Usuario: Martin Schonberger (Rol: Administrador) Acción: Accedió a la sección de Pedidos
[2025-08-14 19:15:20] Usuario: Martin Schonberger (Rol: Administrador) Acción: Catálogo abierto correctamente.
[2025-08-14 19:15:21] Usuario: Martin Schonberger (Rol: Administrador) Acción: Pedido creado: Usuario con productos: [Torta de chocolate]
[2025-08-14 19:15:21] Usuario: Martin Schonberger (Rol: Administrador) Acción: Intento de agregar pedido duplicado: 10
[2025-08-14 19:15:30] Usuario: Martin Schonberger (Rol: Administrador) Acción: El usuario ha iniciado sesión.
[2025-08-14 19:17:08] Usuario: Martin Schonberger (Rol: Administrador) Acción: Accedió a la sección de Pedidos
[2025-08-14 19:17:10] Usuario: Martin Schonberger (Rol: Administrador) Acción: El usuario ha iniciado sesión.
[2025-08-14 19:17:21] Usuario: Martin Schonberger (Rol: Administrador) Acción: Accedió a la sección de Pedidos
[2025-08-14 19:17:25] Usuario: Martin Schonberger (Rol: Administrador) Acción: Pedido entregado: 9
[2025-08-14 19:25:45] Usuario: Martin Schonberger (Rol: Administrador) Acción: El usuario ha iniciado sesión.
[2025-08-14 19:45:33] Usuario: Martin Schonberger (Rol: Administrador) Acción: El usuario ha iniciado sesión.
[2025-08-14 20:32:10] Usuario: Martin Schonberger (Rol: Administrador) Acción: Accedió a la sección de Pedidos
[2025-08-14 20:32:24] Usuario: Martin Schonberger (Rol: Administrador) Acción: Catálogo abierto correctamente.
[2025-08-14 20:32:25] Usuario: Martin Schonberger (Rol: Administrador) Acción: Pedido creado: Usuario con productos: [Torta de chocolate]
[2025-08-14 20:32:25] Usuario: Martin Schonberger (Rol: Administrador) Acción: Intento de agregar pedido duplicado: 11
[2025-08-14 20:32:27] Usuario: Martin Schonberger (Rol: Administrador) Acción: El usuario ha iniciado sesión.
[2025-08-14 20:32:36] Usuario: Martin Schonberger (Rol: Administrador) Acción: Accedió a la sección de Estadísticas
[2025-08-14 20:32:37] Usuario: Martin Schonberger (Rol: Administrador) Acción: El usuario ha iniciado sesión.
[2025-08-14 20:32:45] Usuario: Martin Schonberger (Rol: Administrador) Acción: Accedió a la sección de Stock
[2025-08-14 20:32:51] Usuario: Martin Schonberger (Rol: Administrador) Acción: El usuario ha iniciado sesión.
[2025-08-14 20:32:51] Usuario: Martin Schonberger (Rol: Administrador) Acción: El usuario regresó al menú principal.
[2025-08-14 20:40:55] Usuario: Martin Schonberger (Rol: Administrador) Acción: El usuario ha iniciado sesión.
[2025-08-14 20:40:58] Usuario: Martin Schonberger (Rol: Administrador) Acción: Accedió a la sección de Pedidos
[2025-08-14 20:41:08] Usuario: Martin Schonberger (Rol: Administrador) Acción: Catálogo abierto correctamente.
[2025-08-14 20:41:18] Usuario: Martin Schonberger (Rol: Administrador) Acción: Pedido creado: Usuario con productos: [Torta de chocolate]
[2025-08-14 20:41:18] Usuario: Martin Schonberger (Rol: Administrador) Acción: Intento de agregar pedido duplicado: 12
[2025-08-14 20:41:19] Usuario: Martin Schonberger (Rol: Administrador) Acción: El usuario ha iniciado sesión.
[2025-08-14 20:42:50] Usuario: Martin Schonberger (Rol: Administrador) Acción: El usuario ha iniciado sesión.
[2025-08-14 20:42:51] Usuario: Martin Schonberger (Rol: Administrador) Acción: Accedió a la sección de Pedidos
[2025-08-14 20:43:01] Usuario: Martin Schonberger (Rol: Administrador) Acción: Catálogo abierto correctamente.
[2025-08-14 20:43:02] Usuario: Martin Schonberger (Rol: Administrador) Acción: Pedido creado: Usuario con productos: [Torta de chocolate]
[2025-08-14 20:43:02] Usuario: Martin Schonberger (Rol: Administrador) Acción: Intento de agregar pedido duplicado: 13
[2025-08-14 20:43:06] Usuario: Martin Schonberger (Rol: Administrador) Acción: El usuario ha iniciado sesión.
[2025-08-14 20:44:38] Usuario: Martin Schonberger (Rol: Administrador) Acción: Accedió a la sección de Pedidos
[2025-08-14 20:44:51] Usuario: Martin Schonberger (Rol: Administrador) Acción: Pedido entregado: 13
[2025-08-14 20:46:30] Usuario: Martin Schonberger (Rol: Administrador) Acción: El usuario ha iniciado sesión.
