[2025-08-06 01:56:27] Usuario: Martin Schonberger (Rol: Administrador) Acción: El usuario ha iniciado sesión.
[2025-08-06 01:56:36] Usuario: Martin Schonberger (Rol: Administrador) Acción: Accedió a la sección de Pedidos
[2025-08-06 01:56:48] Usuario: Martin Schonberger (Rol: Administrador) Acción: Catálogo abierto correctamente.
[2025-08-06 01:56:50] Usuario: Martin Schonberger (Rol: Administrador) Acción: Pedido creado: Usuario con productos: [Torta de chocolate]
[2025-08-06 01:56:50] Usuario: Martin Schonberger (Rol: Administrador) Acción: Intento de agregar pedido duplicado: 4
[2025-08-06 01:56:56] Usuario: Martin Schonberger (Rol: Administrador) Acción: El usuario ha iniciado sesión.
[2025-08-06 01:57:00] Usuario: Martin Schonberger (Rol: Administrador) Acción: El usuario cerró sesión
[2025-08-06 01:57:05] Usuario: Martin Schonberger (Rol: Administrador) Acción: El usuario ha iniciado sesión.
[2025-08-06 01:59:16] Usuario: Martin Schonberger (Rol: Administrador) Acción: El usuario ha iniciado sesión.
[2025-08-06 02:03:43] Usuario: Martin Schonberger (Rol: Administrador) Acción: El usuario ha iniciado sesión.
[2025-08-06 02:08:40] Usuario: Martin Schonberger (Rol: Administrador) Acción: El usuario ha iniciado sesión.
[2025-08-06 02:09:14] Usuario: Martin Schonberger (Rol: Administrador) Acción: Accedió a la sección de Pedidos
[2025-08-06 02:09:41] Usuario: Martin Schonberger (Rol: Administrador) Acción: Catálogo abierto correctamente.
[2025-08-06 02:09:45] Usuario: Martin Schonberger (Rol: Administrador) Acción: Pedido creado: Usuario con productos: [Torta de chocolate]
[2025-08-06 02:09:45] Usuario: Martin Schonberger (Rol: Administrador) Acción: Intento de agregar pedido duplicado: 5
[2025-08-06 02:09:48] Usuario: Martin Schonberger (Rol: Administrador) Acción: El usuario ha iniciado sesión.
[2025-08-06 02:15:54] Usuario: Martin Schonberger (Rol: Administrador) Acción: El usuario ha iniciado sesión.
[2025-08-06 02:22:59] Usuario: Martin Schonberger (Rol: Administrador) Acción: El usuario ha iniciado sesión.
[2025-08-06 02:24:05] Usuario: Martin Schonberger (Rol: Administrador) Acción: El usuario ha iniciado sesión.
[2025-08-06 02:25:08] Usuario: Martin Schonberger (Rol: Administrador) Acción: Accedió a la sección de Agenda
[2025-08-06 02:25:26] Usuario: Martin Schonberger (Rol: Administrador) Acción: El usuario ha iniciado sesión.
[2025-08-06 02:31:09] Usuario: Martin Schonberger (Rol: Administrador) Acción: El usuario ha iniciado sesión.
[2025-08-06 02:33:38] Usuario: Martin Schonberger (Rol: Administrador) Acción: El usuario ha iniciado sesión.
[2025-08-06 02:33:41] Usuario: Martin Schonberger (Rol: Administrador) Acción: Accedió a la sección de Pedidos
[2025-08-06 02:33:42] Usuario: Martin Schonberger (Rol: Administrador) Acción: El usuario ha iniciado sesión.
[2025-08-06 02:39:12] Usuario: Martin Schonberger (Rol: Administrador) Acción: El usuario ha iniciado sesión.
[2025-08-06 02:43:11] Usuario: Martin Schonberger (Rol: Administrador) Acción: El usuario ha iniciado sesión.
[2025-08-06 02:59:26] Usuario: Martin Schonberger (Rol: Administrador) Acción: El usuario ha iniciado sesión.
[2025-08-06 03:03:40] Usuario: Martin Schonberger (Rol: Administrador) Acción: El usuario ha iniciado sesión.
[2025-08-06 03:12:55] Usuario: Martin Schonberger (Rol: Administrador) Acción: El usuario ha iniciado sesión.
[2025-08-06 03:30:55] Usuario: Martin Schonberger (Rol: Administrador) Acción: El usuario ha iniciado sesión.
[2025-08-06 03:38:45] Usuario: Martin Schonberger (Rol: Administrador) Acción: El usuario ha iniciado sesión.
[2025-08-06 03:49:55] Usuario: Martin Schonberger (Rol: Administrador) Acción: El usuario ha iniciado sesión.
[2025-08-06 03:58:12] Usuario: Martin Schonberger (Rol: Administrador) Acción: El usuario ha iniciado sesión.
[2025-08-06 04:03:54] Usuario: Martin Schonberger (Rol: Administrador) Acción: El usuario ha iniciado sesión.
[2025-08-06 04:09:27] Usuario: Martin Schonberger (Rol: Administrador) Acción: El usuario ha iniciado sesión.
[2025-08-06 04:22:23] Usuario: Martin Schonberger (Rol: Administrador) Acción: El usuario ha iniciado sesión.
[2025-08-06 04:23:06] Usuario: Martin Schonberger (Rol: Administrador) Acción: Accedió a la sección de Eventos
[2025-08-06 04:23:06] Usuario: Martin Schonberger (Rol: Administrador) Acción: Calendario para el mes: 2025-08 generado correctamente.
[2025-08-06 04:23:06] Usuario: Martin Schonberger (Rol: Administrador) Acción: Calendario para el mes: 2025-08 generado correctamente.
[2025-08-06 04:23:06] Usuario: Martin Schonberger (Rol: Administrador) Acción: Calendario inicializado para el mes: 2025-08
[2025-08-06 04:24:39] Usuario: Martin Schonberger (Rol: Administrador) Acción: Nuevo evento guardado: Bautismo de Juan Manuel para la fecha 2025-08-07
[2025-08-06 04:24:44] Usuario: Martin Schonberger (Rol: Administrador) Acción: Calendario para el mes: 2025-08 generado correctamente.
[2025-08-06 04:24:44] Usuario: Martin Schonberger (Rol: Administrador) Acción: Evento agregado para la fecha: 2025-08-07
[2025-08-06 04:24:44] Usuario: Martin Schonberger (Rol: Administrador) Acción: Calendario para el mes: 2025-08 generado correctamente.
[2025-08-06 04:24:44] Usuario: Martin Schonberger (Rol: Administrador) Acción: Evento agregado o modificado correctamente.
[2025-08-06 04:24:46] Usuario: Martin Schonberger (Rol: Administrador) Acción: Detalles del evento cargados para la fecha: 2025-08-07
[2025-08-06 04:24:47] Usuario: Martin Schonberger (Rol: Administrador) Acción: El usuario ha iniciado sesión.
[2025-08-06 04:24:48] Usuario: Martin Schonberger (Rol: Administrador) Acción: El usuario volvió al menú principal.
[2025-08-06 04:24:58] Usuario: Martin Schonberger (Rol: Administrador) Acción: Accedió a la sección de Pedidos
[2025-08-06 04:24:59] Usuario: Martin Schonberger (Rol: Administrador) Acción: El usuario ha iniciado sesión.
[2025-08-06 04:25:33] Usuario: Martin Schonberger (Rol: Administrador) Acción: El usuario cerró sesión
[2025-08-06 04:25:39] Usuario: Martin Schonberger (Rol: Administrador) Acción: El usuario ha iniciado sesión.
[2025-08-06 04:26:05] Usuario: Martin Schonberger (Rol: Administrador) Acción: Accedió a la sección de Eventos
[2025-08-06 04:26:05] Usuario: Martin Schonberger (Rol: Administrador) Acción: Calendario para el mes: 2025-08 generado correctamente.
[2025-08-06 04:26:05] Usuario: Martin Schonberger (Rol: Administrador) Acción: Evento agregado para la fecha: 2025-08-07
[2025-08-06 04:26:05] Usuario: Martin Schonberger (Rol: Administrador) Acción: Calendario para el mes: 2025-08 generado correctamente.
[2025-08-06 04:26:05] Usuario: Martin Schonberger (Rol: Administrador) Acción: Calendario para el mes: 2025-08 generado correctamente.
[2025-08-06 04:26:05] Usuario: Martin Schonberger (Rol: Administrador) Acción: Calendario inicializado para el mes: 2025-08
[2025-08-06 04:26:10] Usuario: Martin Schonberger (Rol: Administrador) Acción: Detalles del evento cargados para la fecha: 2025-08-07
[2025-08-06 04:26:20] Usuario: Martin Schonberger (Rol: Administrador) Acción: Evento actualizado: Bautismo de Juan Manuel para la fecha 2025-08-07
[2025-08-06 04:26:21] Usuario: Martin Schonberger (Rol: Administrador) Acción: Calendario para el mes: 2025-08 generado correctamente.
[2025-08-06 04:26:21] Usuario: Martin Schonberger (Rol: Administrador) Acción: Evento agregado para la fecha: 2025-08-07
[2025-08-06 04:26:21] Usuario: Martin Schonberger (Rol: Administrador) Acción: Calendario para el mes: 2025-08 generado correctamente.
[2025-08-06 04:26:21] Usuario: Martin Schonberger (Rol: Administrador) Acción: Evento editado correctamente para la fecha: 2025-08-07
[2025-08-06 04:26:28] Usuario: Martin Schonberger (Rol: Administrador) Acción: Calendario para el mes: 2025-09 generado correctamente.
[2025-08-06 04:26:28] Usuario: Martin Schonberger (Rol: Administrador) Acción: Cambiado al siguiente mes: 2025-09
[2025-08-06 04:26:29] Usuario: Martin Schonberger (Rol: Administrador) Acción: Calendario para el mes: 2025-08 generado correctamente.
[2025-08-06 04:26:29] Usuario: Martin Schonberger (Rol: Administrador) Acción: Cambiado al mes anterior: 2025-08
[2025-08-06 04:26:29] Usuario: Martin Schonberger (Rol: Administrador) Acción: Calendario para el mes: 2025-07 generado correctamente.
[2025-08-06 04:26:29] Usuario: Martin Schonberger (Rol: Administrador) Acción: Cambiado al mes anterior: 2025-07
[2025-08-06 04:26:30] Usuario: Martin Schonberger (Rol: Administrador) Acción: El usuario ha iniciado sesión.
[2025-08-06 04:26:30] Usuario: Martin Schonberger (Rol: Administrador) Acción: El usuario volvió al menú principal.
[2025-08-06 04:27:20] Usuario: null (Rol: Sin rol) Acción: Intento de login fallido: contraseña incorrecta (DNI: 44280200)
[2025-08-06 04:27:24] Usuario: Martin Schonberger (Rol: Administrador) Acción: El usuario ha iniciado sesión.
[2025-08-06 04:27:45] Usuario: Martin Schonberger (Rol: Administrador) Acción: Accedió a la sección de Pedidos
[2025-08-06 04:27:46] Usuario: Martin Schonberger (Rol: Administrador) Acción: El usuario ha iniciado sesión.
[2025-08-06 04:34:47] Usuario: Martin Schonberger (Rol: Administrador) Acción: El usuario ha iniciado sesión.
[2025-08-06 04:34:54] Usuario: Martin Schonberger (Rol: Administrador) Acción: Accedió a la sección de Pedidos
[2025-08-06 04:34:56] Usuario: Martin Schonberger (Rol: Administrador) Acción: El usuario ha iniciado sesión.
[2025-08-06 04:38:53] Usuario: Martin Schonberger (Rol: Administrador) Acción: El usuario ha iniciado sesión.
[2025-08-06 04:46:47] Usuario: Martin Schonberger (Rol: Administrador) Acción: El usuario ha iniciado sesión.
[2025-08-06 04:49:54] Usuario: Martin Schonberger (Rol: Administrador) Acción: Accedió a la sección de Pedidos
[2025-08-06 04:49:55] Usuario: Martin Schonberger (Rol: Administrador) Acción: El usuario ha iniciado sesión.
[2025-08-06 04:52:43] Usuario: Martin Schonberger (Rol: Administrador) Acción: El usuario ha iniciado sesión.
[2025-08-06 04:54:29] Usuario: Martin Schonberger (Rol: Administrador) Acción: El usuario ha iniciado sesión.
[2025-08-06 04:57:46] Usuario: Martin Schonberger (Rol: Administrador) Acción: El usuario ha iniciado sesión.
[2025-08-06 05:05:03] Usuario: Martin Schonberger (Rol: Administrador) Acción: El usuario ha iniciado sesión.
[2025-08-06 05:06:52] Usuario: Martin Schonberger (Rol: Administrador) Acción: Accedió a la sección de Stock
[2025-08-06 05:09:21] Usuario: Martin Schonberger (Rol: Administrador) Acción: El usuario ha iniciado sesión.
[2025-08-06 05:09:21] Usuario: Martin Schonberger (Rol: Administrador) Acción: El usuario regresó al menú principal.
[2025-08-06 05:09:25] Usuario: Martin Schonberger (Rol: Administrador) Acción: Accedió a la sección de Proveedores
[2025-08-06 05:09:29] Usuario: Martin Schonberger (Rol: Administrador) Acción: El usuario ha iniciado sesión.
[2025-08-06 05:09:29] Usuario: Martin Schonberger (Rol: Administrador) Acción: El usuario volvió al menú principal.
[2025-08-06 05:10:16] Usuario: Martin Schonberger (Rol: Administrador) Acción: Accedió a la sección de Agenda
[2025-08-06 05:10:44] Usuario: Martin Schonberger (Rol: Administrador) Acción: El usuario ha iniciado sesión.
[2025-08-06 05:10:54] Usuario: Martin Schonberger (Rol: Administrador) Acción: El usuario cerró sesión
[2025-08-06 05:10:59] Usuario: Martin Schonberger (Rol: Administrador) Acción: El usuario ha iniciado sesión.
[2025-08-06 05:17:04] Usuario: Martin Schonberger (Rol: Administrador) Acción: El usuario ha iniciado sesión.
[2025-08-06 05:21:17] Usuario: Martin Schonberger (Rol: Administrador) Acción: El usuario ha iniciado sesión.
[2025-08-06 05:24:25] Usuario: Martin Schonberger (Rol: Administrador) Acción: El usuario ha iniciado sesión.
[2025-08-06 05:30:15] Usuario: Martin Schonberger (Rol: Administrador) Acción: El usuario ha iniciado sesión.
[2025-08-06 05:33:52] Usuario: Martin Schonberger (Rol: Administrador) Acción: El usuario ha iniciado sesión.
[2025-08-06 05:35:03] Usuario: Martin Schonberger (Rol: Administrador) Acción: El usuario ha iniciado sesión.
[2025-08-06 05:35:22] Usuario: Martin Schonberger (Rol: Administrador) Acción: Accedió a la sección de Stock
[2025-08-06 05:35:24] Usuario: Martin Schonberger (Rol: Administrador) Acción: El usuario abrió el formulario para agregar un nuevo insumo.
[2025-08-06 05:36:07] Usuario: Martin Schonberger (Rol: Administrador) Acción: Proveedor guardado: La Granja SA
[2025-08-06 05:36:10] Usuario: Martin Schonberger (Rol: Administrador) Acción: CatalogoInsumo FRUTILLA creado con éxito.
[2025-08-06 05:36:46] Usuario: Martin Schonberger (Rol: Administrador) Acción: El usuario guardó correctamente un insumo: FRUTILLA
[2025-08-06 05:36:49] Usuario: Martin Schonberger (Rol: Administrador) Acción: El usuario ha iniciado sesión.
[2025-08-06 05:36:49] Usuario: Martin Schonberger (Rol: Administrador) Acción: El usuario regresó al menú principal.
[2025-08-06 05:36:53] Usuario: Martin Schonberger (Rol: Administrador) Acción: El usuario accedió a la sección de Configuración
[2025-08-06 05:36:54] Usuario: Martin Schonberger (Rol: Administrador) Acción: El usuario abrió la ventana de acciones de usuario para visualizar las acciones.
[2025-08-06 05:36:55] Usuario: Martin Schonberger (Rol: Administrador) Acción: El usuario abrió la ventana de configuración de notificaciones.
[2025-08-06 05:37:04] Usuario: Martin Schonberger (Rol: Administrador) Acción: El usuario ha iniciado sesión.
[2025-08-06 05:37:04] Usuario: Martin Schonberger (Rol: Administrador) Acción: El usuario regresó al menú principal.
[2025-08-06 05:37:06] Usuario: Martin Schonberger (Rol: Administrador) Acción: El usuario cerró sesión
[2025-08-06 05:37:15] Usuario: Martin Schonberger (Rol: Administrador) Acción: El usuario ha iniciado sesión.
[2025-08-06 05:37:20] Usuario: Martin Schonberger (Rol: Administrador) Acción: El usuario accedió a la sección de Configuración
[2025-08-06 05:37:21] Usuario: Martin Schonberger (Rol: Administrador) Acción: El usuario abrió la ventana de configuración de notificaciones.
[2025-08-06 05:37:25] Usuario: Martin Schonberger (Rol: Administrador) Acción: El usuario ha iniciado sesión.
[2025-08-06 05:37:25] Usuario: Martin Schonberger (Rol: Administrador) Acción: El usuario regresó al menú principal.
[2025-08-06 05:37:27] Usuario: Martin Schonberger (Rol: Administrador) Acción: El usuario cerró sesión
[2025-08-06 05:37:32] Usuario: Martin Schonberger (Rol: Administrador) Acción: El usuario ha iniciado sesión.
[2025-08-06 05:42:49] Usuario: Martin Schonberger (Rol: Administrador) Acción: El usuario ha iniciado sesión.
[2025-08-06 05:44:58] Usuario: Martin Schonberger (Rol: Administrador) Acción: El usuario ha iniciado sesión.
[2025-08-06 05:45:04] Usuario: Martin Schonberger (Rol: Administrador) Acción: Accedió a la sección de Pedidos
[2025-08-06 05:45:05] Usuario: Martin Schonberger (Rol: Administrador) Acción: El usuario ha iniciado sesión.
[2025-08-06 05:45:49] Usuario: Martin Schonberger (Rol: Administrador) Acción: El usuario ha iniciado sesión.
[2025-08-06 05:48:51] Usuario: Martin Schonberger (Rol: Administrador) Acción: El usuario ha iniciado sesión.
[2025-08-06 16:21:17] Usuario: Martin Schonberger (Rol: Administrador) Acción: El usuario ha iniciado sesión.
[2025-08-06 16:29:13] Usuario: Martin Schonberger (Rol: Administrador) Acción: El usuario ha iniciado sesión.
[2025-08-06 16:42:28] Usuario: Martin Schonberger (Rol: Administrador) Acción: El usuario ha iniciado sesión.
[2025-08-06 16:56:30] Usuario: null (Rol: Sin rol) Acción: Intento de login fallido: contraseña incorrecta (DNI: 44280200)
[2025-08-06 16:56:34] Usuario: null (Rol: Sin rol) Acción: Intento de login fallido: contraseña incorrecta (DNI: 44280200)
[2025-08-06 16:56:35] Usuario: null (Rol: Sin rol) Acción: Intento de login fallido: contraseña incorrecta (DNI: 44280200)
[2025-08-06 16:56:42] Usuario: Martin Schonberger (Rol: Administrador) Acción: El usuario ha iniciado sesión.
[2025-08-06 17:11:36] Usuario: Martin Schonberger (Rol: Administrador) Acción: Accedió a la sección de Pedidos
[2025-08-06 17:11:38] Usuario: Martin Schonberger (Rol: Administrador) Acción: El usuario ha iniciado sesión.
[2025-08-06 17:11:46] Usuario: Martin Schonberger (Rol: Administrador) Acción: El usuario accedió a la sección de Configuración
[2025-08-06 17:11:47] Usuario: Martin Schonberger (Rol: Administrador) Acción: El usuario abrió la ventana de acciones de usuario para visualizar las acciones.
[2025-08-06 17:11:49] Usuario: Martin Schonberger (Rol: Administrador) Acción: El usuario abrió la ventana de configuración de notificaciones.
[2025-08-06 17:19:18] Usuario: Martin Schonberger (Rol: Administrador) Acción: El usuario ha iniciado sesión.
[2025-08-06 17:19:18] Usuario: Martin Schonberger (Rol: Administrador) Acción: El usuario regresó al menú principal.
[2025-08-06 17:29:22] Usuario: Martin Schonberger (Rol: Administrador) Acción: El usuario ha iniciado sesión.
[2025-08-06 17:29:26] Usuario: Martin Schonberger (Rol: Administrador) Acción: El usuario accedió a la sección de Configuración
[2025-08-06 17:32:50] Usuario: Martin Schonberger (Rol: Administrador) Acción: El usuario ha iniciado sesión.
[2025-08-06 17:32:54] Usuario: Martin Schonberger (Rol: Administrador) Acción: El usuario accedió a la sección de Configuración
[2025-08-06 17:32:56] Usuario: Martin Schonberger (Rol: Administrador) Acción: El usuario abrió la ventana de configuración de notificaciones.
[2025-08-06 17:33:00] Usuario: Martin Schonberger (Rol: Administrador) Acción: El usuario abrió la ventana de acciones de usuario para visualizar las acciones.
[2025-08-06 17:33:01] Usuario: Martin Schonberger (Rol: Administrador) Acción: El usuario abrió la ventana de configuración de notificaciones.
[2025-08-06 17:33:02] Usuario: Martin Schonberger (Rol: Administrador) Acción: El usuario abrió la ventana de gestión de insumos para supervisar y registrar los ingredientes en stock.
[2025-08-06 17:33:03] Usuario: Martin Schonberger (Rol: Administrador) Acción: El usuario abrió la ventana de gestión de sabores para administrar los sabores disponibles en la pastelería.
[2025-08-06 17:33:45] Usuario: Martin Schonberger (Rol: Administrador) Acción: El usuario abrió la ventana de acciones de usuario para visualizar las acciones.
[2025-08-06 17:33:46] Usuario: Martin Schonberger (Rol: Administrador) Acción: El usuario abrió la ventana de configuración de notificaciones.
[2025-08-06 17:33:47] Usuario: Martin Schonberger (Rol: Administrador) Acción: El usuario abrió la ventana de acciones de usuario para visualizar las acciones.
[2025-08-06 17:33:57] Usuario: Martin Schonberger (Rol: Administrador) Acción: El usuario abrió la ventana de configuración de notificaciones.
[2025-08-06 17:34:02] Usuario: Martin Schonberger (Rol: Administrador) Acción: El usuario abrió la ventana de gestión de insumos para supervisar y registrar los ingredientes en stock.
[2025-08-06 17:34:03] Usuario: Martin Schonberger (Rol: Administrador) Acción: El usuario abrió la ventana de configuración de notificaciones.
[2025-08-06 17:34:05] Usuario: Martin Schonberger (Rol: Administrador) Acción: El usuario abrió la ventana de gestión de sabores para administrar los sabores disponibles en la pastelería.
[2025-08-06 17:34:07] Usuario: Martin Schonberger (Rol: Administrador) Acción: El usuario ha iniciado sesión.
[2025-08-06 17:34:07] Usuario: Martin Schonberger (Rol: Administrador) Acción: El usuario regresó al menú principal.
[2025-08-06 17:38:03] Usuario: Martin Schonberger (Rol: Administrador) Acción: El usuario ha iniciado sesión.
[2025-08-06 17:39:12] Usuario: Martin Schonberger (Rol: Administrador) Acción: El usuario ha iniciado sesión.
[2025-08-06 17:46:23] Usuario: Martin Schonberger (Rol: Administrador) Acción: El usuario ha iniciado sesión.
[2025-08-06 17:48:58] Usuario: Martin Schonberger (Rol: Administrador) Acción: Accedió a la sección de Pedidos
[2025-08-06 17:49:03] Usuario: Martin Schonberger (Rol: Administrador) Acción: El usuario ha iniciado sesión.
[2025-08-06 17:49:23] Usuario: Martin Schonberger (Rol: Administrador) Acción: Accedió a la sección de Estadísticas
[2025-08-06 17:49:27] Usuario: Martin Schonberger (Rol: Administrador) Acción: El usuario ha iniciado sesión.
[2025-08-06 18:01:54] Usuario: Martin Schonberger (Rol: Administrador) Acción: Accedió a la sección de Stock
[2025-08-06 18:02:02] Usuario: Martin Schonberger (Rol: Administrador) Acción: El usuario ha iniciado sesión.
[2025-08-06 18:02:02] Usuario: Martin Schonberger (Rol: Administrador) Acción: El usuario regresó al menú principal.
[2025-08-06 18:02:03] Usuario: Martin Schonberger (Rol: Administrador) Acción: Accedió a la sección de Pedidos
[2025-08-06 18:02:15] Usuario: Martin Schonberger (Rol: Administrador) Acción: Catálogo abierto correctamente.
[2025-08-06 18:02:18] Usuario: Martin Schonberger (Rol: Administrador) Acción: Pedido cancelado por el usuario.
[2025-08-06 18:02:19] Usuario: Martin Schonberger (Rol: Administrador) Acción: El usuario ha iniciado sesión.
[2025-08-06 18:02:24] Usuario: Martin Schonberger (Rol: Administrador) Acción: Accedió a la sección de Productos
[2025-08-06 18:02:43] Usuario: Martin Schonberger (Rol: Administrador) Acción: Imagen cargada para el producto: Tarta de frutilla
[2025-08-06 18:02:59] Usuario: Martin Schonberger (Rol: Administrador) Acción: Ingrediente agregado: HARINA, Cantidad: 300 GR
[2025-08-06 18:03:04] Usuario: Martin Schonberger (Rol: Administrador) Acción: Ingrediente agregado: LECHE, Cantidad: 150 ML
[2025-08-06 18:03:09] Usuario: Martin Schonberger (Rol: Administrador) Acción: Ingrediente agregado: MANTECA, Cantidad: 100 GR
[2025-08-06 18:03:18] Usuario: Martin Schonberger (Rol: Administrador) Acción: Ingrediente agregado: FRUTILLA, Cantidad: 10 UNIDADES
[2025-08-06 18:03:23] Usuario: Martin Schonberger (Rol: Administrador) Acción: Receta guardada: Tarta de frutilla
[2025-08-06 18:03:34] Usuario: Martin Schonberger (Rol: Administrador) Acción: El usuario abrió la ventana de gestión de sabores.
[2025-08-06 18:03:36] Usuario: Martin Schonberger (Rol: Administrador) Acción: El usuario quiere agregar un nuevo sabor.
[2025-08-06 18:03:40] Usuario: Martin Schonberger (Rol: Administrador) Acción: Nuevo sabor guardado: Frutilla
[2025-08-06 18:03:41] Usuario: Martin Schonberger (Rol: Administrador) Acción: El usuario seleccionó el sabor: Frutilla
[2025-08-06 18:03:43] Usuario: Martin Schonberger (Rol: Administrador) Acción: El usuario guardó los sabores seleccionados.
[2025-08-06 18:03:43] Usuario: Martin Schonberger (Rol: Administrador) Acción: Sabores seleccionados para el producto: [Frutilla]
[2025-08-06 18:04:15] Usuario: Martin Schonberger (Rol: Administrador) Acción: Producto modificado: Tarta de frutilla (ID: null)
[2025-08-06 18:04:15] Usuario: Martin Schonberger (Rol: Administrador) Acción: Producto agregado: Tarta de frutilla
[2025-08-06 18:04:17] Usuario: Martin Schonberger (Rol: Administrador) Acción: El usuario ha iniciado sesión.
[2025-08-06 18:04:17] Usuario: Martin Schonberger (Rol: Administrador) Acción: El usuario regresó al menú principal desde la pantalla de Productos.
[2025-08-06 18:04:20] Usuario: Martin Schonberger (Rol: Administrador) Acción: Accedió a la sección de Pedidos
[2025-08-06 18:04:33] Usuario: Martin Schonberger (Rol: Administrador) Acción: Catálogo abierto correctamente.
[2025-08-06 18:04:42] Usuario: Martin Schonberger (Rol: Administrador) Acción: Pedido creado: Usuario con productos: [Tarta de frutilla]
[2025-08-06 18:04:42] Usuario: Martin Schonberger (Rol: Administrador) Acción: No hay insumos suficientes para el pedido. Faltantes: [InsumoFaltante(id=null, catalogoInsumo=CatalogoInsumo(id=5, nombre=FRUTILLA, estado=UNIDAD, proveedor=La Granja SA), cantidadFaltante=30.0, unidad=UNIDADES, resuelto=false)]
[2025-08-06 18:04:46] Usuario: Martin Schonberger (Rol: Administrador) Acción: El usuario a eliminado el pedido N°6
[2025-08-06 18:05:24] Usuario: Martin Schonberger (Rol: Administrador) Acción: Catálogo abierto correctamente.
[2025-08-06 18:05:26] Usuario: Martin Schonberger (Rol: Administrador) Acción: Pedido creado: Usuario con productos: [Tarta de frutilla]
[2025-08-06 18:05:26] Usuario: Martin Schonberger (Rol: Administrador) Acción: No hay insumos suficientes para el pedido. Faltantes: [InsumoFaltante(id=null, catalogoInsumo=CatalogoInsumo(id=5, nombre=FRUTILLA, estado=UNIDAD, proveedor=La Granja SA), cantidadFaltante=40.0, unidad=UNIDADES, resuelto=false)]
[2025-08-06 18:05:31] Usuario: Martin Schonberger (Rol: Administrador) Acción: El usuario a eliminado el pedido N°7
[2025-08-06 18:05:39] Usuario: Martin Schonberger (Rol: Administrador) Acción: El usuario ha iniciado sesión.
[2025-08-06 18:05:40] Usuario: Martin Schonberger (Rol: Administrador) Acción: Accedió a la sección de Stock
[2025-08-06 18:05:46] Usuario: Martin Schonberger (Rol: Administrador) Acción: El usuario ha iniciado sesión.
[2025-08-06 18:05:46] Usuario: Martin Schonberger (Rol: Administrador) Acción: El usuario regresó al menú principal.
[2025-08-06 18:06:18] Usuario: Martin Schonberger (Rol: Administrador) Acción: Accedió a la sección de Eventos
[2025-08-06 18:06:19] Usuario: Martin Schonberger (Rol: Administrador) Acción: Calendario para el mes: 2025-08 generado correctamente.
[2025-08-06 18:06:19] Usuario: Martin Schonberger (Rol: Administrador) Acción: Evento agregado para la fecha: 2025-08-07
[2025-08-06 18:06:19] Usuario: Martin Schonberger (Rol: Administrador) Acción: Calendario para el mes: 2025-08 generado correctamente.
[2025-08-06 18:06:19] Usuario: Martin Schonberger (Rol: Administrador) Acción: Calendario para el mes: 2025-08 generado correctamente.
[2025-08-06 18:06:19] Usuario: Martin Schonberger (Rol: Administrador) Acción: Calendario inicializado para el mes: 2025-08
[2025-08-06 18:06:20] Usuario: Martin Schonberger (Rol: Administrador) Acción: Detalles del evento cargados para la fecha: 2025-08-07
[2025-08-06 18:08:48] Usuario: Martin Schonberger (Rol: Administrador) Acción: Detalles del evento cargados para la fecha: 2025-08-07
[2025-08-06 18:11:02] Usuario: Martin Schonberger (Rol: Administrador) Acción: Formulario de evento cerrado sin guardar.
[2025-08-06 18:11:02] Usuario: Martin Schonberger (Rol: Administrador) Acción: Calendario para el mes: 2025-08 generado correctamente.
[2025-08-06 18:11:02] Usuario: Martin Schonberger (Rol: Administrador) Acción: Evento agregado para la fecha: 2025-08-07
[2025-08-06 18:11:02] Usuario: Martin Schonberger (Rol: Administrador) Acción: Calendario para el mes: 2025-08 generado correctamente.
[2025-08-06 18:11:02] Usuario: Martin Schonberger (Rol: Administrador) Acción: Evento editado correctamente para la fecha: 2025-08-07
[2025-08-06 18:11:06] Usuario: Martin Schonberger (Rol: Administrador) Acción: El usuario ha iniciado sesión.
[2025-08-06 18:11:06] Usuario: Martin Schonberger (Rol: Administrador) Acción: El usuario volvió al menú principal.
[2025-08-06 18:12:21] Usuario: Martin Schonberger (Rol: Administrador) Acción: Accedió a la sección de Eventos
[2025-08-06 18:12:21] Usuario: Martin Schonberger (Rol: Administrador) Acción: Calendario para el mes: 2025-08 generado correctamente.
[2025-08-06 18:12:21] Usuario: Martin Schonberger (Rol: Administrador) Acción: Evento agregado para la fecha: 2025-08-07
[2025-08-06 18:12:21] Usuario: Martin Schonberger (Rol: Administrador) Acción: Calendario para el mes: 2025-08 generado correctamente.
[2025-08-06 18:12:21] Usuario: Martin Schonberger (Rol: Administrador) Acción: Calendario para el mes: 2025-08 generado correctamente.
[2025-08-06 18:12:21] Usuario: Martin Schonberger (Rol: Administrador) Acción: Calendario inicializado para el mes: 2025-08
[2025-08-06 18:12:23] Usuario: Martin Schonberger (Rol: Administrador) Acción: Detalles del evento cargados para la fecha: 2025-08-07
[2025-08-06 18:12:24] Usuario: Martin Schonberger (Rol: Administrador) Acción: El usuario ha iniciado sesión.
[2025-08-06 18:12:24] Usuario: Martin Schonberger (Rol: Administrador) Acción: El usuario volvió al menú principal.
[2025-08-06 18:12:25] Usuario: Martin Schonberger (Rol: Administrador) Acción: Accedió a la sección de Pedidos
[2025-08-06 18:22:09] Usuario: Martin Schonberger (Rol: Administrador) Acción: El usuario ha iniciado sesión.
[2025-08-06 18:22:12] Usuario: Martin Schonberger (Rol: Administrador) Acción: Accedió a la sección de Pedidos
[2025-08-06 18:23:52] Usuario: Martin Schonberger (Rol: Administrador) Acción: El usuario ha iniciado sesión.
[2025-08-06 18:25:25] Usuario: Martin Schonberger (Rol: Administrador) Acción: Accedió a la sección de Pedidos
[2025-08-06 18:25:27] Usuario: Martin Schonberger (Rol: Administrador) Acción: El usuario ha iniciado sesión.
[2025-08-06 18:37:01] Usuario: Martin Schonberger (Rol: Administrador) Acción: Accedió a la sección de Pedidos
[2025-08-06 18:37:05] Usuario: Martin Schonberger (Rol: Administrador) Acción: Pedido entregado: 4
[2025-08-06 18:37:10] Usuario: Martin Schonberger (Rol: Administrador) Acción: Pedido entregado: 5
[2025-08-06 18:37:25] Usuario: Martin Schonberger (Rol: Administrador) Acción: El usuario ha iniciado sesión.
[2025-08-06 18:37:26] Usuario: Martin Schonberger (Rol: Administrador) Acción: Accedió a la sección de Stock
[2025-08-06 18:37:33] Usuario: Martin Schonberger (Rol: Administrador) Acción: El usuario ha iniciado sesión.
[2025-08-06 18:37:34] Usuario: Martin Schonberger (Rol: Administrador) Acción: El usuario regresó al menú principal.
[2025-08-06 18:37:36] Usuario: Martin Schonberger (Rol: Administrador) Acción: Accedió a la sección de Pedidos
[2025-08-06 18:37:47] Usuario: Martin Schonberger (Rol: Administrador) Acción: Catálogo abierto correctamente.
[2025-08-06 18:37:48] Usuario: Martin Schonberger (Rol: Administrador) Acción: Pedido creado: Usuario con productos: [Tarta de frutilla]
[2025-08-06 18:37:48] Usuario: Martin Schonberger (Rol: Administrador) Acción: No hay insumos suficientes para el pedido. Faltantes: [InsumoFaltante(id=null, catalogoInsumo=CatalogoInsumo(id=5, nombre=FRUTILLA, estado=UNIDAD, proveedor=La Granja SA), cantidadFaltante=20.0, unidad=UNIDADES, resuelto=false)]
[2025-08-06 18:37:55] Usuario: Martin Schonberger (Rol: Administrador) Acción: Pedido entregado: 8
[2025-08-06 18:38:09] Usuario: Martin Schonberger (Rol: Administrador) Acción: El usuario ha iniciado sesión.
[2025-08-06 18:38:11] Usuario: Martin Schonberger (Rol: Administrador) Acción: Accedió a la sección de Estadísticas
[2025-08-06 18:38:14] Usuario: Martin Schonberger (Rol: Administrador) Acción: El usuario ha iniciado sesión.
[2025-08-06 19:21:31] Usuario: Martin Schonberger (Rol: Administrador) Acción: El usuario ha iniciado sesión.
[2025-08-06 19:21:33] Usuario: Martin Schonberger (Rol: Administrador) Acción: Accedió a la sección de Pedidos
[2025-08-06 19:21:46] Usuario: Martin Schonberger (Rol: Administrador) Acción: Catálogo abierto correctamente.
[2025-08-06 19:21:49] Usuario: Martin Schonberger (Rol: Administrador) Acción: Pedido creado: Usuario con productos: [Torta de chocolate, Tarta de frutilla]
[2025-08-06 19:21:49] Usuario: Martin Schonberger (Rol: Administrador) Acción: No hay insumos suficientes para el pedido. Faltantes: [InsumoFaltante(id=null, catalogoInsumo=CatalogoInsumo(id=5, nombre=FRUTILLA, estado=UNIDAD, proveedor=La Granja SA), cantidadFaltante=10.0, unidad=UNIDADES, resuelto=false)]
[2025-08-06 19:22:53] Usuario: Martin Schonberger (Rol: Administrador) Acción: Pedido cancelado por el usuario.
[2025-08-06 19:27:45] Usuario: Martin Schonberger (Rol: Administrador) Acción: El usuario ha iniciado sesión.
[2025-08-06 19:27:47] Usuario: Martin Schonberger (Rol: Administrador) Acción: Accedió a la sección de Pedidos
[2025-08-06 19:29:07] Usuario: Martin Schonberger (Rol: Administrador) Acción: El usuario ha iniciado sesión.
[2025-08-06 19:29:09] Usuario: Martin Schonberger (Rol: Administrador) Acción: Accedió a la sección de Pedidos
[2025-08-06 19:43:48] Usuario: Martin Schonberger (Rol: Administrador) Acción: El usuario ha iniciado sesión.
[2025-08-06 19:43:52] Usuario: Martin Schonberger (Rol: Administrador) Acción: Accedió a la sección de Pedidos
[2025-08-06 22:43:09] Usuario: Martin Schonberger (Rol: Administrador) Acción: El usuario ha iniciado sesión.
[2025-08-06 22:43:14] Usuario: Martin Schonberger (Rol: Administrador) Acción: Accedió a la sección de Pedidos
[2025-08-06 22:44:51] Usuario: Martin Schonberger (Rol: Administrador) Acción: El usuario ha iniciado sesión.
[2025-08-06 22:44:57] Usuario: Martin Schonberger (Rol: Administrador) Acción: Accedió a la sección de Pedidos
[2025-08-06 22:46:39] Usuario: Martin Schonberger (Rol: Administrador) Acción: El usuario ha iniciado sesión.
[2025-08-06 22:46:40] Usuario: Martin Schonberger (Rol: Administrador) Acción: Accedió a la sección de Pedidos
[2025-08-06 22:47:07] Usuario: Martin Schonberger (Rol: Administrador) Acción: Catálogo abierto correctamente.
