[2025-10-29 22:04:43] Usuario: Sofia Lopez (Rol: Administrador) Acción: El usuario ha iniciado sesión.
[2025-10-29 22:05:16] Usuario: Sofia Lopez (Rol: Administrador) Acción: El usuario accedió a la sección de Configuración
[2025-10-29 22:05:18] Usuario: Sofia Lopez (Rol: Administrador) Acción: El usuario abrió la ventana de acciones de usuario para visualizar las acciones.
[2025-10-29 22:05:20] Usuario: Sofia Lopez (Rol: Administrador) Acción: El usuario accedió a la pantalla de gestión de roles.
[2025-10-29 22:05:20] Usuario: Sofia Lopez (Rol: Administrador) Acción: Roles cargados desde la base de datos: 3 roles disponibles.
[2025-10-29 22:05:20] Usuario: Sofia Lopez (Rol: Administrador) Acción: No se seleccionó ningún rol. Los permisos han sido deshabilitados.
[2025-10-29 22:05:20] Usuario: Sofia Lopez (Rol: Administrador) Acción: El usuario accedió a la ventana de control de roles y permisos para gestionar los privilegios de los usuarios.
[2025-10-29 22:05:27] Usuario: Sofia Lopez (Rol: Administrador) Acción: El usuario ha iniciado sesión.
[2025-10-29 22:05:27] Usuario: Sofia Lopez (Rol: Administrador) Acción: El usuario regresó al menú principal.
[2025-10-29 22:29:09] Usuario: Sofia Lopez (Rol: Administrador) Acción: Accedió a la sección de Eventos
[2025-10-29 22:29:09] Usuario: Sofia Lopez (Rol: Administrador) Acción: Evento agregado para la fecha: 2025-08-07
[2025-10-29 22:29:09] Usuario: Sofia Lopez (Rol: Administrador) Acción: Evento agregado para la fecha: 2025-08-14
[2025-10-29 22:29:09] Usuario: Sofia Lopez (Rol: Administrador) Acción: Calendario para el mes: 2025-10 generado correctamente.
[2025-10-29 22:29:09] Usuario: Sofia Lopez (Rol: Administrador) Acción: Calendario para el mes: 2025-10 generado correctamente.
[2025-10-29 22:29:09] Usuario: Sofia Lopez (Rol: Administrador) Acción: Calendario inicializado para el mes: 2025-10
[2025-10-29 22:29:11] Usuario: Sofia Lopez (Rol: Administrador) Acción: Calendario para el mes: 2025-09 generado correctamente.
[2025-10-29 22:29:11] Usuario: Sofia Lopez (Rol: Administrador) Acción: Cambiado al mes anterior: 2025-09
[2025-10-29 22:29:12] Usuario: Sofia Lopez (Rol: Administrador) Acción: Calendario para el mes: 2025-08 generado correctamente.
[2025-10-29 22:29:12] Usuario: Sofia Lopez (Rol: Administrador) Acción: Cambiado al mes anterior: 2025-08
[2025-10-29 22:29:44] Usuario: Sofia Lopez (Rol: Administrador) Acción: El usuario ha iniciado sesión.
[2025-10-29 22:29:44] Usuario: Sofia Lopez (Rol: Administrador) Acción: El usuario volvió al menú principal.
[2025-10-29 22:29:46] Usuario: Sofia Lopez (Rol: Administrador) Acción: Accedió a la sección de Pedidos
