[2025-11-17 16:09:45] Usuario: null (Rol: Sin rol) Acción: Intento de login fallido: contraseña incorrecta (DNI: 12345678)
[2025-11-17 16:09:50] Usuario: Albaro Benitez (Rol: Empleado) Acción: El usuario ha iniciado sesión.
[2025-11-17 16:10:03] Usuario: Albaro Benitez (Rol: Empleado) Acción: El usuario cerró sesión
[2025-11-17 16:10:06] Usuario: Albaro Benitez (Rol: Empleado) Acción: El usuario cerró sesión
[2025-11-17 16:11:00] Usuario: Sofia Lopez (Rol: Administrador) Acción: El usuario ha iniciado sesión.
[2025-11-17 16:11:03] Usuario: Sofia Lopez (Rol: Administrador) Acción: El usuario accedió a la sección de Configuración
[2025-11-17 16:11:08] Usuario: Sofia Lopez (Rol: Administrador) Acción: El usuario abrió el formulario para modificar los datos de un empleado existente.
[2025-11-17 16:11:25] Usuario: Sofia Lopez (Rol: Administrador) Acción: El usuario accedió a la pantalla de gestión de roles.
[2025-11-17 16:11:25] Usuario: Sofia Lopez (Rol: Administrador) Acción: Roles cargados desde la base de datos: 3 roles disponibles.
[2025-11-17 16:11:25] Usuario: Sofia Lopez (Rol: Administrador) Acción: No se seleccionó ningún rol. Los permisos han sido deshabilitados.
[2025-11-17 16:11:25] Usuario: Sofia Lopez (Rol: Administrador) Acción: El usuario accedió a la ventana de control de roles y permisos para gestionar los privilegios de los usuarios.
[2025-11-17 16:11:45] Usuario: Sofia Lopez (Rol: Administrador) Acción: El usuario ha iniciado sesión.
[2025-11-17 16:11:45] Usuario: Sofia Lopez (Rol: Administrador) Acción: El usuario regresó al menú principal.
[2025-11-17 16:11:59] Usuario: Sofia Lopez (Rol: Administrador) Acción: Accedió a la sección de Pedidos
[2025-11-17 16:12:07] Usuario: Sofia Lopez (Rol: Administrador) Acción: El usuario ha iniciado sesión.
[2025-11-17 16:12:11] Usuario: Sofia Lopez (Rol: Administrador) Acción: El usuario accedió a la sección de Configuración
[2025-11-17 16:12:15] Usuario: Sofia Lopez (Rol: Administrador) Acción: El usuario abrió el formulario para modificar los datos de un empleado existente.
[2025-11-17 16:13:40] Usuario: Sofia Lopez (Rol: Administrador) Acción: El usuario accedió a la pantalla de gestión de roles.
[2025-11-17 16:13:40] Usuario: Sofia Lopez (Rol: Administrador) Acción: Roles cargados desde la base de datos: 3 roles disponibles.
[2025-11-17 16:13:40] Usuario: Sofia Lopez (Rol: Administrador) Acción: No se seleccionó ningún rol. Los permisos han sido deshabilitados.
[2025-11-17 16:13:40] Usuario: Sofia Lopez (Rol: Administrador) Acción: El usuario accedió a la ventana de control de roles y permisos para gestionar los privilegios de los usuarios.
[2025-11-17 16:13:51] Usuario: Sofia Lopez (Rol: Administrador) Acción: Se cargaron permisos para el rol: Empleado
[2025-11-17 16:13:54] Usuario: Sofia Lopez (Rol: Administrador) Acción: Se cargaron permisos para el rol: Cajera
[2025-11-17 16:14:09] Usuario: Sofia Lopez (Rol: Administrador) Acción: El usuario asignó el permiso Eventos-ver al rol: Cajera
[2025-11-17 16:14:09] Usuario: Sofia Lopez (Rol: Administrador) Acción: El usuario asignó el permiso Eventos-crear al rol: Cajera
[2025-11-17 16:14:09] Usuario: Sofia Lopez (Rol: Administrador) Acción: El usuario asignó el permiso Eventos-modificar al rol: Cajera
[2025-11-17 16:14:09] Usuario: Sofia Lopez (Rol: Administrador) Acción: El usuario asignó el permiso Eventos-eliminar al rol: Cajera
[2025-11-17 16:14:09] Usuario: Sofia Lopez (Rol: Administrador) Acción: El usuario asignó el permiso Eventos-todos al rol: Cajera
[2025-11-17 16:14:14] Usuario: Sofia Lopez (Rol: Administrador) Acción: El usuario revocó el permiso Eventos-todos al rol: Cajera
[2025-11-17 16:14:16] Usuario: Sofia Lopez (Rol: Administrador) Acción: El usuario revocó el permiso Eventos-eliminar al rol: Cajera
[2025-11-17 16:14:17] Usuario: Sofia Lopez (Rol: Administrador) Acción: El usuario revocó el permiso Eventos-modificar al rol: Cajera
[2025-11-17 16:14:18] Usuario: Sofia Lopez (Rol: Administrador) Acción: El usuario revocó el permiso Eventos-crear al rol: Cajera
[2025-11-17 16:14:19] Usuario: Sofia Lopez (Rol: Administrador) Acción: El usuario revocó el permiso Eventos-ver al rol: Cajera
[2025-11-17 16:14:21] Usuario: Sofia Lopez (Rol: Administrador) Acción: El usuario asignó el permiso Agenda-ver al rol: Cajera
[2025-11-17 16:14:21] Usuario: Sofia Lopez (Rol: Administrador) Acción: El usuario asignó el permiso Agenda-crear al rol: Cajera
[2025-11-17 16:14:21] Usuario: Sofia Lopez (Rol: Administrador) Acción: El usuario asignó el permiso Agenda-modificar al rol: Cajera
[2025-11-17 16:14:21] Usuario: Sofia Lopez (Rol: Administrador) Acción: El usuario asignó el permiso Agenda-eliminar al rol: Cajera
[2025-11-17 16:14:21] Usuario: Sofia Lopez (Rol: Administrador) Acción: El usuario asignó el permiso Agenda-todos al rol: Cajera
[2025-11-17 16:14:38] Usuario: Sofia Lopez (Rol: Administrador) Acción: El usuario asignó el permiso Pedidos-ver al rol: Cajera
[2025-11-17 16:14:38] Usuario: Sofia Lopez (Rol: Administrador) Acción: El usuario asignó el permiso Pedidos-crear al rol: Cajera
[2025-11-17 16:14:38] Usuario: Sofia Lopez (Rol: Administrador) Acción: El usuario asignó el permiso Pedidos-modificar al rol: Cajera
[2025-11-17 16:14:38] Usuario: Sofia Lopez (Rol: Administrador) Acción: El usuario asignó el permiso Pedidos-eliminar al rol: Cajera
[2025-11-17 16:14:38] Usuario: Sofia Lopez (Rol: Administrador) Acción: El usuario asignó el permiso Pedidos-todos al rol: Cajera
[2025-11-17 16:14:45] Usuario: Sofia Lopez (Rol: Administrador) Acción: El usuario revocó el permiso Pedidos-todos al rol: Cajera
[2025-11-17 16:14:45] Usuario: Sofia Lopez (Rol: Administrador) Acción: El usuario revocó el permiso Pedidos-eliminar al rol: Cajera
[2025-11-17 16:14:46] Usuario: Sofia Lopez (Rol: Administrador) Acción: El usuario revocó el permiso Pedidos-modificar al rol: Cajera
[2025-11-17 16:15:02] Usuario: Sofia Lopez (Rol: Administrador) Acción: Se cargaron permisos para el rol: Empleado
[2025-11-17 16:15:08] Usuario: Sofia Lopez (Rol: Administrador) Acción: El usuario ha iniciado sesión.
[2025-11-17 16:15:09] Usuario: Sofia Lopez (Rol: Administrador) Acción: El usuario regresó al menú principal.
[2025-11-17 16:57:58] Usuario: Sofia Lopez (Rol: Administrador) Acción: El usuario ha iniciado sesión.
[2025-11-17 16:58:02] Usuario: Sofia Lopez (Rol: Administrador) Acción: El usuario accedió a la sección de Configuración
[2025-11-17 16:58:06] Usuario: Sofia Lopez (Rol: Administrador) Acción: El usuario abrió el formulario para registrar un nuevo empleado en el sistema.
[2025-11-17 16:58:08] Usuario: Sofia Lopez (Rol: Administrador) Acción: El usuario abrió el formulario para eliminar un empleado del sistema.
[2025-11-17 16:58:09] Usuario: Sofia Lopez (Rol: Administrador) Acción: El usuario ha iniciado sesión.
[2025-11-17 16:58:10] Usuario: Sofia Lopez (Rol: Administrador) Acción: El usuario regresó al menú principal.
[2025-11-17 16:58:10] Usuario: Sofia Lopez (Rol: Administrador) Acción: Accedió a la sección de Pedidos
[2025-11-17 16:58:32] Usuario: Sofia Lopez (Rol: Administrador) Acción: Accedió a nuevo cliente.
[2025-11-17 16:59:25] Usuario: Sofia Lopez (Rol: Administrador) Acción: Cliente creado: Juana Galiano
[2025-11-17 16:59:33] Usuario: Sofia Lopez (Rol: Administrador) Acción: El usuario ha iniciado sesión.
[2025-11-17 16:59:36] Usuario: Sofia Lopez (Rol: Administrador) Acción: El usuario accedió a la sección de Configuración
[2025-11-17 16:59:37] Usuario: Sofia Lopez (Rol: Administrador) Acción: El usuario abrió la ventana de gestión de clientes para administrar la información de los clientes.
[2025-11-17 16:59:55] Usuario: Sofia Lopez (Rol: Administrador) Acción: El usuario ha iniciado sesión.
[2025-11-17 16:59:55] Usuario: Sofia Lopez (Rol: Administrador) Acción: El usuario regresó al menú principal.
[2025-11-17 16:59:56] Usuario: Sofia Lopez (Rol: Administrador) Acción: Accedió a la sección de Pedidos
[2025-11-17 17:00:28] Usuario: Sofia Lopez (Rol: Administrador) Acción: Catálogo abierto correctamente.
[2025-11-17 17:00:32] Usuario: Sofia Lopez (Rol: Administrador) Acción: Pedido creado: Juana con productos: [Cookies dulce de leche]
[2025-11-17 17:00:32] Usuario: Sofia Lopez (Rol: Administrador) Acción: No hay insumos suficientes para el pedido. Faltantes: [InsumoFaltante(id=null, catalogoInsumo=CatalogoInsumo(id=9, nombre=DULCE DE LECHE, estado=SÓLIDO, proveedor=Campo Santa Helena SA), cantidadFaltante=800.0, unidad=GR, resuelto=false), InsumoFaltante(id=null, catalogoInsumo=CatalogoInsumo(id=11, nombre=VAINILLAS, estado=SÓLIDO, proveedor=Lacteos SA), cantidadFaltante=600.0, unidad=GR, resuelto=false), InsumoFaltante(id=null, catalogoInsumo=CatalogoInsumo(id=10, nombre=CREMA DE LECHE, estado=SÓLIDO, proveedor=Lacteos SA), cantidadFaltante=400.0, unidad=GR, resuelto=false), InsumoFaltante(id=null, catalogoInsumo=CatalogoInsumo(id=3, nombre=LECHE, estado=LÍQUIDO, proveedor=Lacteos SA), cantidadFaltante=500.0, unidad=ML, resuelto=false)]
[2025-11-17 17:00:34] Usuario: Sofia Lopez (Rol: Administrador) Acción: El usuario ha iniciado sesión.
[2025-11-17 17:00:36] Usuario: Sofia Lopez (Rol: Administrador) Acción: El usuario accedió a la sección de Configuración
[2025-11-17 17:00:43] Usuario: Sofia Lopez (Rol: Administrador) Acción: El usuario abrió el formulario para eliminar un empleado del sistema.
[2025-11-17 17:00:53] Usuario: Sofia Lopez (Rol: Administrador) Acción: El usuario abrió el formulario para modificar los datos de un empleado existente.
[2025-11-17 17:01:00] Usuario: Sofia Lopez (Rol: Administrador) Acción: El usuario abrió el formulario para eliminar un empleado del sistema.
[2025-11-17 17:01:02] Usuario: Sofia Lopez (Rol: Administrador) Acción: El usuario abrió el formulario para modificar los datos de un empleado existente.
[2025-11-17 17:01:03] Usuario: Sofia Lopez (Rol: Administrador) Acción: El usuario abrió el formulario para eliminar un empleado del sistema.
[2025-11-17 17:01:11] Usuario: Sofia Lopez (Rol: Administrador) Acción: Empleado eliminado: Albaro Benitez
[2025-11-17 17:01:16] Usuario: Sofia Lopez (Rol: Administrador) Acción: El usuario ha iniciado sesión.
[2025-11-17 17:01:16] Usuario: Sofia Lopez (Rol: Administrador) Acción: El usuario regresó al menú principal.
[2025-11-17 17:01:18] Usuario: Sofia Lopez (Rol: Administrador) Acción: Accedió a la sección de Pedidos
[2025-11-17 17:01:35] Usuario: Sofia Lopez (Rol: Administrador) Acción: El usuario ha iniciado sesión.
[2025-11-17 18:15:51] Usuario: Sofia Lopez (Rol: Administrador) Acción: El usuario ha iniciado sesión.
[2025-11-17 18:15:52] Usuario: Sofia Lopez (Rol: Administrador) Acción: Accedió a la sección de Pedidos
[2025-11-17 18:15:55] Usuario: Sofia Lopez (Rol: Administrador) Acción: El usuario ha iniciado sesión.
[2025-11-17 18:15:59] Usuario: Sofia Lopez (Rol: Administrador) Acción: El usuario accedió a la sección de Configuración
[2025-11-17 18:16:03] Usuario: Sofia Lopez (Rol: Administrador) Acción: El usuario abrió el formulario para eliminar un empleado del sistema.
[2025-11-17 18:16:10] Usuario: Sofia Lopez (Rol: Administrador) Acción: Empleado eliminado: Albaro Benitez
[2025-11-17 18:16:14] Usuario: Sofia Lopez (Rol: Administrador) Acción: El usuario abrió el formulario para eliminar un empleado del sistema.
[2025-11-17 18:16:17] Usuario: Sofia Lopez (Rol: Administrador) Acción: El usuario ha iniciado sesión.
[2025-11-17 18:16:17] Usuario: Sofia Lopez (Rol: Administrador) Acción: El usuario regresó al menú principal.
[2025-11-17 18:16:19] Usuario: Sofia Lopez (Rol: Administrador) Acción: Accedió a la sección de Pedidos
[2025-11-17 18:25:22] Usuario: Sofia Lopez (Rol: Administrador) Acción: El usuario ha iniciado sesión.
[2025-11-17 18:25:26] Usuario: Sofia Lopez (Rol: Administrador) Acción: El usuario accedió a la sección de Configuración
[2025-11-17 18:25:29] Usuario: Sofia Lopez (Rol: Administrador) Acción: El usuario abrió el formulario para registrar un nuevo empleado en el sistema.
[2025-11-17 18:27:52] Usuario: Sofia Lopez (Rol: Administrador) Acción: Empleado guardado: Lucia Morales
[2025-11-17 18:28:01] Usuario: Sofia Lopez (Rol: Administrador) Acción: El usuario abrió el formulario para eliminar un empleado del sistema.
[2025-11-17 18:28:08] Usuario: Sofia Lopez (Rol: Administrador) Acción: Empleado eliminado: Lucia Morales
[2025-11-17 18:28:18] Usuario: Sofia Lopez (Rol: Administrador) Acción: El usuario ha iniciado sesión.
[2025-11-17 18:28:18] Usuario: Sofia Lopez (Rol: Administrador) Acción: El usuario regresó al menú principal.
[2025-11-17 18:28:19] Usuario: Sofia Lopez (Rol: Administrador) Acción: Accedió a la sección de Pedidos
[2025-11-17 18:28:31] Usuario: Sofia Lopez (Rol: Administrador) Acción: El usuario ha iniciado sesión.
[2025-11-17 18:28:33] Usuario: Sofia Lopez (Rol: Administrador) Acción: El usuario accedió a la sección de Configuración
[2025-11-17 18:28:39] Usuario: Sofia Lopez (Rol: Administrador) Acción: El usuario abrió el formulario para eliminar un empleado del sistema.
[2025-11-17 18:28:47] Usuario: Sofia Lopez (Rol: Administrador) Acción: El usuario ha iniciado sesión.
[2025-11-17 18:28:47] Usuario: Sofia Lopez (Rol: Administrador) Acción: El usuario regresó al menú principal.
[2025-11-17 18:28:50] Usuario: Sofia Lopez (Rol: Administrador) Acción: El usuario accedió a la sección de Configuración
[2025-11-17 18:28:53] Usuario: Sofia Lopez (Rol: Administrador) Acción: El usuario abrió el formulario para registrar un nuevo empleado en el sistema.
[2025-11-17 18:30:18] Usuario: Sofia Lopez (Rol: Administrador) Acción: Empleado guardado: Lucia Martinez
[2025-11-17 18:30:24] Usuario: Sofia Lopez (Rol: Administrador) Acción: El usuario ha iniciado sesión.
[2025-11-17 18:30:24] Usuario: Sofia Lopez (Rol: Administrador) Acción: El usuario regresó al menú principal.
[2025-11-17 18:30:25] Usuario: Sofia Lopez (Rol: Administrador) Acción: Accedió a la sección de Pedidos
[2025-11-17 18:30:38] Usuario: Sofia Lopez (Rol: Administrador) Acción: El usuario ha iniciado sesión.
[2025-11-17 18:30:41] Usuario: Sofia Lopez (Rol: Administrador) Acción: El usuario accedió a la sección de Configuración
[2025-11-17 18:30:44] Usuario: Sofia Lopez (Rol: Administrador) Acción: El usuario abrió el formulario para eliminar un empleado del sistema.
[2025-11-17 18:30:53] Usuario: Sofia Lopez (Rol: Administrador) Acción: Empleado eliminado: Lucia Martinez
[2025-11-17 18:31:38] Usuario: Sofia Lopez (Rol: Administrador) Acción: El usuario ha iniciado sesión.
[2025-11-17 18:31:38] Usuario: Sofia Lopez (Rol: Administrador) Acción: El usuario regresó al menú principal.
[2025-11-17 18:49:28] Usuario: Sofia Lopez (Rol: Administrador) Acción: El usuario ha iniciado sesión.
[2025-11-17 18:49:31] Usuario: Sofia Lopez (Rol: Administrador) Acción: El usuario accedió a la sección de Configuración
[2025-11-17 18:49:35] Usuario: Sofia Lopez (Rol: Administrador) Acción: El usuario abrió el formulario para eliminar un empleado del sistema.
[2025-11-17 18:49:37] Usuario: Sofia Lopez (Rol: Administrador) Acción: El usuario ha iniciado sesión.
[2025-11-17 18:49:37] Usuario: Sofia Lopez (Rol: Administrador) Acción: El usuario regresó al menú principal.
[2025-11-17 18:49:38] Usuario: Sofia Lopez (Rol: Administrador) Acción: Accedió a la sección de Pedidos
[2025-11-17 18:49:40] Usuario: Sofia Lopez (Rol: Administrador) Acción: El usuario ha iniciado sesión.
[2025-11-17 18:49:42] Usuario: Sofia Lopez (Rol: Administrador) Acción: El usuario accedió a la sección de Configuración
[2025-11-17 18:49:45] Usuario: Sofia Lopez (Rol: Administrador) Acción: El usuario abrió el formulario para eliminar un empleado del sistema.
[2025-11-17 18:49:54] Usuario: Sofia Lopez (Rol: Administrador) Acción: Intento fallido de eliminar empleado con pedidos asignados: Lucia Martinez
[2025-11-17 18:49:59] Usuario: Sofia Lopez (Rol: Administrador) Acción: El usuario ha iniciado sesión.
[2025-11-17 18:49:59] Usuario: Sofia Lopez (Rol: Administrador) Acción: El usuario regresó al menú principal.
[2025-11-17 18:50:00] Usuario: Sofia Lopez (Rol: Administrador) Acción: Accedió a la sección de Pedidos
[2025-11-17 18:50:02] Usuario: Sofia Lopez (Rol: Administrador) Acción: El usuario ha iniciado sesión.
[2025-11-17 18:50:05] Usuario: Sofia Lopez (Rol: Administrador) Acción: El usuario accedió a la sección de Configuración
[2025-11-17 18:50:11] Usuario: Sofia Lopez (Rol: Administrador) Acción: El usuario ha iniciado sesión.
[2025-11-17 18:50:11] Usuario: Sofia Lopez (Rol: Administrador) Acción: El usuario regresó al menú principal.
[2025-11-17 18:50:12] Usuario: Sofia Lopez (Rol: Administrador) Acción: Accedió a la sección de Pedidos
[2025-11-17 18:50:36] Usuario: Sofia Lopez (Rol: Administrador) Acción: El usuario ha iniciado sesión.
[2025-11-17 18:50:39] Usuario: Sofia Lopez (Rol: Administrador) Acción: El usuario accedió a la sección de Configuración
[2025-11-17 18:50:50] Usuario: Sofia Lopez (Rol: Administrador) Acción: El usuario abrió el formulario para eliminar un empleado del sistema.
[2025-11-17 18:50:59] Usuario: Sofia Lopez (Rol: Administrador) Acción: Error al intentar eliminar: No result found for query [SELECT t FROM Trabajador t LEFT JOIN FETCH t.rol WHERE t.nombre = :nombre]
[2025-11-17 18:51:40] Usuario: Sofia Lopez (Rol: Administrador) Acción: Error al guardar los cambios del empleado: No result found for query [SELECT t FROM Trabajador t LEFT JOIN FETCH t.rol WHERE t.nombre = :nombre]
[2025-11-17 18:51:43] Usuario: Sofia Lopez (Rol: Administrador) Acción: El usuario ha iniciado sesión.
[2025-11-17 18:51:43] Usuario: Sofia Lopez (Rol: Administrador) Acción: El usuario regresó al menú principal.
[2025-11-17 18:52:08] Usuario: Sofia Lopez (Rol: Administrador) Acción: El usuario accedió a la sección de Configuración
[2025-11-17 18:52:13] Usuario: Sofia Lopez (Rol: Administrador) Acción: El usuario abrió el formulario para eliminar un empleado del sistema.
[2025-11-17 18:52:21] Usuario: Sofia Lopez (Rol: Administrador) Acción: El usuario ha iniciado sesión.
[2025-11-17 18:52:21] Usuario: Sofia Lopez (Rol: Administrador) Acción: El usuario regresó al menú principal.
[2025-11-17 18:52:22] Usuario: Sofia Lopez (Rol: Administrador) Acción: Accedió a la sección de Pedidos
[2025-11-17 18:58:07] Usuario: Sofia Lopez (Rol: Administrador) Acción: El usuario ha iniciado sesión.
[2025-11-17 18:58:12] Usuario: Sofia Lopez (Rol: Administrador) Acción: El usuario accedió a la sección de Configuración
[2025-11-17 18:58:21] Usuario: Sofia Lopez (Rol: Administrador) Acción: El usuario ha iniciado sesión.
[2025-11-17 18:58:21] Usuario: Sofia Lopez (Rol: Administrador) Acción: El usuario regresó al menú principal.
[2025-11-17 18:58:29] Usuario: Sofia Lopez (Rol: Administrador) Acción: Accedió a la sección de Pedidos
[2025-11-17 18:58:41] Usuario: Sofia Lopez (Rol: Administrador) Acción: El usuario ha iniciado sesión.
[2025-11-17 18:58:44] Usuario: Sofia Lopez (Rol: Administrador) Acción: El usuario accedió a la sección de Configuración
[2025-11-17 18:58:47] Usuario: Sofia Lopez (Rol: Administrador) Acción: El usuario abrió el formulario para registrar un nuevo empleado en el sistema.
[2025-11-17 19:00:30] Usuario: Sofia Lopez (Rol: Administrador) Acción: Empleado guardado: Luna Galiano
[2025-11-17 19:00:35] Usuario: Sofia Lopez (Rol: Administrador) Acción: El usuario ha iniciado sesión.
[2025-11-17 19:00:35] Usuario: Sofia Lopez (Rol: Administrador) Acción: El usuario regresó al menú principal.
[2025-11-17 19:00:36] Usuario: Sofia Lopez (Rol: Administrador) Acción: Accedió a la sección de Pedidos
[2025-11-17 19:00:45] Usuario: Sofia Lopez (Rol: Administrador) Acción: El usuario ha iniciado sesión.
[2025-11-17 19:00:48] Usuario: Sofia Lopez (Rol: Administrador) Acción: El usuario accedió a la sección de Configuración
[2025-11-17 19:00:52] Usuario: Sofia Lopez (Rol: Administrador) Acción: El usuario abrió el formulario para eliminar un empleado del sistema.
[2025-11-17 19:00:59] Usuario: Sofia Lopez (Rol: Administrador) Acción: Intento fallido de eliminar empleado con pedidos asignados: Luna Galiano
[2025-11-17 19:01:03] Usuario: Sofia Lopez (Rol: Administrador) Acción: El usuario ha iniciado sesión.
[2025-11-17 19:01:03] Usuario: Sofia Lopez (Rol: Administrador) Acción: El usuario regresó al menú principal.
[2025-11-17 19:01:06] Usuario: Sofia Lopez (Rol: Administrador) Acción: Accedió a la sección de Pedidos
[2025-11-17 19:01:14] Usuario: Sofia Lopez (Rol: Administrador) Acción: El usuario ha iniciado sesión.
[2025-11-17 19:01:17] Usuario: Sofia Lopez (Rol: Administrador) Acción: El usuario accedió a la sección de Configuración
[2025-11-17 19:01:20] Usuario: Sofia Lopez (Rol: Administrador) Acción: El usuario abrió el formulario para eliminar un empleado del sistema.
[2025-11-17 19:01:26] Usuario: Sofia Lopez (Rol: Administrador) Acción: Empleado eliminado: Luna Galiano
[2025-11-17 19:01:30] Usuario: Sofia Lopez (Rol: Administrador) Acción: El usuario ha iniciado sesión.
[2025-11-17 19:01:30] Usuario: Sofia Lopez (Rol: Administrador) Acción: El usuario regresó al menú principal.
[2025-11-17 19:01:31] Usuario: Sofia Lopez (Rol: Administrador) Acción: Accedió a la sección de Pedidos
[2025-11-17 19:01:42] Usuario: Sofia Lopez (Rol: Administrador) Acción: El usuario ha iniciado sesión.
