[2025-11-13 15:51:07] Usuario: Sofia Lopez (Rol: Administrador) Acción: El usuario ha iniciado sesión.
[2025-11-13 15:51:54] Usuario: Sofia Lopez (Rol: Administrador) Acción: El usuario accedió a la sección de Configuración
[2025-11-13 15:51:58] Usuario: Sofia Lopez (Rol: Administrador) Acción: El usuario abrió el formulario para registrar un nuevo empleado en el sistema.
[2025-11-13 15:53:27] Usuario: Sofia Lopez (Rol: Administrador) Acción: Empleado guardado: Albaro Benitez
[2025-11-13 15:53:51] Usuario: Sofia Lopez (Rol: Administrador) Acción: El usuario abrió el formulario para modificar los datos de un empleado existente.
[2025-11-13 15:54:32] Usuario: Sofia Lopez (Rol: Administrador) Acción: Empleado con DNI 44530421 actualizado.
[2025-11-13 15:54:34] Usuario: Sofia Lopez (Rol: Administrador) Acción: El usuario abrió el formulario para modificar los datos de un empleado existente.
[2025-11-13 15:54:43] Usuario: Sofia Lopez (Rol: Administrador) Acción: El usuario abrió el formulario para registrar un nuevo empleado en el sistema.
[2025-11-13 15:55:42] Usuario: Sofia Lopez (Rol: Administrador) Acción: Empleado guardado: Juan Gimenez
[2025-11-13 15:55:47] Usuario: Sofia Lopez (Rol: Administrador) Acción: El usuario abrió el formulario para eliminar un empleado del sistema.
[2025-11-13 15:55:55] Usuario: Sofia Lopez (Rol: Administrador) Acción: Empleado eliminado: Juan Gimenez
[2025-11-13 15:55:57] Usuario: Sofia Lopez (Rol: Administrador) Acción: El usuario abrió el formulario para modificar los datos de un empleado existente.
[2025-11-13 15:56:18] Usuario: Sofia Lopez (Rol: Administrador) Acción: El usuario ha iniciado sesión.
[2025-11-13 15:56:18] Usuario: Sofia Lopez (Rol: Administrador) Acción: El usuario regresó al menú principal.
[2025-11-13 15:56:20] Usuario: Sofia Lopez (Rol: Administrador) Acción: Accedió a la sección de Proveedores
[2025-11-13 15:56:22] Usuario: Sofia Lopez (Rol: Administrador) Acción: El usuario accedió al formulario para crear un proveedor.
[2025-11-13 15:58:21] Usuario: Sofia Lopez (Rol: Administrador) Acción: Proveedor guardado: Campo Santa Helena SA
[2025-11-13 15:58:26] Usuario: Sofia Lopez (Rol: Administrador) Acción: El usuario accedió al formulario para modificar el proveedor: Campo Santa Helena SA
[2025-11-13 15:58:37] Usuario: Sofia Lopez (Rol: Administrador) Acción: Proveedor actualizado: Campo Santa Helena SA
[2025-11-13 15:58:51] Usuario: Sofia Lopez (Rol: Administrador) Acción: El usuario accedió al formulario para crear un proveedor.
[2025-11-13 15:59:14] Usuario: Sofia Lopez (Rol: Administrador) Acción: El usuario accedió al formulario para crear un proveedor.
[2025-11-13 15:59:49] Usuario: Sofia Lopez (Rol: Administrador) Acción: Proveedor guardado: Los Tulipas SRL
[2025-11-13 15:59:54] Usuario: Sofia Lopez (Rol: Administrador) Acción: El usuario eliminó el proveedor: Los Tulipas SRL
[2025-11-13 16:01:03] Usuario: Sofia Lopez (Rol: Administrador) Acción: El usuario ha iniciado sesión.
[2025-11-13 16:01:03] Usuario: Sofia Lopez (Rol: Administrador) Acción: El usuario volvió al menú principal.
[2025-11-13 16:01:09] Usuario: Sofia Lopez (Rol: Administrador) Acción: El usuario accedió a la sección de Configuración
[2025-11-13 16:01:11] Usuario: Sofia Lopez (Rol: Administrador) Acción: El usuario abrió la ventana de gestión de insumos para supervisar y registrar los ingredientes en stock.
[2025-11-13 16:01:13] Usuario: Sofia Lopez (Rol: Administrador) Acción: El usuario agregó un nuevo insumo al catálogo.
[2025-11-13 16:01:33] Usuario: Sofia Lopez (Rol: Administrador) Acción: CatalogoInsumo AZUCAR creado con éxito.
[2025-11-13 16:01:35] Usuario: Sofia Lopez (Rol: Administrador) Acción: El usuario agregó un nuevo insumo al catálogo.
[2025-11-13 16:02:53] Usuario: Sofia Lopez (Rol: Administrador) Acción: Proveedor guardado: Los Hermanos SRL
[2025-11-13 16:02:58] Usuario: Sofia Lopez (Rol: Administrador) Acción: CatalogoInsumo AVENA creado con éxito.
[2025-11-13 16:03:12] Usuario: Sofia Lopez (Rol: Administrador) Acción: El usuario modificó el insumo del catálogo: CHOCOLATE
[2025-11-13 16:03:22] Usuario: Sofia Lopez (Rol: Administrador) Acción: CatalogoInsumo CHOCOLATE modificado con éxito.
[2025-11-13 16:03:30] Usuario: Sofia Lopez (Rol: Administrador) Acción: El usuario agregó un nuevo insumo al catálogo.
[2025-11-13 16:03:48] Usuario: Sofia Lopez (Rol: Administrador) Acción: CatalogoInsumo AAA creado con éxito.
[2025-11-13 16:03:51] Usuario: Sofia Lopez (Rol: Administrador) Acción: El usuario eliminó el insumo del catálogo: AAA
[2025-11-13 16:04:26] Usuario: Sofia Lopez (Rol: Administrador) Acción: El usuario ha iniciado sesión.
[2025-11-13 16:04:26] Usuario: Sofia Lopez (Rol: Administrador) Acción: El usuario regresó al menú principal.
[2025-11-13 16:04:27] Usuario: Sofia Lopez (Rol: Administrador) Acción: Accedió a la sección de Stock
[2025-11-13 16:04:51] Usuario: Sofia Lopez (Rol: Administrador) Acción: El usuario abrió el formulario para agregar un nuevo insumo.
[2025-11-13 16:06:40] Usuario: Sofia Lopez (Rol: Administrador) Acción: El usuario guardó correctamente un insumo: FRUTILLA
[2025-11-13 16:07:24] Usuario: Sofia Lopez (Rol: Administrador) Acción: El usuario ha iniciado sesión.
[2025-11-13 16:07:24] Usuario: Sofia Lopez (Rol: Administrador) Acción: El usuario regresó al menú principal.
[2025-11-13 16:07:26] Usuario: Sofia Lopez (Rol: Administrador) Acción: Accedió a la sección de Stock
[2025-11-13 16:07:43] Usuario: Sofia Lopez (Rol: Administrador) Acción: El usuario ha iniciado sesión.
[2025-11-13 16:07:43] Usuario: Sofia Lopez (Rol: Administrador) Acción: El usuario regresó al menú principal.
[2025-11-13 16:07:46] Usuario: Sofia Lopez (Rol: Administrador) Acción: Accedió a la sección de Stock
[2025-11-13 16:08:47] Usuario: Sofia Lopez (Rol: Administrador) Acción: El usuario ha iniciado sesión.
[2025-11-13 16:08:47] Usuario: Sofia Lopez (Rol: Administrador) Acción: El usuario regresó al menú principal.
[2025-11-13 16:08:59] Usuario: Sofia Lopez (Rol: Administrador) Acción: El usuario accedió a la sección de Configuración
[2025-11-13 16:09:03] Usuario: Sofia Lopez (Rol: Administrador) Acción: El usuario abrió la ventana de gestión de insumos para supervisar y registrar los ingredientes en stock.
[2025-11-13 16:09:05] Usuario: Sofia Lopez (Rol: Administrador) Acción: El usuario agregó un nuevo insumo al catálogo.
[2025-11-13 16:09:13] Usuario: Sofia Lopez (Rol: Administrador) Acción: El usuario ha iniciado sesión.
[2025-11-13 16:09:13] Usuario: Sofia Lopez (Rol: Administrador) Acción: El usuario regresó al menú principal.
[2025-11-13 16:09:16] Usuario: Sofia Lopez (Rol: Administrador) Acción: Accedió a la sección de Recetas
[2025-11-13 16:09:24] Usuario: Sofia Lopez (Rol: Administrador) Acción: El usuario quiere agregar una nueva receta.
[2025-11-13 16:10:36] Usuario: Sofia Lopez (Rol: Administrador) Acción: El usuario quiere agregar una nueva receta.
[2025-11-13 16:11:33] Usuario: Sofia Lopez (Rol: Administrador) Acción: CatalogoInsumo DULCE DE LECHE creado con éxito.
[2025-11-13 16:11:38] Usuario: Sofia Lopez (Rol: Administrador) Acción: Ingrediente agregado: CHOCOLATE, Cantidad: 400 GR
[2025-11-13 16:11:53] Usuario: Sofia Lopez (Rol: Administrador) Acción: CatalogoInsumo CREMA DE LECHE creado con éxito.
[2025-11-13 16:12:05] Usuario: Sofia Lopez (Rol: Administrador) Acción: Ingrediente agregado: CREMA DE LECHE, Cantidad: 200 GR
[2025-11-13 16:12:07] Usuario: Sofia Lopez (Rol: Administrador) Acción: Insumo de receta seleccionado para editar: CHOCOLATE
[2025-11-13 16:12:17] Usuario: Sofia Lopez (Rol: Administrador) Acción: Operación de insumo cancelada.
[2025-11-13 16:12:33] Usuario: Sofia Lopez (Rol: Administrador) Acción: Ingrediente agregado: DULCE DE LECHE, Cantidad: 400 GR
[2025-11-13 16:13:02] Usuario: Sofia Lopez (Rol: Administrador) Acción: CatalogoInsumo VAINILLAS creado con éxito.
[2025-11-13 16:13:10] Usuario: Sofia Lopez (Rol: Administrador) Acción: Ingrediente agregado: VAINILLAS, Cantidad: 300 GR
[2025-11-13 16:13:20] Usuario: Sofia Lopez (Rol: Administrador) Acción: Ingrediente agregado: LECHE, Cantidad: 250 ML
[2025-11-13 16:13:23] Usuario: Sofia Lopez (Rol: Administrador) Acción: Receta guardada: Cookies Dulce de leche
[2025-11-13 16:13:36] Usuario: Sofia Lopez (Rol: Administrador) Acción: El usuario quiere agregar una nueva receta.
[2025-11-13 16:13:49] Usuario: Sofia Lopez (Rol: Administrador) Acción: Ingrediente agregado: HARINA, Cantidad: 100 GR
[2025-11-13 16:13:50] Usuario: Sofia Lopez (Rol: Administrador) Acción: Receta guardada: Cookies
[2025-11-13 16:13:53] Usuario: Sofia Lopez (Rol: Administrador) Acción: El usuario quiere modificar la receta: Cookies
[2025-11-13 16:14:16] Usuario: Sofia Lopez (Rol: Administrador) Acción: Ingrediente agregado: VAINILLAS, Cantidad: 300 GR
[2025-11-13 16:14:18] Usuario: Sofia Lopez (Rol: Administrador) Acción: Receta modificada: Cookies Vainilla
[2025-11-13 16:14:43] Usuario: Sofia Lopez (Rol: Administrador) Acción: El usuario quiere eliminar la receta: Cookies Vainilla
[2025-11-13 16:14:55] Usuario: Sofia Lopez (Rol: Administrador) Acción: El usuario regresó al menú principal desde la pantalla de gestión de recetas.
[2025-11-13 16:14:55] Usuario: Sofia Lopez (Rol: Administrador) Acción: El usuario ha iniciado sesión.
[2025-11-13 16:14:56] Usuario: Sofia Lopez (Rol: Administrador) Acción: Accedió a la sección de Productos
[2025-11-13 16:19:23] Usuario: Sofia Lopez (Rol: Administrador) Acción: El usuario abrió la ventana de gestión de sabores.
[2025-11-13 16:19:27] Usuario: Sofia Lopez (Rol: Administrador) Acción: El usuario quiere agregar un nuevo sabor.
[2025-11-13 16:19:32] Usuario: Sofia Lopez (Rol: Administrador) Acción: Nuevo sabor guardado: Dulce de leche
[2025-11-13 16:19:33] Usuario: Sofia Lopez (Rol: Administrador) Acción: El usuario seleccionó el sabor: Dulce de leche
[2025-11-13 16:19:35] Usuario: Sofia Lopez (Rol: Administrador) Acción: El usuario guardó los sabores seleccionados.
[2025-11-13 16:19:35] Usuario: Sofia Lopez (Rol: Administrador) Acción: Sabores seleccionados para el producto: [Dulce de leche]
[2025-11-13 16:20:59] Usuario: Sofia Lopez (Rol: Administrador) Acción: Imagen cargada para el producto: Cookies dulce de leche
[2025-11-13 16:21:03] Usuario: Sofia Lopez (Rol: Administrador) Acción: Producto modificado: Cookies dulce de leche (ID: null)
[2025-11-13 16:21:03] Usuario: Sofia Lopez (Rol: Administrador) Acción: Producto agregado: Tarta de frutilla
[2025-11-13 16:21:11] Usuario: Sofia Lopez (Rol: Administrador) Acción: El usuario ha iniciado sesión.
[2025-11-13 16:21:11] Usuario: Sofia Lopez (Rol: Administrador) Acción: El usuario regresó al menú principal desde la pantalla de Productos.
[2025-11-13 16:21:17] Usuario: Sofia Lopez (Rol: Administrador) Acción: Accedió a la sección de Stock
[2025-11-13 16:21:19] Usuario: Sofia Lopez (Rol: Administrador) Acción: El usuario ha iniciado sesión.
[2025-11-13 16:21:19] Usuario: Sofia Lopez (Rol: Administrador) Acción: El usuario regresó al menú principal.
[2025-11-13 16:21:21] Usuario: Sofia Lopez (Rol: Administrador) Acción: Accedió a la sección de Productos
[2025-11-13 16:22:09] Usuario: Sofia Lopez (Rol: Administrador) Acción: El usuario abrió la ventana de gestión de sabores.
[2025-11-13 16:22:11] Usuario: Sofia Lopez (Rol: Administrador) Acción: El usuario guardó los sabores seleccionados.
[2025-11-13 16:22:11] Usuario: Sofia Lopez (Rol: Administrador) Acción: Sabores seleccionados para el producto: [Dulce de leche]
[2025-11-13 16:22:16] Usuario: Sofia Lopez (Rol: Administrador) Acción: Producto modificado: Cookies Dulce de Leche (ID: null)
[2025-11-13 16:22:16] Usuario: Sofia Lopez (Rol: Administrador) Acción: Producto agregado: Tarta de frutilla
[2025-11-13 16:22:22] Usuario: Sofia Lopez (Rol: Administrador) Acción: El usuario ha iniciado sesión.
[2025-11-13 16:22:23] Usuario: Sofia Lopez (Rol: Administrador) Acción: El usuario regresó al menú principal desde la pantalla de Productos.
[2025-11-13 16:22:24] Usuario: Sofia Lopez (Rol: Administrador) Acción: Accedió a la sección de Productos
[2025-11-13 16:22:51] Usuario: Sofia Lopez (Rol: Administrador) Acción: Producto modificado: Tarta de frutilla (ID: 2)
[2025-11-13 16:22:51] Usuario: Sofia Lopez (Rol: Administrador) Acción: Producto modificado: Tarta de frutilla
[2025-11-13 16:23:09] Usuario: Sofia Lopez (Rol: Administrador) Acción: El usuario ha iniciado sesión.
[2025-11-13 16:23:09] Usuario: Sofia Lopez (Rol: Administrador) Acción: El usuario regresó al menú principal desde la pantalla de Productos.
[2025-11-13 16:24:33] Usuario: Sofia Lopez (Rol: Administrador) Acción: Accedió a la sección de Productos
[2025-11-13 16:26:31] Usuario: Sofia Lopez (Rol: Administrador) Acción: El usuario abrió la ventana de gestión de sabores.
[2025-11-13 16:26:35] Usuario: Sofia Lopez (Rol: Administrador) Acción: El usuario guardó los sabores seleccionados.
[2025-11-13 16:26:35] Usuario: Sofia Lopez (Rol: Administrador) Acción: Sabores seleccionados para el producto: [Dulce de leche]
[2025-11-13 16:26:37] Usuario: Sofia Lopez (Rol: Administrador) Acción: Producto modificado: Cookies Dulce de Leche (ID: null)
[2025-11-13 16:26:37] Usuario: Sofia Lopez (Rol: Administrador) Acción: Producto agregado: Tarta de frutilla
[2025-11-13 16:27:18] Usuario: Sofia Lopez (Rol: Administrador) Acción: El usuario abrió la ventana de gestión de sabores.
[2025-11-13 16:27:19] Usuario: Sofia Lopez (Rol: Administrador) Acción: El usuario guardó los sabores seleccionados.
[2025-11-13 16:27:19] Usuario: Sofia Lopez (Rol: Administrador) Acción: Sabores seleccionados para el producto: [Dulce de leche]
[2025-11-13 16:27:24] Usuario: Sofia Lopez (Rol: Administrador) Acción: Producto modificado: Cookies dulce de leche (ID: null)
[2025-11-13 16:27:24] Usuario: Sofia Lopez (Rol: Administrador) Acción: Producto agregado: Cookies dulce de leche
[2025-11-13 16:29:12] Usuario: Sofia Lopez (Rol: Administrador) Acción: Producto eliminado: Cookies dulce de leche
[2025-11-13 16:29:15] Usuario: Sofia Lopez (Rol: Administrador) Acción: El usuario ha iniciado sesión.
[2025-11-13 16:29:15] Usuario: Sofia Lopez (Rol: Administrador) Acción: El usuario regresó al menú principal desde la pantalla de Productos.
[2025-11-13 16:29:29] Usuario: Sofia Lopez (Rol: Administrador) Acción: El usuario accedió a la sección de Configuración
[2025-11-13 16:29:33] Usuario: Sofia Lopez (Rol: Administrador) Acción: El usuario abrió la ventana de gestión de clientes para administrar la información de los clientes.
[2025-11-13 16:34:00] Usuario: Sofia Lopez (Rol: Administrador) Acción: El usuario agregó un nuevo cliente.
[2025-11-13 16:35:04] Usuario: Sofia Lopez (Rol: Administrador) Acción: Cliente creado: Luciana Gonzalez
[2025-11-13 16:35:31] Usuario: Sofia Lopez (Rol: Administrador) Acción: El usuario agregó un nuevo cliente.
[2025-11-13 16:35:35] Usuario: Sofia Lopez (Rol: Administrador) Acción: El usuario modificó el cliente: 40158922
[2025-11-13 16:35:42] Usuario: Sofia Lopez (Rol: Administrador) Acción: Cliente actualizado: Luciana Soledad Gonzalez
[2025-11-13 16:35:46] Usuario: Sofia Lopez (Rol: Administrador) Acción: El usuario agregó un nuevo cliente.
[2025-11-13 16:36:24] Usuario: Sofia Lopez (Rol: Administrador) Acción: Cliente creado: Pablo Lopez
[2025-11-13 16:36:27] Usuario: Sofia Lopez (Rol: Administrador) Acción: El usuario eliminó el cliente: 12456556
[2025-11-13 16:37:20] Usuario: Sofia Lopez (Rol: Administrador) Acción: El usuario abrió la ventana de gestión de sabores para administrar los sabores disponibles en la pastelería.
[2025-11-13 16:37:38] Usuario: Sofia Lopez (Rol: Administrador) Acción: El usuario abrió la ventana de gestión de insumos para supervisar y registrar los ingredientes en stock.
[2025-11-13 16:37:39] Usuario: Sofia Lopez (Rol: Administrador) Acción: El usuario abrió la ventana de configuración de notificaciones.
[2025-11-13 16:37:40] Usuario: Sofia Lopez (Rol: Administrador) Acción: El usuario abrió la ventana de acciones de usuario para visualizar las acciones.
[2025-11-13 16:37:45] Usuario: Sofia Lopez (Rol: Administrador) Acción: El usuario ha iniciado sesión.
[2025-11-13 16:37:45] Usuario: Sofia Lopez (Rol: Administrador) Acción: El usuario regresó al menú principal.
[2025-11-13 16:37:49] Usuario: Sofia Lopez (Rol: Administrador) Acción: Accedió a la sección de Pedidos
[2025-11-13 16:38:31] Usuario: Sofia Lopez (Rol: Administrador) Acción: Catálogo abierto correctamente.
[2025-11-13 16:38:35] Usuario: Sofia Lopez (Rol: Administrador) Acción: Pedido cancelado por el usuario.
[2025-11-13 16:38:37] Usuario: Sofia Lopez (Rol: Administrador) Acción: El usuario ha iniciado sesión.
[2025-11-13 16:38:38] Usuario: Sofia Lopez (Rol: Administrador) Acción: Accedió a la sección de Productos
[2025-11-13 16:39:25] Usuario: Sofia Lopez (Rol: Administrador) Acción: Producto modificado: Tarta de frutilla
[2025-11-13 16:39:29] Usuario: Sofia Lopez (Rol: Administrador) Acción: El usuario ha iniciado sesión.
[2025-11-13 16:39:29] Usuario: Sofia Lopez (Rol: Administrador) Acción: El usuario regresó al menú principal desde la pantalla de Productos.
[2025-11-13 16:39:32] Usuario: Sofia Lopez (Rol: Administrador) Acción: Accedió a la sección de Pedidos
[2025-11-13 16:39:42] Usuario: Sofia Lopez (Rol: Administrador) Acción: Catálogo abierto correctamente.
[2025-11-13 16:39:45] Usuario: Sofia Lopez (Rol: Administrador) Acción: El usuario ha iniciado sesión.
[2025-11-13 16:39:46] Usuario: Sofia Lopez (Rol: Administrador) Acción: Accedió a la sección de Productos
[2025-11-13 17:19:02] Usuario: Sofia Lopez (Rol: Administrador) Acción: El usuario abrió la ventana de gestión de sabores.
[2025-11-13 17:19:05] Usuario: Sofia Lopez (Rol: Administrador) Acción: El usuario guardó los sabores seleccionados.
[2025-11-13 17:19:05] Usuario: Sofia Lopez (Rol: Administrador) Acción: Sabores seleccionados para el producto: [Dulce de leche]
[2025-11-13 17:19:18] Usuario: Sofia Lopez (Rol: Administrador) Acción: Producto modificado: Cookies dulce de leche (ID: null)
[2025-11-13 17:19:18] Usuario: Sofia Lopez (Rol: Administrador) Acción: Producto agregado: Cookies dulce de leche
[2025-11-13 17:19:21] Usuario: Sofia Lopez (Rol: Administrador) Acción: El usuario ha iniciado sesión.
[2025-11-13 17:19:22] Usuario: Sofia Lopez (Rol: Administrador) Acción: El usuario regresó al menú principal desde la pantalla de Productos.
[2025-11-13 17:19:23] Usuario: Sofia Lopez (Rol: Administrador) Acción: Accedió a la sección de Pedidos
[2025-11-13 17:21:10] Usuario: Sofia Lopez (Rol: Administrador) Acción: Catálogo abierto correctamente.
[2025-11-13 17:22:28] Usuario: Sofia Lopez (Rol: Administrador) Acción: Pedido creado: Luciana Soledad con productos: [Torta de chocolate, Cookies dulce de leche]
[2025-11-13 17:22:28] Usuario: Sofia Lopez (Rol: Administrador) Acción: No hay insumos suficientes para el pedido. Faltantes: [InsumoFaltante(id=null, catalogoInsumo=CatalogoInsumo(id=9, nombre=DULCE DE LECHE, estado=SÓLIDO, proveedor=Campo Santa Helena SA), cantidadFaltante=800.0, unidad=GR, resuelto=false), InsumoFaltante(id=null, catalogoInsumo=CatalogoInsumo(id=3, nombre=LECHE, estado=LÍQUIDO, proveedor=Lacteos SA), cantidadFaltante=100.0, unidad=ML, resuelto=false), InsumoFaltante(id=null, catalogoInsumo=CatalogoInsumo(id=11, nombre=VAINILLAS, estado=SÓLIDO, proveedor=Lacteos SA), cantidadFaltante=600.0, unidad=GR, resuelto=false), InsumoFaltante(id=null, catalogoInsumo=CatalogoInsumo(id=10, nombre=CREMA DE LECHE, estado=SÓLIDO, proveedor=Lacteos SA), cantidadFaltante=400.0, unidad=GR, resuelto=false), InsumoFaltante(id=null, catalogoInsumo=CatalogoInsumo(id=3, nombre=LECHE, estado=LÍQUIDO, proveedor=Lacteos SA), cantidadFaltante=500.0, unidad=ML, resuelto=false)]
[2025-11-13 17:24:58] Usuario: Sofia Lopez (Rol: Administrador) Acción: Pedido entregado: 12
[2025-11-13 17:26:33] Usuario: Sofia Lopez (Rol: Administrador) Acción: El usuario ha iniciado sesión.
[2025-11-13 17:27:10] Usuario: Sofia Lopez (Rol: Administrador) Acción: Accedió a la sección de Eventos
[2025-11-13 17:27:11] Usuario: Sofia Lopez (Rol: Administrador) Acción: Evento agregado para la fecha: 2025-08-07
[2025-11-13 17:27:11] Usuario: Sofia Lopez (Rol: Administrador) Acción: Evento agregado para la fecha: 2025-08-14
[2025-11-13 17:27:11] Usuario: Sofia Lopez (Rol: Administrador) Acción: Calendario para el mes: 2025-11 generado correctamente.
[2025-11-13 17:27:11] Usuario: Sofia Lopez (Rol: Administrador) Acción: Calendario para el mes: 2025-11 generado correctamente.
[2025-11-13 17:27:11] Usuario: Sofia Lopez (Rol: Administrador) Acción: Calendario inicializado para el mes: 2025-11
[2025-11-13 17:31:22] Usuario: Sofia Lopez (Rol: Administrador) Acción: Nuevo evento guardado: Cumpleaños Lucas para la fecha 2025-12-06
[2025-11-13 17:31:22] Usuario: Sofia Lopez (Rol: Administrador) Acción: Evento agregado para la fecha: 2025-08-07
[2025-11-13 17:31:22] Usuario: Sofia Lopez (Rol: Administrador) Acción: Evento agregado para la fecha: 2025-08-14
[2025-11-13 17:31:22] Usuario: Sofia Lopez (Rol: Administrador) Acción: Calendario para el mes: 2025-12 generado correctamente.
[2025-11-13 17:31:22] Usuario: Sofia Lopez (Rol: Administrador) Acción: Evento agregado para la fecha: 2025-12-06
[2025-11-13 17:31:22] Usuario: Sofia Lopez (Rol: Administrador) Acción: Calendario para el mes: 2025-12 generado correctamente.
[2025-11-13 17:31:22] Usuario: Sofia Lopez (Rol: Administrador) Acción: Evento agregado o modificado correctamente.
[2025-11-13 17:31:35] Usuario: Sofia Lopez (Rol: Administrador) Acción: El usuario ha iniciado sesión.
[2025-11-13 17:31:35] Usuario: Sofia Lopez (Rol: Administrador) Acción: El usuario volvió al menú principal.
[2025-11-13 17:31:37] Usuario: Sofia Lopez (Rol: Administrador) Acción: Accedió a la sección de Eventos
[2025-11-13 17:31:37] Usuario: Sofia Lopez (Rol: Administrador) Acción: Evento agregado para la fecha: 2025-08-07
[2025-11-13 17:31:37] Usuario: Sofia Lopez (Rol: Administrador) Acción: Evento agregado para la fecha: 2025-08-14
[2025-11-13 17:31:37] Usuario: Sofia Lopez (Rol: Administrador) Acción: Evento agregado para la fecha: 2025-12-06
[2025-11-13 17:31:37] Usuario: Sofia Lopez (Rol: Administrador) Acción: Calendario para el mes: 2025-11 generado correctamente.
[2025-11-13 17:31:37] Usuario: Sofia Lopez (Rol: Administrador) Acción: Calendario para el mes: 2025-11 generado correctamente.
[2025-11-13 17:31:37] Usuario: Sofia Lopez (Rol: Administrador) Acción: Calendario inicializado para el mes: 2025-11
[2025-11-13 17:31:38] Usuario: Sofia Lopez (Rol: Administrador) Acción: Calendario para el mes: 2025-12 generado correctamente.
[2025-11-13 17:31:38] Usuario: Sofia Lopez (Rol: Administrador) Acción: Cambiado al siguiente mes: 2025-12
[2025-11-13 17:32:35] Usuario: Sofia Lopez (Rol: Administrador) Acción: Calendario para el mes: 2025-12 generado correctamente.
[2025-11-13 17:32:37] Usuario: Sofia Lopez (Rol: Administrador) Acción: Calendario para el mes: 2025-12 generado correctamente.
[2025-11-13 17:34:04] Usuario: Sofia Lopez (Rol: Administrador) Acción: Nuevo evento guardado: Desayuno empresarial para la fecha 2025-12-10
[2025-11-13 17:34:04] Usuario: Sofia Lopez (Rol: Administrador) Acción: Evento agregado para la fecha: 2025-08-07
[2025-11-13 17:34:04] Usuario: Sofia Lopez (Rol: Administrador) Acción: Evento agregado para la fecha: 2025-08-14
[2025-11-13 17:34:04] Usuario: Sofia Lopez (Rol: Administrador) Acción: Calendario para el mes: 2025-12 generado correctamente.
[2025-11-13 17:34:04] Usuario: Sofia Lopez (Rol: Administrador) Acción: Evento agregado para la fecha: 2025-12-06
[2025-11-13 17:34:04] Usuario: Sofia Lopez (Rol: Administrador) Acción: Calendario para el mes: 2025-12 generado correctamente.
[2025-11-13 17:34:04] Usuario: Sofia Lopez (Rol: Administrador) Acción: Evento agregado para la fecha: 2025-12-10
[2025-11-13 17:34:04] Usuario: Sofia Lopez (Rol: Administrador) Acción: Calendario para el mes: 2025-12 generado correctamente.
[2025-11-13 17:34:04] Usuario: Sofia Lopez (Rol: Administrador) Acción: Evento agregado o modificado correctamente.
[2025-11-13 17:34:28] Usuario: Sofia Lopez (Rol: Administrador) Acción: Calendario para el mes: 2025-11 generado correctamente.
[2025-11-13 17:34:28] Usuario: Sofia Lopez (Rol: Administrador) Acción: Cambiado al mes anterior: 2025-11
[2025-11-13 17:34:30] Usuario: Sofia Lopez (Rol: Administrador) Acción: El usuario ha iniciado sesión.
[2025-11-13 17:34:30] Usuario: Sofia Lopez (Rol: Administrador) Acción: El usuario volvió al menú principal.
[2025-11-13 18:01:58] Usuario: Sofia Lopez (Rol: Administrador) Acción: El usuario ha iniciado sesión.
[2025-11-13 18:02:02] Usuario: Sofia Lopez (Rol: Administrador) Acción: El usuario accedió a la sección de Configuración
[2025-11-13 18:02:04] Usuario: Sofia Lopez (Rol: Administrador) Acción: El usuario abrió la ventana de gestión de insumos para supervisar y registrar los ingredientes en stock.
[2025-11-13 18:02:15] Usuario: Sofia Lopez (Rol: Administrador) Acción: El usuario eliminó el insumo del catálogo: AVENA
[2025-11-13 18:02:29] Usuario: Sofia Lopez (Rol: Administrador) Acción: El usuario ha iniciado sesión.
[2025-11-13 18:02:29] Usuario: Sofia Lopez (Rol: Administrador) Acción: El usuario regresó al menú principal.
[2025-11-13 18:02:33] Usuario: Sofia Lopez (Rol: Administrador) Acción: El usuario accedió a la sección de Configuración
[2025-11-13 18:02:35] Usuario: Sofia Lopez (Rol: Administrador) Acción: El usuario abrió la ventana de gestión de insumos para supervisar y registrar los ingredientes en stock.
[2025-11-13 18:02:38] Usuario: Sofia Lopez (Rol: Administrador) Acción: El usuario abrió la ventana de gestión de sabores para administrar los sabores disponibles en la pastelería.
[2025-11-13 18:08:51] Usuario: Sofia Lopez (Rol: Administrador) Acción: El usuario ha iniciado sesión.
[2025-11-13 18:08:54] Usuario: Sofia Lopez (Rol: Administrador) Acción: El usuario accedió a la sección de Configuración
[2025-11-13 18:08:59] Usuario: Sofia Lopez (Rol: Administrador) Acción: El usuario abrió el formulario para modificar los datos de un empleado existente.
[2025-11-13 18:09:04] Usuario: Sofia Lopez (Rol: Administrador) Acción: El usuario abrió el formulario para registrar un nuevo empleado en el sistema.
[2025-11-13 18:10:03] Usuario: Sofia Lopez (Rol: Administrador) Acción: Advertencia: intento de guardar con campos incompletos.
[2025-11-13 18:11:00] Usuario: Sofia Lopez (Rol: Administrador) Acción: Empleado guardado: Luciano Perez
[2025-11-13 18:11:03] Usuario: Sofia Lopez (Rol: Administrador) Acción: El usuario abrió el formulario para eliminar un empleado del sistema.
[2025-11-13 18:11:11] Usuario: Sofia Lopez (Rol: Administrador) Acción: Empleado eliminado: Luciano Perez
[2025-11-13 18:24:12] Usuario: Sofia Lopez (Rol: Administrador) Acción: El usuario ha iniciado sesión.
[2025-11-13 18:24:15] Usuario: Sofia Lopez (Rol: Administrador) Acción: El usuario accedió a la sección de Configuración
[2025-11-13 18:24:17] Usuario: Sofia Lopez (Rol: Administrador) Acción: El usuario abrió la ventana de gestión de clientes para administrar la información de los clientes.
[2025-11-13 18:24:21] Usuario: Sofia Lopez (Rol: Administrador) Acción: El usuario agregó un nuevo cliente.
[2025-11-13 18:25:09] Usuario: Sofia Lopez (Rol: Administrador) Acción: Cliente creado: Nicolas Benitez
[2025-11-13 18:25:21] Usuario: Sofia Lopez (Rol: Administrador) Acción: El usuario agregó un nuevo cliente.
[2025-11-13 18:25:32] Usuario: Sofia Lopez (Rol: Administrador) Acción: El usuario agregó un nuevo cliente.
[2025-11-13 18:27:16] Usuario: Sofia Lopez (Rol: Administrador) Acción: Cliente creado: Miriam Quiroz
[2025-11-13 18:27:22] Usuario: Sofia Lopez (Rol: Administrador) Acción: El usuario eliminó el cliente: 38658825
[2025-11-13 19:05:28] Usuario: null (Rol: Sin rol) Acción: Intento de login fallido: contraseña incorrecta (DNI: 43832594)
[2025-11-13 19:05:34] Usuario: Sofia Lopez (Rol: Administrador) Acción: El usuario ha iniciado sesión.
[2025-11-13 19:08:43] Usuario: Sofia Lopez (Rol: Administrador) Acción: Accedió a la sección de Productos
[2025-11-13 19:08:57] Usuario: Sofia Lopez (Rol: Administrador) Acción: Producto agregado: Cookies dulce de leche
[2025-11-13 19:21:52] Usuario: Sofia Lopez (Rol: Administrador) Acción: El usuario ha iniciado sesión.
[2025-11-13 19:21:55] Usuario: Sofia Lopez (Rol: Administrador) Acción: El usuario accedió a la sección de Configuración
[2025-11-13 19:21:58] Usuario: Sofia Lopez (Rol: Administrador) Acción: El usuario abrió la ventana de acciones de usuario para visualizar las acciones.
[2025-11-13 19:22:14] Usuario: Sofia Lopez (Rol: Administrador) Acción: El usuario ha iniciado sesión.
[2025-11-13 19:22:14] Usuario: Sofia Lopez (Rol: Administrador) Acción: El usuario regresó al menú principal.
[2025-11-13 19:23:47] Usuario: Sofia Lopez (Rol: Administrador) Acción: Accedió a la sección de Productos
[2025-11-13 19:24:36] Usuario: Sofia Lopez (Rol: Administrador) Acción: Producto modificado: Cookies dulce de leche
[2025-11-13 19:27:46] Usuario: Sofia Lopez (Rol: Administrador) Acción: Producto modificado: Cookies dulce de leche
[2025-11-13 19:32:45] Usuario: Sofia Lopez (Rol: Administrador) Acción: El usuario ha iniciado sesión.
[2025-11-13 19:35:30] Usuario: Sofia Lopez (Rol: Administrador) Acción: Accedió a la sección de Productos
[2025-11-13 19:37:20] Usuario: Sofia Lopez (Rol: Administrador) Acción: Producto modificado: Cookies dulce de leche
[2025-11-13 19:39:51] Usuario: Sofia Lopez (Rol: Administrador) Acción: El usuario ha iniciado sesión.
[2025-11-13 19:39:52] Usuario: Sofia Lopez (Rol: Administrador) Acción: Accedió a la sección de Pedidos
[2025-11-13 19:40:02] Usuario: Sofia Lopez (Rol: Administrador) Acción: Catálogo abierto correctamente.
[2025-11-13 19:40:05] Usuario: Sofia Lopez (Rol: Administrador) Acción: El usuario ha iniciado sesión.
[2025-11-13 19:40:06] Usuario: Sofia Lopez (Rol: Administrador) Acción: Accedió a la sección de Productos
[2025-11-13 19:40:09] Usuario: Sofia Lopez (Rol: Administrador) Acción: El usuario ha iniciado sesión.
[2025-11-13 19:40:09] Usuario: Sofia Lopez (Rol: Administrador) Acción: El usuario regresó al menú principal desde la pantalla de Productos.
[2025-11-13 19:40:31] Usuario: Sofia Lopez (Rol: Administrador) Acción: Accedió a la sección de Productos
[2025-11-13 19:40:37] Usuario: Sofia Lopez (Rol: Administrador) Acción: Producto agregado: Cookies dulce de leche
[2025-11-13 19:45:10] Usuario: Sofia Lopez (Rol: Administrador) Acción: El usuario ha iniciado sesión.
[2025-11-13 19:45:10] Usuario: Sofia Lopez (Rol: Administrador) Acción: El usuario regresó al menú principal desde la pantalla de Productos.
[2025-11-13 19:45:12] Usuario: Sofia Lopez (Rol: Administrador) Acción: Accedió a la sección de Pedidos
[2025-11-13 19:45:19] Usuario: Sofia Lopez (Rol: Administrador) Acción: Catálogo abierto correctamente.
[2025-11-13 19:45:22] Usuario: Sofia Lopez (Rol: Administrador) Acción: El usuario ha iniciado sesión.
[2025-11-13 19:45:23] Usuario: Sofia Lopez (Rol: Administrador) Acción: Accedió a la sección de Productos
[2025-11-13 19:46:43] Usuario: Sofia Lopez (Rol: Administrador) Acción: Imagen cargada para el producto: Cookies dulce de leche
[2025-11-13 19:46:45] Usuario: Sofia Lopez (Rol: Administrador) Acción: Producto modificado: Cookies dulce de leche
[2025-11-13 19:46:48] Usuario: Sofia Lopez (Rol: Administrador) Acción: El usuario ha iniciado sesión.
[2025-11-13 19:46:48] Usuario: Sofia Lopez (Rol: Administrador) Acción: El usuario regresó al menú principal desde la pantalla de Productos.
[2025-11-13 19:50:45] Usuario: Sofia Lopez (Rol: Administrador) Acción: El usuario ha iniciado sesión.
[2025-11-13 19:50:49] Usuario: Sofia Lopez (Rol: Administrador) Acción: El usuario accedió a la sección de Configuración
[2025-11-13 19:50:52] Usuario: Sofia Lopez (Rol: Administrador) Acción: El usuario abrió la ventana de acciones de usuario para visualizar las acciones.
[2025-11-13 19:50:59] Usuario: Sofia Lopez (Rol: Administrador) Acción: El usuario ha iniciado sesión.
[2025-11-13 19:50:59] Usuario: Sofia Lopez (Rol: Administrador) Acción: El usuario regresó al menú principal.
[2025-11-13 19:51:01] Usuario: Sofia Lopez (Rol: Administrador) Acción: Accedió a la sección de Pedidos
