[2025-11-08 15:36:42] Usuario: Sofia Lopez (Rol: Administrador) Acción: El usuario ha iniciado sesión.
[2025-11-08 15:36:47] Usuario: Sofia Lopez (Rol: Administrador) Acción: El usuario accedió a la sección de Configuración
[2025-11-08 15:36:54] Usuario: Sofia Lopez (Rol: Administrador) Acción: El usuario abrió el formulario para modificar los datos de un empleado existente.
[2025-11-08 15:37:08] Usuario: Sofia Lopez (Rol: Administrador) Acción: El usuario abrió el formulario para registrar un nuevo empleado en el sistema.
[2025-11-08 15:37:09] Usuario: Sofia Lopez (Rol: Administrador) Acción: El usuario abrió el formulario para modificar los datos de un empleado existente.
[2025-11-08 15:37:10] Usuario: Sofia Lopez (Rol: Administrador) Acción: El usuario abrió el formulario para eliminar un empleado del sistema.
[2025-11-08 15:37:11] Usuario: Sofia Lopez (Rol: Administrador) Acción: El usuario abrió el formulario para registrar un nuevo empleado en el sistema.
[2025-11-08 15:37:18] Usuario: Sofia Lopez (Rol: Administrador) Acción: El usuario abrió el formulario para modificar los datos de un empleado existente.
[2025-11-08 15:37:24] Usuario: Sofia Lopez (Rol: Administrador) Acción: El usuario accedió a la pantalla de gestión de roles.
[2025-11-08 15:37:24] Usuario: Sofia Lopez (Rol: Administrador) Acción: Roles cargados desde la base de datos: 3 roles disponibles.
[2025-11-08 15:37:24] Usuario: Sofia Lopez (Rol: Administrador) Acción: No se seleccionó ningún rol. Los permisos han sido deshabilitados.
[2025-11-08 15:37:24] Usuario: Sofia Lopez (Rol: Administrador) Acción: El usuario accedió a la ventana de control de roles y permisos para gestionar los privilegios de los usuarios.
[2025-11-08 15:37:28] Usuario: Sofia Lopez (Rol: Administrador) Acción: Se cargaron permisos para el rol: Empleado
[2025-11-08 15:37:33] Usuario: Sofia Lopez (Rol: Administrador) Acción: El usuario abrió la ventana de gestión de clientes para administrar la información de los clientes.
[2025-11-08 15:37:38] Usuario: Sofia Lopez (Rol: Administrador) Acción: El usuario abrió la ventana de gestión de sabores para administrar los sabores disponibles en la pastelería.
[2025-11-08 15:37:46] Usuario: Sofia Lopez (Rol: Administrador) Acción: El usuario abrió la ventana de gestión de insumos para supervisar y registrar los ingredientes en stock.
[2025-11-08 15:37:48] Usuario: Sofia Lopez (Rol: Administrador) Acción: El usuario abrió la ventana de configuración de notificaciones.
[2025-11-08 15:37:52] Usuario: Sofia Lopez (Rol: Administrador) Acción: El usuario abrió la ventana de acciones de usuario para visualizar las acciones.
[2025-11-08 15:37:58] Usuario: Sofia Lopez (Rol: Administrador) Acción: El usuario ha iniciado sesión.
[2025-11-08 15:37:58] Usuario: Sofia Lopez (Rol: Administrador) Acción: El usuario regresó al menú principal.
[2025-11-08 15:38:03] Usuario: Sofia Lopez (Rol: Administrador) Acción: Accedió a la sección de Stock
[2025-11-08 15:38:10] Usuario: Sofia Lopez (Rol: Administrador) Acción: El usuario abrió el formulario para agregar un nuevo insumo.
[2025-11-08 15:38:44] Usuario: Sofia Lopez (Rol: Administrador) Acción: El usuario ha iniciado sesión.
[2025-11-08 15:38:44] Usuario: Sofia Lopez (Rol: Administrador) Acción: El usuario regresó al menú principal.
[2025-11-08 15:38:47] Usuario: Sofia Lopez (Rol: Administrador) Acción: Accedió a la sección de Proveedores
[2025-11-08 15:38:50] Usuario: Sofia Lopez (Rol: Administrador) Acción: El usuario accedió al formulario para crear un proveedor.
[2025-11-08 15:38:57] Usuario: Sofia Lopez (Rol: Administrador) Acción: El usuario ha iniciado sesión.
[2025-11-08 15:38:57] Usuario: Sofia Lopez (Rol: Administrador) Acción: El usuario volvió al menú principal.
[2025-11-08 15:39:02] Usuario: Sofia Lopez (Rol: Administrador) Acción: Accedió a la sección de Productos
[2025-11-08 15:39:12] Usuario: Sofia Lopez (Rol: Administrador) Acción: Intento fallido de cargar imagen para el producto: 
[2025-11-08 15:39:47] Usuario: Sofia Lopez (Rol: Administrador) Acción: Producto agregado: Tarta de frutilla
[2025-11-08 15:39:49] Usuario: Sofia Lopez (Rol: Administrador) Acción: El usuario ha iniciado sesión.
[2025-11-08 15:39:49] Usuario: Sofia Lopez (Rol: Administrador) Acción: El usuario regresó al menú principal desde la pantalla de Productos.
[2025-11-08 15:39:51] Usuario: Sofia Lopez (Rol: Administrador) Acción: Accedió a la sección de Recetas
[2025-11-08 15:39:55] Usuario: Sofia Lopez (Rol: Administrador) Acción: El usuario quiere agregar una nueva receta.
[2025-11-08 15:42:28] Usuario: Sofia Lopez (Rol: Administrador) Acción: El usuario regresó al menú principal desde la pantalla de gestión de recetas.
[2025-11-08 15:42:28] Usuario: Sofia Lopez (Rol: Administrador) Acción: El usuario ha iniciado sesión.
[2025-11-08 15:42:34] Usuario: Sofia Lopez (Rol: Administrador) Acción: Accedió a la sección de Pedidos
[2025-11-08 15:42:53] Usuario: Sofia Lopez (Rol: Administrador) Acción: Accedió a nuevo cliente.
[2025-11-08 15:42:55] Usuario: Sofia Lopez (Rol: Administrador) Acción: Operación de cliente cancelada.
[2025-11-08 15:43:23] Usuario: Sofia Lopez (Rol: Administrador) Acción: Catálogo abierto correctamente.
[2025-11-08 15:43:26] Usuario: Sofia Lopez (Rol: Administrador) Acción: Pedido cancelado por el usuario.
[2025-11-08 15:46:14] Usuario: Sofia Lopez (Rol: Administrador) Acción: El usuario abrió la ventana de gestión de sabores.
[2025-11-08 15:46:17] Usuario: Sofia Lopez (Rol: Administrador) Acción: No se seleccionaron sabores para el producto.
[2025-11-08 15:46:22] Usuario: Sofia Lopez (Rol: Administrador) Acción: Producto agregado: Tarta de frutilla
[2025-11-08 15:46:58] Usuario: Sofia Lopez (Rol: Administrador) Acción: El usuario ha iniciado sesión.
[2025-11-08 15:47:05] Usuario: Sofia Lopez (Rol: Administrador) Acción: Accedió a la sección de Estadísticas
[2025-11-08 15:47:38] Usuario: Sofia Lopez (Rol: Administrador) Acción: El usuario ha iniciado sesión.
[2025-11-08 15:47:51] Usuario: Sofia Lopez (Rol: Administrador) Acción: Accedió a la sección de Agenda
[2025-11-08 15:49:08] Usuario: Sofia Lopez (Rol: Administrador) Acción: El usuario ha iniciado sesión.
[2025-11-08 15:49:10] Usuario: Sofia Lopez (Rol: Administrador) Acción: Accedió a la sección de Eventos
[2025-11-08 15:49:10] Usuario: Sofia Lopez (Rol: Administrador) Acción: Evento agregado para la fecha: 2025-08-07
[2025-11-08 15:49:10] Usuario: Sofia Lopez (Rol: Administrador) Acción: Evento agregado para la fecha: 2025-08-14
[2025-11-08 15:49:10] Usuario: Sofia Lopez (Rol: Administrador) Acción: Calendario para el mes: 2025-11 generado correctamente.
[2025-11-08 15:49:10] Usuario: Sofia Lopez (Rol: Administrador) Acción: Calendario para el mes: 2025-11 generado correctamente.
[2025-11-08 15:49:10] Usuario: Sofia Lopez (Rol: Administrador) Acción: Calendario inicializado para el mes: 2025-11
[2025-11-08 15:49:12] Usuario: Sofia Lopez (Rol: Administrador) Acción: Calendario para el mes: 2025-10 generado correctamente.
[2025-11-08 15:49:12] Usuario: Sofia Lopez (Rol: Administrador) Acción: Cambiado al mes anterior: 2025-10
[2025-11-08 15:49:13] Usuario: Sofia Lopez (Rol: Administrador) Acción: Calendario para el mes: 2025-09 generado correctamente.
[2025-11-08 15:49:13] Usuario: Sofia Lopez (Rol: Administrador) Acción: Cambiado al mes anterior: 2025-09
[2025-11-08 15:49:13] Usuario: Sofia Lopez (Rol: Administrador) Acción: Calendario para el mes: 2025-08 generado correctamente.
[2025-11-08 15:49:13] Usuario: Sofia Lopez (Rol: Administrador) Acción: Cambiado al mes anterior: 2025-08
[2025-11-08 15:49:13] Usuario: Sofia Lopez (Rol: Administrador) Acción: Calendario para el mes: 2025-07 generado correctamente.
[2025-11-08 15:49:13] Usuario: Sofia Lopez (Rol: Administrador) Acción: Cambiado al mes anterior: 2025-07
[2025-11-08 15:49:15] Usuario: Sofia Lopez (Rol: Administrador) Acción: Calendario para el mes: 2025-08 generado correctamente.
[2025-11-08 15:49:15] Usuario: Sofia Lopez (Rol: Administrador) Acción: Cambiado al siguiente mes: 2025-08
[2025-11-08 15:49:22] Usuario: Sofia Lopez (Rol: Administrador) Acción: Calendario para el mes: 2025-09 generado correctamente.
[2025-11-08 15:49:22] Usuario: Sofia Lopez (Rol: Administrador) Acción: Cambiado al siguiente mes: 2025-09
[2025-11-08 15:49:22] Usuario: Sofia Lopez (Rol: Administrador) Acción: Calendario para el mes: 2025-10 generado correctamente.
[2025-11-08 15:49:22] Usuario: Sofia Lopez (Rol: Administrador) Acción: Cambiado al siguiente mes: 2025-10
[2025-11-08 15:49:22] Usuario: Sofia Lopez (Rol: Administrador) Acción: Calendario para el mes: 2025-11 generado correctamente.
[2025-11-08 15:49:22] Usuario: Sofia Lopez (Rol: Administrador) Acción: Cambiado al siguiente mes: 2025-11
[2025-11-08 15:49:22] Usuario: Sofia Lopez (Rol: Administrador) Acción: Calendario para el mes: 2025-12 generado correctamente.
[2025-11-08 15:49:22] Usuario: Sofia Lopez (Rol: Administrador) Acción: Cambiado al siguiente mes: 2025-12
[2025-11-08 15:49:22] Usuario: Sofia Lopez (Rol: Administrador) Acción: Calendario para el mes: 2026-01 generado correctamente.
[2025-11-08 15:49:22] Usuario: Sofia Lopez (Rol: Administrador) Acción: Cambiado al siguiente mes: 2026-01
[2025-11-08 15:49:48] Usuario: Sofia Lopez (Rol: Administrador) Acción: Calendario para el mes: 2025-08 generado correctamente.
[2025-11-08 15:49:48] Usuario: Sofia Lopez (Rol: Administrador) Acción: Evento agregado para la fecha: 2025-08-07
[2025-11-08 15:49:48] Usuario: Sofia Lopez (Rol: Administrador) Acción: Calendario para el mes: 2025-08 generado correctamente.
[2025-11-08 15:49:48] Usuario: Sofia Lopez (Rol: Administrador) Acción: Evento agregado para la fecha: 2025-08-14
[2025-11-08 15:49:48] Usuario: Sofia Lopez (Rol: Administrador) Acción: Calendario para el mes: 2025-08 generado correctamente.
[2025-11-08 15:49:48] Usuario: Sofia Lopez (Rol: Administrador) Acción: Evento agregado o modificado correctamente.
[2025-11-08 15:49:57] Usuario: Sofia Lopez (Rol: Administrador) Acción: El usuario ha iniciado sesión.
[2025-11-08 15:49:57] Usuario: Sofia Lopez (Rol: Administrador) Acción: El usuario volvió al menú principal.
