[2025-11-02 14:12:01] Usuario: Sofia Lopez (Rol: Administrador) Acción: El usuario ha iniciado sesión.
[2025-11-02 14:14:45] Usuario: Sofia Lopez (Rol: Administrador) Acción: Accedió a la sección de Eventos
[2025-11-02 14:14:45] Usuario: Sofia Lopez (Rol: Administrador) Acción: Evento agregado para la fecha: 2025-08-07
[2025-11-02 14:14:45] Usuario: Sofia Lopez (Rol: Administrador) Acción: Evento agregado para la fecha: 2025-08-14
[2025-11-02 14:14:45] Usuario: Sofia Lopez (Rol: Administrador) Acción: Calendario para el mes: 2025-11 generado correctamente.
[2025-11-02 14:14:45] Usuario: Sofia Lopez (Rol: Administrador) Acción: Calendario para el mes: 2025-11 generado correctamente.
[2025-11-02 14:14:45] Usuario: Sofia Lopez (Rol: Administrador) Acción: Calendario inicializado para el mes: 2025-11
[2025-11-02 14:14:49] Usuario: Sofia Lopez (Rol: Administrador) Acción: Calendario para el mes: 2025-12 generado correctamente.
[2025-11-02 14:14:49] Usuario: Sofia Lopez (Rol: Administrador) Acción: Cambiado al siguiente mes: 2025-12
[2025-11-02 14:14:51] Usuario: Sofia Lopez (Rol: Administrador) Acción: Calendario para el mes: 2025-11 generado correctamente.
[2025-11-02 14:14:51] Usuario: Sofia Lopez (Rol: Administrador) Acción: Cambiado al mes anterior: 2025-11
[2025-11-02 14:15:32] Usuario: Sofia Lopez (Rol: Administrador) Acción: Formulario de evento cerrado sin guardar.
[2025-11-02 14:15:32] Usuario: Sofia Lopez (Rol: Administrador) Acción: Calendario para el mes: 2025-08 generado correctamente.
[2025-11-02 14:15:32] Usuario: Sofia Lopez (Rol: Administrador) Acción: Evento agregado para la fecha: 2025-08-07
[2025-11-02 14:15:32] Usuario: Sofia Lopez (Rol: Administrador) Acción: Calendario para el mes: 2025-08 generado correctamente.
[2025-11-02 14:15:32] Usuario: Sofia Lopez (Rol: Administrador) Acción: Evento agregado para la fecha: 2025-08-14
[2025-11-02 14:15:32] Usuario: Sofia Lopez (Rol: Administrador) Acción: Calendario para el mes: 2025-08 generado correctamente.
[2025-11-02 14:15:32] Usuario: Sofia Lopez (Rol: Administrador) Acción: Evento agregado o modificado correctamente.
[2025-11-02 14:15:45] Usuario: Sofia Lopez (Rol: Administrador) Acción: Calendario para el mes: 2025-09 generado correctamente.
[2025-11-02 14:15:45] Usuario: Sofia Lopez (Rol: Administrador) Acción: Cambiado al siguiente mes: 2025-09
[2025-11-02 14:15:45] Usuario: Sofia Lopez (Rol: Administrador) Acción: Calendario para el mes: 2025-10 generado correctamente.
[2025-11-02 14:15:45] Usuario: Sofia Lopez (Rol: Administrador) Acción: Cambiado al siguiente mes: 2025-10
[2025-11-02 14:15:46] Usuario: Sofia Lopez (Rol: Administrador) Acción: Calendario para el mes: 2025-11 generado correctamente.
[2025-11-02 14:15:46] Usuario: Sofia Lopez (Rol: Administrador) Acción: Cambiado al siguiente mes: 2025-11
[2025-11-02 14:15:47] Usuario: Sofia Lopez (Rol: Administrador) Acción: Calendario para el mes: 2025-12 generado correctamente.
[2025-11-02 14:15:47] Usuario: Sofia Lopez (Rol: Administrador) Acción: Cambiado al siguiente mes: 2025-12
[2025-11-02 14:15:49] Usuario: Sofia Lopez (Rol: Administrador) Acción: El usuario ha iniciado sesión.
[2025-11-02 14:15:49] Usuario: Sofia Lopez (Rol: Administrador) Acción: El usuario volvió al menú principal.
[2025-11-02 21:42:04] Usuario: Sofia Lopez (Rol: Administrador) Acción: El usuario ha iniciado sesión.
[2025-11-02 21:42:07] Usuario: Sofia Lopez (Rol: Administrador) Acción: El usuario accedió a la sección de Configuración
[2025-11-02 21:42:11] Usuario: Sofia Lopez (Rol: Administrador) Acción: El usuario abrió el formulario para modificar los datos de un empleado existente.
[2025-11-02 21:42:52] Usuario: Sofia Lopez (Rol: Administrador) Acción: El usuario ha iniciado sesión.
[2025-11-02 21:42:52] Usuario: Sofia Lopez (Rol: Administrador) Acción: El usuario regresó al menú principal.
