[2025-10-23 19:54:30] Usuario: null (Rol: Sin rol) Acción: Intento de login fallido: usuario no encontrado (DNI: 12345678)
[2025-10-23 19:54:30] Usuario: null (Rol: Sin rol) Acción: Intento de login fallido: usuario no encontrado (DNI: 12345678)
[2025-10-23 19:56:19] Usuario: null (Rol: Sin rol) Acción: Intento de login fallido: usuario no encontrado (DNI: 12345678)
[2025-10-23 19:57:09] Usuario: Administrador (Rol: Admin) Acción: El usuario ha iniciado sesión.
[2025-10-23 19:57:32] Usuario: Administrador (Rol: Admin) Acción: El usuario accedió a la sección de Ayuda
[2025-10-23 19:57:34] Usuario: Administrador (Rol: Admin) Acción: El usuario regresó al menú principal desde la pantalla de Ayuda.
[2025-10-23 19:57:34] Usuario: Administrador (Rol: Admin) Acción: El usuario ha iniciado sesión.
[2025-10-23 19:58:27] Usuario: Administrador (Rol: Admin) Acción: El usuario cerró sesión
[2025-10-23 20:01:00] Usuario: null (Rol: Sin rol) Acción: Intento de login fallido: usuario no encontrado (DNI: 41257595)
[2025-10-23 20:01:17] Usuario: null (Rol: Sin rol) Acción: Intento de login fallido: usuario no encontrado (DNI: 43832594)
[2025-10-23 20:01:20] Usuario: null (Rol: Sin rol) Acción: Intento de login fallido: usuario no encontrado (DNI: 43832594)
[2025-10-23 20:01:46] Usuario: null (Rol: Sin rol) Acción: Intento de login fallido: usuario no encontrado (DNI: 12345678)
[2025-10-23 20:01:51] Usuario: null (Rol: Sin rol) Acción: Intento de login fallido: usuario no encontrado (DNI: 12345678)
[2025-10-23 20:01:53] Usuario: null (Rol: Sin rol) Acción: Intento de login fallido: usuario no encontrado (DNI: 12345678)
[2025-10-23 20:03:02] Usuario: null (Rol: Sin rol) Acción: Intento de login fallido: usuario no encontrado (DNI: 12345678)
[2025-10-23 20:03:03] Usuario: null (Rol: Sin rol) Acción: Intento de login fallido: usuario no encontrado (DNI: 12345678)
[2025-10-23 20:03:07] Usuario: null (Rol: Sin rol) Acción: Intento de login fallido: usuario no encontrado (DNI: 12345678)
[2025-10-23 20:03:29] Usuario: null (Rol: Sin rol) Acción: Intento de login fallido: usuario no encontrado (DNI: 12345678)
[2025-10-23 20:04:15] Usuario: null (Rol: Sin rol) Acción: Intento de login fallido: usuario no encontrado (DNI: 12345678)
[2025-10-23 20:04:15] Usuario: null (Rol: Sin rol) Acción: Intento de login fallido: usuario no encontrado (DNI: 12345678)
[2025-10-23 20:04:15] Usuario: null (Rol: Sin rol) Acción: Intento de login fallido: usuario no encontrado (DNI: 12345678)
[2025-10-23 20:04:16] Usuario: null (Rol: Sin rol) Acción: Intento de login fallido: usuario no encontrado (DNI: 12345678)
[2025-10-23 20:04:38] Usuario: null (Rol: Sin rol) Acción: Intento de login fallido: usuario no encontrado (DNI: 12345678)
[2025-10-23 20:11:50] Usuario: Administrador (Rol: Admin) Acción: El usuario ha iniciado sesión.
[2025-10-23 20:11:53] Usuario: Administrador (Rol: Admin) Acción: El usuario accedió a la sección de Configuración
[2025-10-23 20:11:58] Usuario: Administrador (Rol: Admin) Acción: El usuario accedió a la pantalla de gestión de roles.
[2025-10-23 20:11:58] Usuario: Administrador (Rol: Admin) Acción: Roles cargados desde la base de datos: 3 roles disponibles.
[2025-10-23 20:11:58] Usuario: Administrador (Rol: Admin) Acción: No se seleccionó ningún rol. Los permisos han sido deshabilitados.
[2025-10-23 20:11:58] Usuario: Administrador (Rol: Admin) Acción: El usuario accedió a la ventana de control de roles y permisos para gestionar los privilegios de los usuarios.
[2025-10-23 20:12:07] Usuario: Administrador (Rol: Admin) Acción: El usuario abrió el formulario para modificar los datos de un empleado existente.
[2025-10-23 20:13:37] Usuario: Martin Schonberger (Rol: Administrador) Acción: El usuario ha iniciado sesión.
[2025-10-23 20:13:40] Usuario: Martin Schonberger (Rol: Administrador) Acción: Accedió a la sección de Pedidos
[2025-10-23 20:13:42] Usuario: Martin Schonberger (Rol: Administrador) Acción: El usuario ha iniciado sesión.
[2025-10-23 20:14:13] Usuario: Martin Schonberger (Rol: Administrador) Acción: El usuario accedió a la sección de Configuración
[2025-10-23 20:14:28] Usuario: Martin Schonberger (Rol: Administrador) Acción: El usuario abrió el formulario para modificar los datos de un empleado existente.
[2025-10-23 20:14:30] Usuario: Martin Schonberger (Rol: Administrador) Acción: El usuario abrió el formulario para registrar un nuevo empleado en el sistema.
[2025-10-23 20:14:40] Usuario: Martin Schonberger (Rol: Administrador) Acción: El usuario accedió a la pantalla de gestión de roles.
[2025-10-23 20:14:40] Usuario: Martin Schonberger (Rol: Administrador) Acción: Roles cargados desde la base de datos: 3 roles disponibles.
[2025-10-23 20:14:40] Usuario: Martin Schonberger (Rol: Administrador) Acción: No se seleccionó ningún rol. Los permisos han sido deshabilitados.
[2025-10-23 20:14:40] Usuario: Martin Schonberger (Rol: Administrador) Acción: El usuario accedió a la ventana de control de roles y permisos para gestionar los privilegios de los usuarios.
[2025-10-23 20:14:45] Usuario: Martin Schonberger (Rol: Administrador) Acción: Se cargaron permisos para el rol: Empleado
[2025-10-23 20:14:51] Usuario: Martin Schonberger (Rol: Administrador) Acción: El usuario abrió la ventana de gestión de clientes para administrar la información de los clientes.
[2025-10-23 20:15:08] Usuario: Martin Schonberger (Rol: Administrador) Acción: El usuario abrió la ventana de gestión de sabores para administrar los sabores disponibles en la pastelería.
[2025-10-23 20:15:26] Usuario: Martin Schonberger (Rol: Administrador) Acción: El usuario hizo clic en 'Modificar' para editar el sabor: Frutilla
[2025-10-23 20:15:31] Usuario: Martin Schonberger (Rol: Administrador) Acción: El usuario abrió la ventana de gestión de insumos para supervisar y registrar los ingredientes en stock.
[2025-10-23 20:15:38] Usuario: Martin Schonberger (Rol: Administrador) Acción: El usuario abrió la ventana de configuración de notificaciones.
[2025-10-23 20:15:44] Usuario: Martin Schonberger (Rol: Administrador) Acción: El usuario abrió la ventana de acciones de usuario para visualizar las acciones.
[2025-10-23 20:15:50] Usuario: Martin Schonberger (Rol: Administrador) Acción: El usuario ha iniciado sesión.
[2025-10-23 20:15:50] Usuario: Martin Schonberger (Rol: Administrador) Acción: El usuario regresó al menú principal.
[2025-10-23 20:16:08] Usuario: Martin Schonberger (Rol: Administrador) Acción: Accedió a la sección de Proveedores
[2025-10-23 20:16:18] Usuario: Martin Schonberger (Rol: Administrador) Acción: El usuario accedió al formulario para crear un proveedor.
[2025-10-23 20:16:24] Usuario: Martin Schonberger (Rol: Administrador) Acción: El usuario ha iniciado sesión.
[2025-10-23 20:16:24] Usuario: Martin Schonberger (Rol: Administrador) Acción: El usuario volvió al menú principal.
[2025-10-23 20:16:26] Usuario: Martin Schonberger (Rol: Administrador) Acción: Accedió a la sección de Stock
[2025-10-23 20:16:51] Usuario: Martin Schonberger (Rol: Administrador) Acción: El usuario ha iniciado sesión.
[2025-10-23 20:16:51] Usuario: Martin Schonberger (Rol: Administrador) Acción: El usuario regresó al menú principal.
[2025-10-23 20:16:54] Usuario: Martin Schonberger (Rol: Administrador) Acción: Accedió a la sección de Productos
[2025-10-23 20:17:27] Usuario: Martin Schonberger (Rol: Administrador) Acción: El usuario abrió la ventana de gestión de sabores.
[2025-10-23 20:17:30] Usuario: Martin Schonberger (Rol: Administrador) Acción: No se seleccionaron sabores para el producto.
[2025-10-23 20:17:57] Usuario: Martin Schonberger (Rol: Administrador) Acción: Ingrediente agregado: CHOCOLATE, Cantidad: 100 GR
[2025-10-23 20:18:05] Usuario: Martin Schonberger (Rol: Administrador) Acción: Operación cancelada en la pantalla de nueva receta.
[2025-10-23 20:18:12] Usuario: Martin Schonberger (Rol: Administrador) Acción: Producto agregado: Tarta de frutilla
[2025-10-23 20:18:14] Usuario: Martin Schonberger (Rol: Administrador) Acción: El usuario ha iniciado sesión.
[2025-10-23 20:18:14] Usuario: Martin Schonberger (Rol: Administrador) Acción: El usuario regresó al menú principal desde la pantalla de Productos.
[2025-10-23 20:18:18] Usuario: Martin Schonberger (Rol: Administrador) Acción: Accedió a la sección de Recetas
[2025-10-23 20:18:26] Usuario: Martin Schonberger (Rol: Administrador) Acción: El usuario quiere agregar una nueva receta.
[2025-10-23 20:18:32] Usuario: Martin Schonberger (Rol: Administrador) Acción: El usuario regresó al menú principal desde la pantalla de gestión de recetas.
[2025-10-23 20:18:32] Usuario: Martin Schonberger (Rol: Administrador) Acción: El usuario ha iniciado sesión.
[2025-10-23 20:18:38] Usuario: Martin Schonberger (Rol: Administrador) Acción: Accedió a la sección de Eventos
[2025-10-23 20:18:38] Usuario: Martin Schonberger (Rol: Administrador) Acción: Evento agregado para la fecha: 2025-08-07
[2025-10-23 20:18:38] Usuario: Martin Schonberger (Rol: Administrador) Acción: Evento agregado para la fecha: 2025-08-14
[2025-10-23 20:18:38] Usuario: Martin Schonberger (Rol: Administrador) Acción: Calendario para el mes: 2025-10 generado correctamente.
[2025-10-23 20:18:38] Usuario: Martin Schonberger (Rol: Administrador) Acción: Calendario para el mes: 2025-10 generado correctamente.
[2025-10-23 20:18:38] Usuario: Martin Schonberger (Rol: Administrador) Acción: Calendario inicializado para el mes: 2025-10
[2025-10-23 20:18:42] Usuario: Martin Schonberger (Rol: Administrador) Acción: Calendario para el mes: 2025-09 generado correctamente.
[2025-10-23 20:18:42] Usuario: Martin Schonberger (Rol: Administrador) Acción: Cambiado al mes anterior: 2025-09
[2025-10-23 20:18:42] Usuario: Martin Schonberger (Rol: Administrador) Acción: Calendario para el mes: 2025-08 generado correctamente.
[2025-10-23 20:18:42] Usuario: Martin Schonberger (Rol: Administrador) Acción: Cambiado al mes anterior: 2025-08
[2025-10-23 20:18:43] Usuario: Martin Schonberger (Rol: Administrador) Acción: Calendario para el mes: 2025-07 generado correctamente.
[2025-10-23 20:18:43] Usuario: Martin Schonberger (Rol: Administrador) Acción: Cambiado al mes anterior: 2025-07
[2025-10-23 20:18:45] Usuario: Martin Schonberger (Rol: Administrador) Acción: Calendario para el mes: 2025-08 generado correctamente.
[2025-10-23 20:18:45] Usuario: Martin Schonberger (Rol: Administrador) Acción: Cambiado al siguiente mes: 2025-08
[2025-10-23 20:19:05] Usuario: Martin Schonberger (Rol: Administrador) Acción: Calendario para el mes: 2025-08 generado correctamente.
[2025-10-23 20:19:05] Usuario: Martin Schonberger (Rol: Administrador) Acción: Evento agregado para la fecha: 2025-08-07
[2025-10-23 20:19:05] Usuario: Martin Schonberger (Rol: Administrador) Acción: Calendario para el mes: 2025-08 generado correctamente.
[2025-10-23 20:19:05] Usuario: Martin Schonberger (Rol: Administrador) Acción: Evento agregado para la fecha: 2025-08-14
[2025-10-23 20:19:05] Usuario: Martin Schonberger (Rol: Administrador) Acción: Calendario para el mes: 2025-08 generado correctamente.
[2025-10-23 20:19:05] Usuario: Martin Schonberger (Rol: Administrador) Acción: Evento agregado o modificado correctamente.
[2025-10-23 20:19:07] Usuario: Martin Schonberger (Rol: Administrador) Acción: El usuario ha iniciado sesión.
[2025-10-23 20:19:07] Usuario: Martin Schonberger (Rol: Administrador) Acción: El usuario volvió al menú principal.
[2025-10-23 20:19:19] Usuario: Martin Schonberger (Rol: Administrador) Acción: Accedió a la sección de Pedidos
[2025-10-23 20:20:35] Usuario: Martin Schonberger (Rol: Administrador) Acción: Catálogo abierto correctamente.
[2025-10-23 20:20:39] Usuario: Martin Schonberger (Rol: Administrador) Acción: Accedió a nuevo cliente.
[2025-10-23 20:21:31] Usuario: Martin Schonberger (Rol: Administrador) Acción: El usuario ha iniciado sesión.
[2025-10-23 20:21:34] Usuario: Martin Schonberger (Rol: Administrador) Acción: Accedió a la sección de Agenda
[2025-10-23 20:22:17] Usuario: Martin Schonberger (Rol: Administrador) Acción: El usuario ha iniciado sesión.
[2025-10-23 20:22:19] Usuario: Martin Schonberger (Rol: Administrador) Acción: Accedió a la sección de Estadísticas
[2025-10-23 20:23:32] Usuario: Martin Schonberger (Rol: Administrador) Acción: El usuario ha iniciado sesión.
[2025-10-23 20:37:09] Usuario: Martin Schonberger (Rol: Administrador) Acción: Accedió a la sección de Estadísticas
[2025-10-23 20:37:13] Usuario: Martin Schonberger (Rol: Administrador) Acción: El usuario ha iniciado sesión.
[2025-10-23 20:37:23] Usuario: Martin Schonberger (Rol: Administrador) Acción: Accedió a la sección de Eventos
[2025-10-23 20:37:23] Usuario: Martin Schonberger (Rol: Administrador) Acción: Evento agregado para la fecha: 2025-08-07
[2025-10-23 20:37:23] Usuario: Martin Schonberger (Rol: Administrador) Acción: Evento agregado para la fecha: 2025-08-14
[2025-10-23 20:37:23] Usuario: Martin Schonberger (Rol: Administrador) Acción: Calendario para el mes: 2025-10 generado correctamente.
[2025-10-23 20:37:23] Usuario: Martin Schonberger (Rol: Administrador) Acción: Calendario para el mes: 2025-10 generado correctamente.
[2025-10-23 20:37:23] Usuario: Martin Schonberger (Rol: Administrador) Acción: Calendario inicializado para el mes: 2025-10
[2025-10-23 20:37:53] Usuario: Martin Schonberger (Rol: Administrador) Acción: El usuario ha iniciado sesión.
[2025-10-23 20:37:54] Usuario: Martin Schonberger (Rol: Administrador) Acción: El usuario volvió al menú principal.
[2025-10-23 20:37:55] Usuario: Martin Schonberger (Rol: Administrador) Acción: Accedió a la sección de Pedidos
[2025-10-23 20:41:13] Usuario: Martin Schonberger (Rol: Administrador) Acción: El usuario ha iniciado sesión.
[2025-10-23 20:41:15] Usuario: Martin Schonberger (Rol: Administrador) Acción: Accedió a la sección de Recetas
[2025-10-23 20:41:17] Usuario: Martin Schonberger (Rol: Administrador) Acción: El usuario quiere agregar una nueva receta.
[2025-10-23 20:41:28] Usuario: Martin Schonberger (Rol: Administrador) Acción: El usuario regresó al menú principal desde la pantalla de gestión de recetas.
[2025-10-23 20:41:29] Usuario: Martin Schonberger (Rol: Administrador) Acción: El usuario ha iniciado sesión.
[2025-10-23 20:41:39] Usuario: Martin Schonberger (Rol: Administrador) Acción: Accedió a la sección de Productos
[2025-10-23 20:42:26] Usuario: Martin Schonberger (Rol: Administrador) Acción: El usuario ha iniciado sesión.
[2025-10-23 20:42:26] Usuario: Martin Schonberger (Rol: Administrador) Acción: El usuario regresó al menú principal desde la pantalla de Productos.
[2025-10-23 20:42:36] Usuario: Martin Schonberger (Rol: Administrador) Acción: Accedió a la sección de Proveedores
[2025-10-23 20:44:14] Usuario: Martin Schonberger (Rol: Administrador) Acción: El usuario ha iniciado sesión.
[2025-10-23 20:44:14] Usuario: Martin Schonberger (Rol: Administrador) Acción: El usuario volvió al menú principal.
[2025-10-23 20:44:16] Usuario: Martin Schonberger (Rol: Administrador) Acción: Accedió a la sección de Agenda
[2025-10-23 20:44:47] Usuario: Martin Schonberger (Rol: Administrador) Acción: El usuario ha iniciado sesión.
[2025-10-23 20:44:49] Usuario: Martin Schonberger (Rol: Administrador) Acción: Accedió a la sección de Stock
[2025-10-23 20:48:12] Usuario: Martin Schonberger (Rol: Administrador) Acción: El usuario ha iniciado sesión.
[2025-10-23 20:48:13] Usuario: Martin Schonberger (Rol: Administrador) Acción: El usuario regresó al menú principal.
