[2025-07-29 15:19:36] Usuario: Juan Lopez (Rol: Administrador) Acción: El usuario ha iniciado sesión.
[2025-07-29 16:39:17] Usuario: Juan Lopez (Rol: Administrador) Acción: Accedió a la sección de Estadísticas
[2025-07-29 16:40:05] Usuario: Juan Lopez (Rol: Administrador) Acción: El usuario ha iniciado sesión.
[2025-07-29 17:12:41] Usuario: Juan Lopez (Rol: Administrador) Acción: El usuario ha iniciado sesión.
[2025-07-29 17:27:22] Usuario: Juan Lopez (Rol: Administrador) Acción: Accedió a la sección de Productos
[2025-07-29 17:30:48] Usuario: Juan Lopez (Rol: Administrador) Acción: El usuario ha iniciado sesión.
[2025-07-29 17:30:59] Usuario: Juan Lopez (Rol: Administrador) Acción: Accedió a la sección de Productos
[2025-07-29 17:31:28] Usuario: Juan Lopez (Rol: Administrador) Acción: Agregar producto: Producto agregado.
[2025-07-29 17:32:13] Usuario: Juan Lopez (Rol: Administrador) Acción: Modificar producto: Producto modificado: Torta de Chocolate
[2025-07-29 17:36:47] Usuario: Juan Lopez (Rol: Administrador) Acción: Modificar producto: Producto modificado: Torta de Chocolate
[2025-07-29 17:37:17] Usuario: Juan Lopez (Rol: Administrador) Acción: El usuario ha iniciado sesión.
[2025-07-29 17:37:17] Usuario: Juan Lopez (Rol: Administrador) Acción: El usuario regresó al menú principal desde la pantalla de Productos.
[2025-07-29 17:37:21] Usuario: Juan Lopez (Rol: Administrador) Acción: Accedió a la sección de Productos
[2025-07-29 17:41:15] Usuario: Juan Lopez (Rol: Administrador) Acción: El usuario ha iniciado sesión.
[2025-07-29 17:41:21] Usuario: Juan Lopez (Rol: Administrador) Acción: Accedió a la sección de Productos
[2025-07-29 17:43:12] Usuario: Juan Lopez (Rol: Administrador) Acción: El usuario ha iniciado sesión.
[2025-07-29 17:43:38] Usuario: Juan Lopez (Rol: Administrador) Acción: Accedió a la sección de Productos
[2025-07-29 17:45:00] Usuario: Juan Lopez (Rol: Administrador) Acción: Modificar producto: Producto modificado: Trufas de Chocolate
[2025-07-29 17:49:34] Usuario: Juan Lopez (Rol: Administrador) Acción: El usuario ha iniciado sesión.
[2025-07-29 17:49:40] Usuario: Juan Lopez (Rol: Administrador) Acción: Accedió a la sección de Productos
[2025-07-29 17:49:48] Usuario: Juan Lopez (Rol: Administrador) Acción: Modificar producto: Producto modificado: Mousse de Limón
[2025-07-29 17:49:53] Usuario: Juan Lopez (Rol: Administrador) Acción: Modificar producto: Producto modificado: Trufas de Chocolate
[2025-07-29 17:49:59] Usuario: Juan Lopez (Rol: Administrador) Acción: Modificar producto: Producto modificado: Galletas de Vainilla
[2025-07-29 17:50:03] Usuario: Juan Lopez (Rol: Administrador) Acción: Modificar producto: Producto modificado: Tarta de Fresa
[2025-07-29 17:56:17] Usuario: Juan Lopez (Rol: Administrador) Acción: Imagen cargada para el producto: Torta de Chocolate
[2025-07-29 17:56:36] Usuario: Juan Lopez (Rol: Administrador) Acción: Imagen cargada para el producto: Torta de Chocolate
[2025-07-29 17:56:42] Usuario: Juan Lopez (Rol: Administrador) Acción: Producto modificado: Torta de Chocolate (ID: 1)
[2025-07-29 17:56:44] Usuario: Juan Lopez (Rol: Administrador) Acción: Modificar producto: Producto modificado: Torta de Chocolate
[2025-07-29 17:57:16] Usuario: Juan Lopez (Rol: Administrador) Acción: Modificar producto: Producto modificado: Torta de Chocolate
[2025-07-29 17:57:20] Usuario: Juan Lopez (Rol: Administrador) Acción: Modificar producto: Producto modificado: Torta de Chocolate
[2025-07-29 17:57:37] Usuario: Juan Lopez (Rol: Administrador) Acción: El usuario ha iniciado sesión.
[2025-07-29 17:57:37] Usuario: Juan Lopez (Rol: Administrador) Acción: El usuario regresó al menú principal desde la pantalla de Productos.
[2025-07-29 17:57:39] Usuario: Juan Lopez (Rol: Administrador) Acción: Accedió a la sección de Pedidos
[2025-07-29 17:58:01] Usuario: Juan Lopez (Rol: Administrador) Acción: Catálogo abierto correctamente.
[2025-07-29 18:03:37] Usuario: Juan Lopez (Rol: Administrador) Acción: El usuario ha iniciado sesión.
[2025-07-29 18:03:40] Usuario: Juan Lopez (Rol: Administrador) Acción: Accedió a la sección de Productos
[2025-07-29 18:03:46] Usuario: Juan Lopez (Rol: Administrador) Acción: Producto modificado: Torta de Chocolate
[2025-07-29 18:03:50] Usuario: Juan Lopez (Rol: Administrador) Acción: Producto modificado: Tarta de Fresa
[2025-07-29 18:03:57] Usuario: Juan Lopez (Rol: Administrador) Acción: El usuario ha iniciado sesión.
[2025-07-29 18:03:57] Usuario: Juan Lopez (Rol: Administrador) Acción: El usuario regresó al menú principal desde la pantalla de Productos.
[2025-07-29 18:03:58] Usuario: Juan Lopez (Rol: Administrador) Acción: Accedió a la sección de Pedidos
[2025-07-29 18:04:06] Usuario: Juan Lopez (Rol: Administrador) Acción: Catálogo abierto correctamente.
[2025-07-29 18:04:09] Usuario: Juan Lopez (Rol: Administrador) Acción: El usuario ha iniciado sesión.
[2025-07-29 18:08:26] Usuario: Juan Lopez (Rol: Administrador) Acción: El usuario ha iniciado sesión.
[2025-07-29 18:08:29] Usuario: Juan Lopez (Rol: Administrador) Acción: Accedió a la sección de Productos
[2025-07-29 18:08:30] Usuario: Juan Lopez (Rol: Administrador) Acción: El usuario ha iniciado sesión.
[2025-07-29 18:08:31] Usuario: Juan Lopez (Rol: Administrador) Acción: El usuario regresó al menú principal desde la pantalla de Productos.
[2025-07-29 18:08:32] Usuario: Juan Lopez (Rol: Administrador) Acción: Accedió a la sección de Pedidos
[2025-07-29 18:10:43] Usuario: Juan Lopez (Rol: Administrador) Acción: Catálogo abierto correctamente.
[2025-07-29 18:11:18] Usuario: Juan Lopez (Rol: Administrador) Acción: El usuario ha iniciado sesión.
[2025-07-29 18:11:23] Usuario: Juan Lopez (Rol: Administrador) Acción: Accedió a la sección de Productos
[2025-07-29 18:13:30] Usuario: Juan Lopez (Rol: Administrador) Acción: Producto modificado: Torta de Chocolate
[2025-07-29 18:14:05] Usuario: Juan Lopez (Rol: Administrador) Acción: El usuario ha iniciado sesión.
[2025-07-29 18:14:09] Usuario: Juan Lopez (Rol: Administrador) Acción: Accedió a la sección de Productos
[2025-07-29 18:14:23] Usuario: Juan Lopez (Rol: Administrador) Acción: Imagen cargada para el producto: Torta de Chocolate
[2025-07-29 18:14:41] Usuario: Juan Lopez (Rol: Administrador) Acción: Producto modificado: Torta de Chocolate (ID: 1)
[2025-07-29 18:14:41] Usuario: Juan Lopez (Rol: Administrador) Acción: Producto modificado: Torta de Chocolate
[2025-07-29 18:14:48] Usuario: Juan Lopez (Rol: Administrador) Acción: Producto modificado: Torta de Chocolate
[2025-07-29 18:14:50] Usuario: Juan Lopez (Rol: Administrador) Acción: El usuario ha iniciado sesión.
[2025-07-29 18:14:50] Usuario: Juan Lopez (Rol: Administrador) Acción: El usuario regresó al menú principal desde la pantalla de Productos.
[2025-07-29 18:14:59] Usuario: Juan Lopez (Rol: Administrador) Acción: Accedió a la sección de Pedidos
[2025-07-29 18:15:10] Usuario: Juan Lopez (Rol: Administrador) Acción: Catálogo abierto correctamente.
[2025-07-29 18:19:29] Usuario: Juan Lopez (Rol: Administrador) Acción: El usuario ha iniciado sesión.
[2025-07-29 18:19:35] Usuario: Juan Lopez (Rol: Administrador) Acción: Accedió a la sección de Productos
[2025-07-29 18:19:48] Usuario: Juan Lopez (Rol: Administrador) Acción: Imagen cargada para el producto: Torta de Chocolate
[2025-07-29 18:19:55] Usuario: Juan Lopez (Rol: Administrador) Acción: Producto modificado: Torta de Chocolate (ID: 1)
[2025-07-29 18:19:55] Usuario: Juan Lopez (Rol: Administrador) Acción: Producto modificado: Torta de Chocolate
[2025-07-29 18:19:58] Usuario: Juan Lopez (Rol: Administrador) Acción: Producto modificado: Torta de Chocolate
[2025-07-29 18:20:22] Usuario: Juan Lopez (Rol: Administrador) Acción: Imagen cargada para el producto: Tarta de Fresa
[2025-07-29 18:20:25] Usuario: Juan Lopez (Rol: Administrador) Acción: Producto modificado: Tarta de Fresa (ID: 2)
[2025-07-29 18:20:25] Usuario: Juan Lopez (Rol: Administrador) Acción: Producto modificado: Tarta de Fresa
[2025-07-29 18:20:29] Usuario: Juan Lopez (Rol: Administrador) Acción: Producto modificado: Tarta de Fresa
[2025-07-29 18:28:06] Usuario: Juan Lopez (Rol: Administrador) Acción: El usuario ha iniciado sesión.
[2025-07-29 18:28:06] Usuario: Juan Lopez (Rol: Administrador) Acción: El usuario regresó al menú principal desde la pantalla de Productos.
[2025-07-29 18:28:10] Usuario: Juan Lopez (Rol: Administrador) Acción: Accedió a la sección de Pedidos
[2025-07-29 18:28:27] Usuario: Juan Lopez (Rol: Administrador) Acción: Catálogo abierto correctamente.
[2025-07-29 18:29:08] Usuario: Juan Lopez (Rol: Administrador) Acción: El usuario ha iniciado sesión.
[2025-07-29 18:29:12] Usuario: Juan Lopez (Rol: Administrador) Acción: Accedió a la sección de Stock
[2025-07-29 18:29:17] Usuario: Juan Lopez (Rol: Administrador) Acción: El usuario abrió el formulario para agregar un nuevo insumo.
[2025-07-29 18:29:23] Usuario: Juan Lopez (Rol: Administrador) Acción: El usuario canceló la operación y cerró el formulario de insumo.
[2025-07-29 18:29:41] Usuario: Juan Lopez (Rol: Administrador) Acción: El usuario ha iniciado sesión.
[2025-07-29 18:29:41] Usuario: Juan Lopez (Rol: Administrador) Acción: El usuario regresó al menú principal.
[2025-07-29 18:29:43] Usuario: Juan Lopez (Rol: Administrador) Acción: Accedió a la sección de Recetas
[2025-07-29 18:29:45] Usuario: Juan Lopez (Rol: Administrador) Acción: El usuario quiere modificar la receta: Receta Trufas de Chocolate
[2025-07-29 18:29:51] Usuario: Juan Lopez (Rol: Administrador) Acción: Insumo de receta seleccionado para editar: MANTECA
[2025-07-29 18:29:59] Usuario: Juan Lopez (Rol: Administrador) Acción: Operación cancelada en la pantalla de nueva receta.
[2025-07-29 18:30:02] Usuario: Juan Lopez (Rol: Administrador) Acción: El usuario regresó al menú principal desde la pantalla de gestión de recetas.
[2025-07-29 18:30:02] Usuario: Juan Lopez (Rol: Administrador) Acción: El usuario ha iniciado sesión.
[2025-07-29 18:30:03] Usuario: Juan Lopez (Rol: Administrador) Acción: Accedió a la sección de Recetas
[2025-07-29 18:30:11] Usuario: Juan Lopez (Rol: Administrador) Acción: El usuario regresó al menú principal desde la pantalla de gestión de recetas.
[2025-07-29 18:30:12] Usuario: Juan Lopez (Rol: Administrador) Acción: El usuario ha iniciado sesión.
[2025-07-29 18:30:14] Usuario: Juan Lopez (Rol: Administrador) Acción: Accedió a la sección de Agenda
[2025-07-29 18:30:52] Usuario: Juan Lopez (Rol: Administrador) Acción: El usuario ha iniciado sesión.
[2025-07-29 18:30:55] Usuario: Juan Lopez (Rol: Administrador) Acción: Accedió a la sección de Agenda
[2025-07-29 18:30:59] Usuario: Juan Lopez (Rol: Administrador) Acción: El usuario ha iniciado sesión.
[2025-07-29 18:31:01] Usuario: Juan Lopez (Rol: Administrador) Acción: Accedió a la sección de Proveedores
[2025-07-29 18:31:12] Usuario: Juan Lopez (Rol: Administrador) Acción: El usuario ha iniciado sesión.
[2025-07-29 18:31:12] Usuario: Juan Lopez (Rol: Administrador) Acción: El usuario volvió al menú principal.
[2025-07-29 18:31:14] Usuario: Juan Lopez (Rol: Administrador) Acción: Accedió a la sección de Pedidos
[2025-07-29 18:31:17] Usuario: Juan Lopez (Rol: Administrador) Acción: El usuario ha iniciado sesión.
[2025-07-29 18:31:21] Usuario: Juan Lopez (Rol: Administrador) Acción: Accedió a la sección de Pedidos
[2025-07-29 18:31:47] Usuario: Juan Lopez (Rol: Administrador) Acción: Pedido entregado: 39
[2025-07-29 18:31:58] Usuario: Juan Lopez (Rol: Administrador) Acción: Pedido entregado: 38
[2025-07-29 18:34:11] Usuario: Juan Lopez (Rol: Administrador) Acción: El usuario ha iniciado sesión.
[2025-07-29 18:34:15] Usuario: Juan Lopez (Rol: Administrador) Acción: Accedió a la sección de Eventos
[2025-07-29 18:34:15] Usuario: Juan Lopez (Rol: Administrador) Acción: Evento agregado para la fecha: 2024-11-15
[2025-07-29 18:34:15] Usuario: Juan Lopez (Rol: Administrador) Acción: Evento agregado para la fecha: 2024-12-10
[2025-07-29 18:34:15] Usuario: Juan Lopez (Rol: Administrador) Acción: Evento agregado para la fecha: 2024-12-20
[2025-07-29 18:34:15] Usuario: Juan Lopez (Rol: Administrador) Acción: Evento agregado para la fecha: 2024-10-27
[2025-07-29 18:34:15] Usuario: Juan Lopez (Rol: Administrador) Acción: Evento agregado para la fecha: 2024-11-30
[2025-07-29 18:34:15] Usuario: Juan Lopez (Rol: Administrador) Acción: Calendario para el mes: 2025-07 generado correctamente.
[2025-07-29 18:34:15] Usuario: Juan Lopez (Rol: Administrador) Acción: Evento agregado para la fecha: 2025-07-05
[2025-07-29 18:34:15] Usuario: Juan Lopez (Rol: Administrador) Acción: Calendario para el mes: 2025-07 generado correctamente.
[2025-07-29 18:34:15] Usuario: Juan Lopez (Rol: Administrador) Acción: Evento agregado para la fecha: 2025-07-18
[2025-07-29 18:34:15] Usuario: Juan Lopez (Rol: Administrador) Acción: Calendario para el mes: 2025-07 generado correctamente.
[2025-07-29 18:34:15] Usuario: Juan Lopez (Rol: Administrador) Acción: Calendario para el mes: 2025-07 generado correctamente.
[2025-07-29 18:34:15] Usuario: Juan Lopez (Rol: Administrador) Acción: Calendario inicializado para el mes: 2025-07
[2025-07-29 18:34:19] Usuario: Juan Lopez (Rol: Administrador) Acción: Detalles del evento cargados para la fecha: 2025-07-18
[2025-07-29 18:34:22] Usuario: Juan Lopez (Rol: Administrador) Acción: Detalles del evento cargados para la fecha: 2025-07-05
[2025-07-29 18:34:26] Usuario: Juan Lopez (Rol: Administrador) Acción: Panel de detalles cerrado.
[2025-07-29 18:34:28] Usuario: Juan Lopez (Rol: Administrador) Acción: El usuario ha iniciado sesión.
[2025-07-29 18:34:28] Usuario: Juan Lopez (Rol: Administrador) Acción: El usuario volvió al menú principal.
[2025-07-29 18:34:34] Usuario: Juan Lopez (Rol: Administrador) Acción: Accedió a la sección de Eventos
[2025-07-29 18:34:34] Usuario: Juan Lopez (Rol: Administrador) Acción: Evento agregado para la fecha: 2024-11-15
[2025-07-29 18:34:34] Usuario: Juan Lopez (Rol: Administrador) Acción: Evento agregado para la fecha: 2024-12-10
[2025-07-29 18:34:34] Usuario: Juan Lopez (Rol: Administrador) Acción: Evento agregado para la fecha: 2024-12-20
[2025-07-29 18:34:34] Usuario: Juan Lopez (Rol: Administrador) Acción: Evento agregado para la fecha: 2024-10-27
[2025-07-29 18:34:34] Usuario: Juan Lopez (Rol: Administrador) Acción: Evento agregado para la fecha: 2024-11-30
[2025-07-29 18:34:34] Usuario: Juan Lopez (Rol: Administrador) Acción: Calendario para el mes: 2025-07 generado correctamente.
[2025-07-29 18:34:34] Usuario: Juan Lopez (Rol: Administrador) Acción: Evento agregado para la fecha: 2025-07-05
[2025-07-29 18:34:34] Usuario: Juan Lopez (Rol: Administrador) Acción: Calendario para el mes: 2025-07 generado correctamente.
[2025-07-29 18:34:34] Usuario: Juan Lopez (Rol: Administrador) Acción: Evento agregado para la fecha: 2025-07-18
[2025-07-29 18:34:34] Usuario: Juan Lopez (Rol: Administrador) Acción: Calendario para el mes: 2025-07 generado correctamente.
[2025-07-29 18:34:34] Usuario: Juan Lopez (Rol: Administrador) Acción: Calendario para el mes: 2025-07 generado correctamente.
[2025-07-29 18:34:34] Usuario: Juan Lopez (Rol: Administrador) Acción: Calendario inicializado para el mes: 2025-07
[2025-07-29 18:34:35] Usuario: Juan Lopez (Rol: Administrador) Acción: Detalles del evento cargados para la fecha: 2025-07-05
[2025-07-29 18:34:39] Usuario: Juan Lopez (Rol: Administrador) Acción: El usuario ha iniciado sesión.
[2025-07-29 18:34:39] Usuario: Juan Lopez (Rol: Administrador) Acción: El usuario volvió al menú principal.
[2025-07-29 18:34:42] Usuario: Juan Lopez (Rol: Administrador) Acción: Accedió a la sección de Recetas
[2025-07-29 18:35:04] Usuario: Juan Lopez (Rol: Administrador) Acción: El usuario regresó al menú principal desde la pantalla de gestión de recetas.
[2025-07-29 18:35:04] Usuario: Juan Lopez (Rol: Administrador) Acción: El usuario ha iniciado sesión.
[2025-07-29 18:35:07] Usuario: Juan Lopez (Rol: Administrador) Acción: El usuario accedió a la sección de Configuración
[2025-07-29 18:35:09] Usuario: Juan Lopez (Rol: Administrador) Acción: El usuario accedió a la pantalla de gestión de roles.
[2025-07-29 18:35:09] Usuario: Juan Lopez (Rol: Administrador) Acción: Roles cargados desde la base de datos: 3 roles disponibles.
[2025-07-29 18:35:10] Usuario: Juan Lopez (Rol: Administrador) Acción: El usuario abrió la ventana de gestión de clientes para administrar la información de los clientes.
[2025-07-29 18:35:11] Usuario: Juan Lopez (Rol: Administrador) Acción: El usuario accedió a la pantalla de gestión de roles.
[2025-07-29 18:35:11] Usuario: Juan Lopez (Rol: Administrador) Acción: Roles cargados desde la base de datos: 3 roles disponibles.
[2025-07-29 18:43:59] Usuario: Juan Lopez (Rol: Administrador) Acción: El usuario ha iniciado sesión.
[2025-07-29 18:44:03] Usuario: Juan Lopez (Rol: Administrador) Acción: El usuario accedió a la sección de Configuración
[2025-07-29 18:44:05] Usuario: Juan Lopez (Rol: Administrador) Acción: El usuario accedió a la pantalla de gestión de roles.
[2025-07-29 18:44:05] Usuario: Juan Lopez (Rol: Administrador) Acción: Roles cargados desde la base de datos: 3 roles disponibles.
[2025-07-29 18:51:17] Usuario: Juan Lopez (Rol: Administrador) Acción: El usuario ha iniciado sesión.
[2025-07-29 18:51:21] Usuario: Juan Lopez (Rol: Administrador) Acción: El usuario accedió a la sección de Configuración
[2025-07-29 18:51:22] Usuario: Juan Lopez (Rol: Administrador) Acción: El usuario accedió a la pantalla de gestión de roles.
[2025-07-29 18:51:22] Usuario: Juan Lopez (Rol: Administrador) Acción: Roles cargados desde la base de datos: 3 roles disponibles.
[2025-07-29 18:51:22] Usuario: Juan Lopez (Rol: Administrador) Acción: No se seleccionó ningún rol. Los permisos han sido deshabilitados.
[2025-07-29 18:51:22] Usuario: Juan Lopez (Rol: Administrador) Acción: El usuario accedió a la ventana de control de roles y permisos para gestionar los privilegios de los usuarios.
[2025-07-29 18:51:25] Usuario: Juan Lopez (Rol: Administrador) Acción: Se activaron todos los permisos para el rol Administrador.
[2025-07-29 18:51:27] Usuario: Juan Lopez (Rol: Administrador) Acción: El usuario revocó el permiso Agenda-todos al rol: Cajera
[2025-07-29 18:51:27] Usuario: Juan Lopez (Rol: Administrador) Acción: El usuario revocó el permiso Agenda-crear al rol: Cajera
[2025-07-29 18:51:27] Usuario: Juan Lopez (Rol: Administrador) Acción: El usuario revocó el permiso Agenda-ver al rol: Cajera
[2025-07-29 18:51:27] Usuario: Juan Lopez (Rol: Administrador) Acción: El usuario revocó el permiso Productos-todos al rol: Cajera
[2025-07-29 18:51:27] Usuario: Juan Lopez (Rol: Administrador) Acción: El usuario revocó el permiso Productos-eliminar al rol: Cajera
[2025-07-29 18:51:27] Usuario: Juan Lopez (Rol: Administrador) Acción: El usuario revocó el permiso Config. Empleados-todos al rol: Cajera
[2025-07-29 18:51:27] Usuario: Juan Lopez (Rol: Administrador) Acción: El usuario revocó el permiso Config. Empleados-modificar al rol: Cajera
[2025-07-29 18:51:27] Usuario: Juan Lopez (Rol: Administrador) Acción: El usuario revocó el permiso Settings-ver al rol: Cajera
[2025-07-29 18:51:27] Usuario: Juan Lopez (Rol: Administrador) Acción: El usuario revocó el permiso Config. Empleados-ver al rol: Cajera
[2025-07-29 18:51:27] Usuario: Juan Lopez (Rol: Administrador) Acción: El usuario revocó el permiso Productos-modificar al rol: Cajera
[2025-07-29 18:51:27] Usuario: Juan Lopez (Rol: Administrador) Acción: El usuario revocó el permiso Pedidos-todos al rol: Cajera
[2025-07-29 18:51:27] Usuario: Juan Lopez (Rol: Administrador) Acción: El usuario revocó el permiso Pedidos-eliminar al rol: Cajera
[2025-07-29 18:51:27] Usuario: Juan Lopez (Rol: Administrador) Acción: El usuario revocó el permiso Pedidos-crear al rol: Cajera
[2025-07-29 18:51:27] Usuario: Juan Lopez (Rol: Administrador) Acción: El usuario revocó el permiso Insumos-todos al rol: Cajera
[2025-07-29 18:51:27] Usuario: Juan Lopez (Rol: Administrador) Acción: El usuario revocó el permiso Insumos-modificar al rol: Cajera
[2025-07-29 18:51:27] Usuario: Juan Lopez (Rol: Administrador) Acción: El usuario revocó el permiso Recetas-todos al rol: Cajera
[2025-07-29 18:51:27] Usuario: Juan Lopez (Rol: Administrador) Acción: El usuario revocó el permiso Recetas-eliminar al rol: Cajera
[2025-07-29 18:51:27] Usuario: Juan Lopez (Rol: Administrador) Acción: El usuario revocó el permiso Proveedores-todos al rol: Cajera
[2025-07-29 18:51:27] Usuario: Juan Lopez (Rol: Administrador) Acción: El usuario revocó el permiso Proveedores-ver al rol: Cajera
[2025-07-29 18:51:27] Usuario: Juan Lopez (Rol: Administrador) Acción: El usuario revocó el permiso Clientes-todos al rol: Cajera
[2025-07-29 18:51:27] Usuario: Juan Lopez (Rol: Administrador) Acción: El usuario revocó el permiso Clientes-modificar al rol: Cajera
[2025-07-29 18:51:27] Usuario: Juan Lopez (Rol: Administrador) Acción: El usuario revocó el permiso Productos-ver al rol: Cajera
[2025-07-29 18:51:27] Usuario: Juan Lopez (Rol: Administrador) Acción: El usuario revocó el permiso Proveedores-eliminar al rol: Cajera
[2025-07-29 18:51:27] Usuario: Juan Lopez (Rol: Administrador) Acción: El usuario revocó el permiso Clientes-crear al rol: Cajera
[2025-07-29 18:51:27] Usuario: Juan Lopez (Rol: Administrador) Acción: El usuario revocó el permiso Eventos-todos al rol: Cajera
[2025-07-29 18:51:27] Usuario: Juan Lopez (Rol: Administrador) Acción: El usuario revocó el permiso Eventos-modificar al rol: Cajera
[2025-07-29 18:51:27] Usuario: Juan Lopez (Rol: Administrador) Acción: El usuario revocó el permiso Eventos-crear al rol: Cajera
[2025-07-29 18:51:27] Usuario: Juan Lopez (Rol: Administrador) Acción: El usuario revocó el permiso Stock-crear al rol: Cajera
[2025-07-29 18:51:27] Usuario: Juan Lopez (Rol: Administrador) Acción: El usuario revocó el permiso Recetas-ver al rol: Cajera
[2025-07-29 18:51:27] Usuario: Juan Lopez (Rol: Administrador) Acción: El usuario revocó el permiso Notificaciones-ver al rol: Cajera
[2025-07-29 18:51:27] Usuario: Juan Lopez (Rol: Administrador) Acción: El usuario revocó el permiso Stock-ver al rol: Cajera
[2025-07-29 18:51:27] Usuario: Juan Lopez (Rol: Administrador) Acción: El usuario revocó el permiso Sabores-todos al rol: Cajera
[2025-07-29 18:51:27] Usuario: Juan Lopez (Rol: Administrador) Acción: El usuario revocó el permiso Sabores-eliminar al rol: Cajera
[2025-07-29 18:51:27] Usuario: Juan Lopez (Rol: Administrador) Acción: El usuario revocó el permiso Sabores-ver al rol: Cajera
[2025-07-29 18:51:27] Usuario: Juan Lopez (Rol: Administrador) Acción: El usuario revocó el permiso Pedidos-ver al rol: Cajera
[2025-07-29 18:51:27] Usuario: Juan Lopez (Rol: Administrador) Acción: El usuario revocó el permiso Agenda-modificar al rol: Cajera
[2025-07-29 18:51:27] Usuario: Juan Lopez (Rol: Administrador) Acción: El usuario revocó el permiso Clientes-eliminar al rol: Cajera
[2025-07-29 18:51:27] Usuario: Juan Lopez (Rol: Administrador) Acción: El usuario revocó el permiso Insumos-eliminar al rol: Cajera
[2025-07-29 18:51:27] Usuario: Juan Lopez (Rol: Administrador) Acción: El usuario revocó el permiso Eventos-ver al rol: Cajera
[2025-07-29 18:51:27] Usuario: Juan Lopez (Rol: Administrador) Acción: El usuario revocó el permiso Pedidos-modificar al rol: Cajera
[2025-07-29 18:51:27] Usuario: Juan Lopez (Rol: Administrador) Acción: El usuario revocó el permiso Productos-crear al rol: Cajera
[2025-07-29 18:51:27] Usuario: Juan Lopez (Rol: Administrador) Acción: El usuario revocó el permiso Agenda-eliminar al rol: Cajera
[2025-07-29 18:51:27] Usuario: Juan Lopez (Rol: Administrador) Acción: El usuario revocó el permiso Clientes-ver al rol: Cajera
[2025-07-29 18:51:27] Usuario: Juan Lopez (Rol: Administrador) Acción: El usuario revocó el permiso Sabores-crear al rol: Cajera
[2025-07-29 18:51:27] Usuario: Juan Lopez (Rol: Administrador) Acción: El usuario revocó el permiso Config. Empleados-eliminar al rol: Cajera
[2025-07-29 18:51:27] Usuario: Juan Lopez (Rol: Administrador) Acción: El usuario revocó el permiso Recetas-crear al rol: Cajera
[2025-07-29 18:51:27] Usuario: Juan Lopez (Rol: Administrador) Acción: El usuario revocó el permiso Insumos-crear al rol: Cajera
[2025-07-29 18:51:27] Usuario: Juan Lopez (Rol: Administrador) Acción: El usuario revocó el permiso Sabores-modificar al rol: Cajera
[2025-07-29 18:51:27] Usuario: Juan Lopez (Rol: Administrador) Acción: El usuario revocó el permiso Insumos-ver al rol: Cajera
[2025-07-29 18:51:27] Usuario: Juan Lopez (Rol: Administrador) Acción: El usuario revocó el permiso Estadísticas-crear al rol: Cajera
[2025-07-29 18:51:27] Usuario: Juan Lopez (Rol: Administrador) Acción: El usuario revocó el permiso Config. Empleados-crear al rol: Cajera
[2025-07-29 18:51:27] Usuario: Juan Lopez (Rol: Administrador) Acción: El usuario revocó el permiso Proveedores-crear al rol: Cajera
[2025-07-29 18:51:27] Usuario: Juan Lopez (Rol: Administrador) Acción: El usuario revocó el permiso Eventos-eliminar al rol: Cajera
[2025-07-29 18:51:27] Usuario: Juan Lopez (Rol: Administrador) Acción: El usuario revocó el permiso Recetas-modificar al rol: Cajera
[2025-07-29 18:51:27] Usuario: Juan Lopez (Rol: Administrador) Acción: El usuario revocó el permiso Proveedores-modificar al rol: Cajera
[2025-07-29 18:51:27] Usuario: Juan Lopez (Rol: Administrador) Acción: El usuario revocó el permiso Estadísticas-ver al rol: Cajera
[2025-07-29 18:51:27] Usuario: Juan Lopez (Rol: Administrador) Acción: Se cargaron permisos para el rol: Cajera
[2025-07-29 18:51:29] Usuario: Juan Lopez (Rol: Administrador) Acción: Se cargaron permisos para el rol: Empleado
[2025-07-29 18:55:11] Usuario: Juan Lopez (Rol: Administrador) Acción: El usuario ha iniciado sesión.
[2025-07-29 18:55:22] Usuario: Juan Lopez (Rol: Administrador) Acción: El usuario accedió a la sección de Configuración
[2025-07-29 18:58:23] Usuario: Juan Lopez (Rol: Administrador) Acción: El usuario accedió a la pantalla de gestión de roles.
[2025-07-29 18:58:23] Usuario: Juan Lopez (Rol: Administrador) Acción: Roles cargados desde la base de datos: 3 roles disponibles.
[2025-07-29 18:58:23] Usuario: Juan Lopez (Rol: Administrador) Acción: No se seleccionó ningún rol. Los permisos han sido deshabilitados.
[2025-07-29 18:58:23] Usuario: Juan Lopez (Rol: Administrador) Acción: El usuario accedió a la ventana de control de roles y permisos para gestionar los privilegios de los usuarios.
[2025-07-29 18:58:27] Usuario: Juan Lopez (Rol: Administrador) Acción: Se activaron todos los permisos para el rol Administrador.
[2025-07-29 18:58:29] Usuario: Juan Lopez (Rol: Administrador) Acción: El usuario revocó el permiso Agenda-todos al rol: Cajera
[2025-07-29 18:58:29] Usuario: Juan Lopez (Rol: Administrador) Acción: El usuario revocó el permiso Agenda-crear al rol: Cajera
[2025-07-29 18:58:29] Usuario: Juan Lopez (Rol: Administrador) Acción: El usuario revocó el permiso Agenda-ver al rol: Cajera
[2025-07-29 18:58:29] Usuario: Juan Lopez (Rol: Administrador) Acción: El usuario revocó el permiso Productos-todos al rol: Cajera
[2025-07-29 18:58:29] Usuario: Juan Lopez (Rol: Administrador) Acción: El usuario revocó el permiso Productos-eliminar al rol: Cajera
[2025-07-29 18:58:29] Usuario: Juan Lopez (Rol: Administrador) Acción: El usuario revocó el permiso Config. Empleados-todos al rol: Cajera
[2025-07-29 18:58:29] Usuario: Juan Lopez (Rol: Administrador) Acción: El usuario revocó el permiso Config. Empleados-modificar al rol: Cajera
[2025-07-29 18:58:29] Usuario: Juan Lopez (Rol: Administrador) Acción: El usuario revocó el permiso Settings-ver al rol: Cajera
[2025-07-29 18:58:29] Usuario: Juan Lopez (Rol: Administrador) Acción: El usuario revocó el permiso Config. Empleados-ver al rol: Cajera
[2025-07-29 18:58:29] Usuario: Juan Lopez (Rol: Administrador) Acción: El usuario revocó el permiso Productos-modificar al rol: Cajera
[2025-07-29 18:58:29] Usuario: Juan Lopez (Rol: Administrador) Acción: El usuario revocó el permiso Pedidos-todos al rol: Cajera
[2025-07-29 18:58:29] Usuario: Juan Lopez (Rol: Administrador) Acción: El usuario revocó el permiso Pedidos-eliminar al rol: Cajera
[2025-07-29 18:58:29] Usuario: Juan Lopez (Rol: Administrador) Acción: El usuario revocó el permiso Pedidos-crear al rol: Cajera
[2025-07-29 18:58:29] Usuario: Juan Lopez (Rol: Administrador) Acción: El usuario revocó el permiso Insumos-todos al rol: Cajera
[2025-07-29 18:58:29] Usuario: Juan Lopez (Rol: Administrador) Acción: El usuario revocó el permiso Insumos-modificar al rol: Cajera
[2025-07-29 18:58:29] Usuario: Juan Lopez (Rol: Administrador) Acción: El usuario revocó el permiso Recetas-todos al rol: Cajera
[2025-07-29 18:58:29] Usuario: Juan Lopez (Rol: Administrador) Acción: El usuario revocó el permiso Recetas-eliminar al rol: Cajera
[2025-07-29 18:58:29] Usuario: Juan Lopez (Rol: Administrador) Acción: El usuario revocó el permiso Proveedores-todos al rol: Cajera
[2025-07-29 18:58:29] Usuario: Juan Lopez (Rol: Administrador) Acción: El usuario revocó el permiso Proveedores-ver al rol: Cajera
[2025-07-29 18:58:29] Usuario: Juan Lopez (Rol: Administrador) Acción: El usuario revocó el permiso Clientes-todos al rol: Cajera
[2025-07-29 18:58:29] Usuario: Juan Lopez (Rol: Administrador) Acción: El usuario revocó el permiso Clientes-modificar al rol: Cajera
[2025-07-29 18:58:29] Usuario: Juan Lopez (Rol: Administrador) Acción: El usuario revocó el permiso Productos-ver al rol: Cajera
[2025-07-29 18:58:29] Usuario: Juan Lopez (Rol: Administrador) Acción: El usuario revocó el permiso Proveedores-eliminar al rol: Cajera
[2025-07-29 18:58:29] Usuario: Juan Lopez (Rol: Administrador) Acción: El usuario revocó el permiso Clientes-crear al rol: Cajera
[2025-07-29 18:58:29] Usuario: Juan Lopez (Rol: Administrador) Acción: El usuario revocó el permiso Eventos-todos al rol: Cajera
[2025-07-29 18:58:29] Usuario: Juan Lopez (Rol: Administrador) Acción: El usuario revocó el permiso Eventos-modificar al rol: Cajera
[2025-07-29 18:58:29] Usuario: Juan Lopez (Rol: Administrador) Acción: El usuario revocó el permiso Eventos-crear al rol: Cajera
[2025-07-29 18:58:29] Usuario: Juan Lopez (Rol: Administrador) Acción: El usuario revocó el permiso Stock-crear al rol: Cajera
[2025-07-29 18:58:29] Usuario: Juan Lopez (Rol: Administrador) Acción: El usuario revocó el permiso Recetas-ver al rol: Cajera
[2025-07-29 18:58:29] Usuario: Juan Lopez (Rol: Administrador) Acción: El usuario revocó el permiso Notificaciones-ver al rol: Cajera
[2025-07-29 18:58:29] Usuario: Juan Lopez (Rol: Administrador) Acción: El usuario revocó el permiso Stock-ver al rol: Cajera
[2025-07-29 18:58:29] Usuario: Juan Lopez (Rol: Administrador) Acción: El usuario revocó el permiso Sabores-todos al rol: Cajera
[2025-07-29 18:58:29] Usuario: Juan Lopez (Rol: Administrador) Acción: El usuario revocó el permiso Sabores-eliminar al rol: Cajera
[2025-07-29 18:58:29] Usuario: Juan Lopez (Rol: Administrador) Acción: El usuario revocó el permiso Sabores-ver al rol: Cajera
[2025-07-29 18:58:29] Usuario: Juan Lopez (Rol: Administrador) Acción: El usuario revocó el permiso Pedidos-ver al rol: Cajera
[2025-07-29 18:58:29] Usuario: Juan Lopez (Rol: Administrador) Acción: El usuario revocó el permiso Agenda-modificar al rol: Cajera
[2025-07-29 18:58:29] Usuario: Juan Lopez (Rol: Administrador) Acción: El usuario revocó el permiso Clientes-eliminar al rol: Cajera
[2025-07-29 18:58:29] Usuario: Juan Lopez (Rol: Administrador) Acción: El usuario revocó el permiso Insumos-eliminar al rol: Cajera
[2025-07-29 18:58:29] Usuario: Juan Lopez (Rol: Administrador) Acción: El usuario revocó el permiso Eventos-ver al rol: Cajera
[2025-07-29 18:58:29] Usuario: Juan Lopez (Rol: Administrador) Acción: El usuario revocó el permiso Pedidos-modificar al rol: Cajera
[2025-07-29 18:58:29] Usuario: Juan Lopez (Rol: Administrador) Acción: El usuario revocó el permiso Productos-crear al rol: Cajera
[2025-07-29 18:58:29] Usuario: Juan Lopez (Rol: Administrador) Acción: El usuario revocó el permiso Agenda-eliminar al rol: Cajera
[2025-07-29 18:58:29] Usuario: Juan Lopez (Rol: Administrador) Acción: El usuario revocó el permiso Clientes-ver al rol: Cajera
[2025-07-29 18:58:29] Usuario: Juan Lopez (Rol: Administrador) Acción: El usuario revocó el permiso Sabores-crear al rol: Cajera
[2025-07-29 18:58:29] Usuario: Juan Lopez (Rol: Administrador) Acción: El usuario revocó el permiso Config. Empleados-eliminar al rol: Cajera
[2025-07-29 18:58:29] Usuario: Juan Lopez (Rol: Administrador) Acción: El usuario revocó el permiso Recetas-crear al rol: Cajera
[2025-07-29 18:58:29] Usuario: Juan Lopez (Rol: Administrador) Acción: El usuario revocó el permiso Insumos-crear al rol: Cajera
[2025-07-29 18:58:29] Usuario: Juan Lopez (Rol: Administrador) Acción: El usuario revocó el permiso Sabores-modificar al rol: Cajera
[2025-07-29 18:58:29] Usuario: Juan Lopez (Rol: Administrador) Acción: El usuario revocó el permiso Insumos-ver al rol: Cajera
[2025-07-29 18:58:29] Usuario: Juan Lopez (Rol: Administrador) Acción: El usuario revocó el permiso Estadísticas-crear al rol: Cajera
[2025-07-29 18:58:29] Usuario: Juan Lopez (Rol: Administrador) Acción: El usuario revocó el permiso Config. Empleados-crear al rol: Cajera
[2025-07-29 18:58:29] Usuario: Juan Lopez (Rol: Administrador) Acción: El usuario revocó el permiso Proveedores-crear al rol: Cajera
[2025-07-29 18:58:29] Usuario: Juan Lopez (Rol: Administrador) Acción: El usuario revocó el permiso Eventos-eliminar al rol: Cajera
[2025-07-29 18:58:29] Usuario: Juan Lopez (Rol: Administrador) Acción: El usuario revocó el permiso Recetas-modificar al rol: Cajera
[2025-07-29 18:58:29] Usuario: Juan Lopez (Rol: Administrador) Acción: El usuario revocó el permiso Proveedores-modificar al rol: Cajera
[2025-07-29 18:58:29] Usuario: Juan Lopez (Rol: Administrador) Acción: El usuario revocó el permiso Estadísticas-ver al rol: Cajera
[2025-07-29 18:58:29] Usuario: Juan Lopez (Rol: Administrador) Acción: Se cargaron permisos para el rol: Cajera
[2025-07-29 18:58:37] Usuario: Juan Lopez (Rol: Administrador) Acción: Se cargaron permisos para el rol: Empleado
[2025-07-29 18:58:38] Usuario: Juan Lopez (Rol: Administrador) Acción: Se cargaron permisos para el rol: Cajera
[2025-07-29 18:58:39] Usuario: Juan Lopez (Rol: Administrador) Acción: El usuario asignó el permiso Eventos-ver al rol: Cajera
[2025-07-29 18:58:47] Usuario: Juan Lopez (Rol: Administrador) Acción: El usuario asignó el permiso Pedidos-ver al rol: Cajera
[2025-07-29 18:58:49] Usuario: Juan Lopez (Rol: Administrador) Acción: El usuario asignó el permiso Recetas-ver al rol: Cajera
[2025-07-29 18:58:50] Usuario: Juan Lopez (Rol: Administrador) Acción: El usuario asignó el permiso Productos-ver al rol: Cajera
[2025-07-29 18:58:50] Usuario: Juan Lopez (Rol: Administrador) Acción: El usuario asignó el permiso Proveedores-ver al rol: Cajera
[2025-07-29 18:58:50] Usuario: Juan Lopez (Rol: Administrador) Acción: El usuario asignó el permiso Agenda-ver al rol: Cajera
[2025-07-29 18:58:51] Usuario: Juan Lopez (Rol: Administrador) Acción: El usuario asignó el permiso Insumos-ver al rol: Cajera
[2025-07-29 18:58:51] Usuario: Juan Lopez (Rol: Administrador) Acción: El usuario asignó el permiso Clientes-ver al rol: Cajera
[2025-07-29 18:58:52] Usuario: Juan Lopez (Rol: Administrador) Acción: El usuario asignó el permiso Sabores-ver al rol: Cajera
[2025-07-29 18:58:52] Usuario: Juan Lopez (Rol: Administrador) Acción: El usuario asignó el permiso Config. Empleados-ver al rol: Cajera
[2025-07-29 18:58:53] Usuario: Juan Lopez (Rol: Administrador) Acción: El usuario asignó el permiso Stock-ver al rol: Cajera
[2025-07-29 18:58:54] Usuario: Juan Lopez (Rol: Administrador) Acción: El usuario asignó el permiso Estadísticas-ver al rol: Cajera
[2025-07-29 18:58:55] Usuario: Juan Lopez (Rol: Administrador) Acción: El usuario asignó el permiso Notificaciones-ver al rol: Cajera
[2025-07-29 18:58:55] Usuario: Juan Lopez (Rol: Administrador) Acción: El usuario asignó el permiso Settings-ver al rol: Cajera
[2025-07-29 18:59:03] Usuario: Juan Lopez (Rol: Administrador) Acción: El usuario ha iniciado sesión.
[2025-07-29 18:59:03] Usuario: Juan Lopez (Rol: Administrador) Acción: El usuario regresó al menú principal.
[2025-07-29 19:00:34] Usuario: Juan Lopez (Rol: Administrador) Acción: El usuario cerró sesión
[2025-07-29 19:00:58] Usuario: Jose Gonzalez (Rol: Cajera) Acción: El usuario ha iniciado sesión.
[2025-07-29 19:01:02] Usuario: Jose Gonzalez (Rol: Cajera) Acción: Accedió a la sección de Estadísticas
[2025-07-29 19:01:07] Usuario: Jose Gonzalez (Rol: Cajera) Acción: El usuario ha iniciado sesión.
[2025-07-29 19:01:08] Usuario: Jose Gonzalez (Rol: Cajera) Acción: Accedió a la sección de Eventos
[2025-07-29 19:01:08] Usuario: Jose Gonzalez (Rol: Cajera) Acción: Evento agregado para la fecha: 2024-11-15
[2025-07-29 19:01:08] Usuario: Jose Gonzalez (Rol: Cajera) Acción: Evento agregado para la fecha: 2024-12-10
[2025-07-29 19:01:08] Usuario: Jose Gonzalez (Rol: Cajera) Acción: Evento agregado para la fecha: 2024-12-20
[2025-07-29 19:01:08] Usuario: Jose Gonzalez (Rol: Cajera) Acción: Evento agregado para la fecha: 2024-10-27
[2025-07-29 19:01:08] Usuario: Jose Gonzalez (Rol: Cajera) Acción: Evento agregado para la fecha: 2024-11-30
[2025-07-29 19:01:08] Usuario: Jose Gonzalez (Rol: Cajera) Acción: Calendario para el mes: 2025-07 generado correctamente.
[2025-07-29 19:01:08] Usuario: Jose Gonzalez (Rol: Cajera) Acción: Evento agregado para la fecha: 2025-07-05
[2025-07-29 19:01:08] Usuario: Jose Gonzalez (Rol: Cajera) Acción: Calendario para el mes: 2025-07 generado correctamente.
[2025-07-29 19:01:08] Usuario: Jose Gonzalez (Rol: Cajera) Acción: Evento agregado para la fecha: 2025-07-18
[2025-07-29 19:01:08] Usuario: Jose Gonzalez (Rol: Cajera) Acción: Calendario para el mes: 2025-07 generado correctamente.
[2025-07-29 19:01:08] Usuario: Jose Gonzalez (Rol: Cajera) Acción: Calendario para el mes: 2025-07 generado correctamente.
[2025-07-29 19:01:08] Usuario: Jose Gonzalez (Rol: Cajera) Acción: Calendario inicializado para el mes: 2025-07
[2025-07-29 19:01:11] Usuario: Jose Gonzalez (Rol: Cajera) Acción: El usuario ha iniciado sesión.
[2025-07-29 19:01:11] Usuario: Jose Gonzalez (Rol: Cajera) Acción: El usuario volvió al menú principal.
[2025-07-29 19:01:11] Usuario: Jose Gonzalez (Rol: Cajera) Acción: Accedió a la sección de Pedidos
[2025-07-29 19:01:20] Usuario: Jose Gonzalez (Rol: Cajera) Acción: El usuario ha iniciado sesión.
[2025-07-29 19:01:52] Usuario: Jose Gonzalez (Rol: Cajera) Acción: El usuario accedió a la sección de Configuración
[2025-07-29 19:01:54] Usuario: Jose Gonzalez (Rol: Cajera) Acción: El usuario abrió la ventana de gestión de clientes para administrar la información de los clientes.
[2025-07-29 19:01:55] Usuario: Jose Gonzalez (Rol: Cajera) Acción: El usuario abrió la ventana de gestión de sabores para administrar los sabores disponibles en la pastelería.
[2025-07-29 19:01:56] Usuario: Jose Gonzalez (Rol: Cajera) Acción: El usuario abrió la ventana de gestión de insumos para supervisar y registrar los ingredientes en stock.
[2025-07-29 19:01:57] Usuario: Jose Gonzalez (Rol: Cajera) Acción: El usuario abrió la ventana de configuración de notificaciones.
[2025-07-29 19:01:58] Usuario: Jose Gonzalez (Rol: Cajera) Acción: El usuario abrió la ventana de gestión de insumos para supervisar y registrar los ingredientes en stock.
[2025-07-29 19:01:58] Usuario: Jose Gonzalez (Rol: Cajera) Acción: El usuario abrió la ventana de gestión de sabores para administrar los sabores disponibles en la pastelería.
[2025-07-29 19:01:59] Usuario: Jose Gonzalez (Rol: Cajera) Acción: El usuario abrió la ventana de gestión de clientes para administrar la información de los clientes.
[2025-07-29 19:02:05] Usuario: Jose Gonzalez (Rol: Cajera) Acción: El usuario abrió la ventana de gestión de clientes para administrar la información de los clientes.
[2025-07-29 19:02:05] Usuario: Jose Gonzalez (Rol: Cajera) Acción: El usuario abrió la ventana de gestión de sabores para administrar los sabores disponibles en la pastelería.
[2025-07-29 19:02:06] Usuario: Jose Gonzalez (Rol: Cajera) Acción: El usuario abrió la ventana de gestión de insumos para supervisar y registrar los ingredientes en stock.
[2025-07-29 19:02:22] Usuario: Jose Gonzalez (Rol: Cajera) Acción: El usuario abrió la ventana de configuración de notificaciones.
[2025-07-29 19:02:33] Usuario: Jose Gonzalez (Rol: Cajera) Acción: El usuario abrió la ventana de gestión de clientes para administrar la información de los clientes.
[2025-07-29 19:02:34] Usuario: Jose Gonzalez (Rol: Cajera) Acción: El usuario abrió la ventana de gestión de sabores para administrar los sabores disponibles en la pastelería.
[2025-07-29 19:02:34] Usuario: Jose Gonzalez (Rol: Cajera) Acción: El usuario abrió la ventana de gestión de insumos para supervisar y registrar los ingredientes en stock.
[2025-07-29 19:02:46] Usuario: Jose Gonzalez (Rol: Cajera) Acción: El usuario abrió la ventana de configuración de notificaciones.
[2025-07-29 19:02:46] Usuario: Jose Gonzalez (Rol: Cajera) Acción: El usuario abrió la ventana de gestión de insumos para supervisar y registrar los ingredientes en stock.
[2025-07-29 19:02:48] Usuario: Jose Gonzalez (Rol: Cajera) Acción: El usuario abrió la ventana de configuración de notificaciones.
[2025-07-29 19:02:50] Usuario: Jose Gonzalez (Rol: Cajera) Acción: El usuario abrió la ventana de gestión de sabores para administrar los sabores disponibles en la pastelería.
[2025-07-29 19:02:51] Usuario: Jose Gonzalez (Rol: Cajera) Acción: El usuario abrió la ventana de gestión de clientes para administrar la información de los clientes.
[2025-07-29 19:03:12] Usuario: Jose Gonzalez (Rol: Cajera) Acción: El usuario ha iniciado sesión.
[2025-07-29 19:03:12] Usuario: Jose Gonzalez (Rol: Cajera) Acción: El usuario regresó al menú principal.
[2025-07-29 19:03:18] Usuario: Jose Gonzalez (Rol: Cajera) Acción: El usuario accedió a la sección de Configuración
[2025-07-29 19:03:33] Usuario: Jose Gonzalez (Rol: Cajera) Acción: El usuario ha iniciado sesión.
[2025-07-29 19:03:33] Usuario: Jose Gonzalez (Rol: Cajera) Acción: El usuario regresó al menú principal.
[2025-07-29 19:03:37] Usuario: Jose Gonzalez (Rol: Cajera) Acción: El usuario cerró sesión
[2025-07-29 19:03:44] Usuario: Juan Lopez (Rol: Administrador) Acción: El usuario ha iniciado sesión.
[2025-07-29 19:03:48] Usuario: Juan Lopez (Rol: Administrador) Acción: El usuario accedió a la sección de Configuración
[2025-07-29 19:03:49] Usuario: Juan Lopez (Rol: Administrador) Acción: El usuario accedió a la pantalla de gestión de roles.
[2025-07-29 19:03:49] Usuario: Juan Lopez (Rol: Administrador) Acción: Roles cargados desde la base de datos: 3 roles disponibles.
[2025-07-29 19:03:49] Usuario: Juan Lopez (Rol: Administrador) Acción: No se seleccionó ningún rol. Los permisos han sido deshabilitados.
[2025-07-29 19:03:49] Usuario: Juan Lopez (Rol: Administrador) Acción: El usuario accedió a la ventana de control de roles y permisos para gestionar los privilegios de los usuarios.
[2025-07-29 19:03:51] Usuario: Juan Lopez (Rol: Administrador) Acción: El usuario asignó el permiso Eventos-ver al rol: Cajera
[2025-07-29 19:03:51] Usuario: Juan Lopez (Rol: Administrador) Acción: El usuario asignó el permiso Pedidos-ver al rol: Cajera
[2025-07-29 19:03:51] Usuario: Juan Lopez (Rol: Administrador) Acción: El usuario asignó el permiso Recetas-ver al rol: Cajera
[2025-07-29 19:03:51] Usuario: Juan Lopez (Rol: Administrador) Acción: El usuario asignó el permiso Productos-ver al rol: Cajera
[2025-07-29 19:03:51] Usuario: Juan Lopez (Rol: Administrador) Acción: El usuario asignó el permiso Proveedores-ver al rol: Cajera
[2025-07-29 19:03:51] Usuario: Juan Lopez (Rol: Administrador) Acción: El usuario asignó el permiso Agenda-ver al rol: Cajera
[2025-07-29 19:03:51] Usuario: Juan Lopez (Rol: Administrador) Acción: El usuario asignó el permiso Insumos-ver al rol: Cajera
[2025-07-29 19:03:51] Usuario: Juan Lopez (Rol: Administrador) Acción: El usuario asignó el permiso Clientes-ver al rol: Cajera
[2025-07-29 19:03:51] Usuario: Juan Lopez (Rol: Administrador) Acción: El usuario asignó el permiso Sabores-ver al rol: Cajera
[2025-07-29 19:03:51] Usuario: Juan Lopez (Rol: Administrador) Acción: El usuario asignó el permiso Config. Empleados-ver al rol: Cajera
[2025-07-29 19:03:51] Usuario: Juan Lopez (Rol: Administrador) Acción: El usuario asignó el permiso Stock-ver al rol: Cajera
[2025-07-29 19:03:51] Usuario: Juan Lopez (Rol: Administrador) Acción: El usuario asignó el permiso Estadísticas-ver al rol: Cajera
[2025-07-29 19:03:51] Usuario: Juan Lopez (Rol: Administrador) Acción: El usuario asignó el permiso Notificaciones-ver al rol: Cajera
[2025-07-29 19:03:51] Usuario: Juan Lopez (Rol: Administrador) Acción: El usuario asignó el permiso Settings-ver al rol: Cajera
[2025-07-29 19:03:51] Usuario: Juan Lopez (Rol: Administrador) Acción: Se cargaron permisos para el rol: Cajera
[2025-07-29 19:04:41] Usuario: Juan Lopez (Rol: Administrador) Acción: El usuario revocó el permiso Config. Empleados-ver al rol: Cajera
[2025-07-29 19:04:51] Usuario: Juan Lopez (Rol: Administrador) Acción: El usuario revocó el permiso Notificaciones-ver al rol: Cajera
[2025-07-29 19:05:24] Usuario: Juan Lopez (Rol: Administrador) Acción: El usuario abrió el formulario para modificar los datos de un empleado existente.
[2025-07-29 19:08:52] Usuario: Juan Lopez (Rol: Administrador) Acción: El usuario ha iniciado sesión.
[2025-07-29 19:09:02] Usuario: Juan Lopez (Rol: Administrador) Acción: El usuario accedió a la sección de Configuración
[2025-07-29 19:09:06] Usuario: Juan Lopez (Rol: Administrador) Acción: El usuario abrió el formulario para modificar los datos de un empleado existente.
[2025-07-29 19:09:33] Usuario: Juan Lopez (Rol: Administrador) Acción: Empleado con DNI 39393939 actualizado exitosamente.
[2025-07-29 19:09:35] Usuario: Juan Lopez (Rol: Administrador) Acción: El usuario abrió el formulario para modificar los datos de un empleado existente.
[2025-07-29 19:09:41] Usuario: Juan Lopez (Rol: Administrador) Acción: El usuario canceló la modificación del empleado.
[2025-07-29 19:09:47] Usuario: Juan Lopez (Rol: Administrador) Acción: El usuario ha iniciado sesión.
[2025-07-29 19:09:47] Usuario: Juan Lopez (Rol: Administrador) Acción: El usuario regresó al menú principal.
[2025-07-29 19:09:49] Usuario: Juan Lopez (Rol: Administrador) Acción: El usuario accedió a la sección de Configuración
[2025-07-29 19:10:01] Usuario: Juan Lopez (Rol: Administrador) Acción: El usuario abrió el formulario para modificar los datos de un empleado existente.
[2025-07-29 19:10:07] Usuario: Juan Lopez (Rol: Administrador) Acción: El usuario ha iniciado sesión.
[2025-07-29 19:10:07] Usuario: Juan Lopez (Rol: Administrador) Acción: El usuario regresó al menú principal.
[2025-07-29 19:10:11] Usuario: Juan Lopez (Rol: Administrador) Acción: El usuario accedió a la sección de Configuración
[2025-07-29 19:10:12] Usuario: Juan Lopez (Rol: Administrador) Acción: El usuario accedió a la pantalla de gestión de roles.
[2025-07-29 19:10:12] Usuario: Juan Lopez (Rol: Administrador) Acción: Roles cargados desde la base de datos: 3 roles disponibles.
[2025-07-29 19:10:12] Usuario: Juan Lopez (Rol: Administrador) Acción: No se seleccionó ningún rol. Los permisos han sido deshabilitados.
[2025-07-29 19:10:12] Usuario: Juan Lopez (Rol: Administrador) Acción: El usuario accedió a la ventana de control de roles y permisos para gestionar los privilegios de los usuarios.
[2025-07-29 19:10:16] Usuario: Juan Lopez (Rol: Administrador) Acción: Se activaron todos los permisos para el rol Administrador.
[2025-07-29 19:10:17] Usuario: Juan Lopez (Rol: Administrador) Acción: El usuario revocó el permiso Agenda-todos al rol: Cajera
[2025-07-29 19:10:17] Usuario: Juan Lopez (Rol: Administrador) Acción: El usuario revocó el permiso Agenda-crear al rol: Cajera
[2025-07-29 19:10:17] Usuario: Juan Lopez (Rol: Administrador) Acción: El usuario revocó el permiso Agenda-ver al rol: Cajera
[2025-07-29 19:10:17] Usuario: Juan Lopez (Rol: Administrador) Acción: El usuario revocó el permiso Productos-todos al rol: Cajera
[2025-07-29 19:10:17] Usuario: Juan Lopez (Rol: Administrador) Acción: El usuario revocó el permiso Productos-eliminar al rol: Cajera
[2025-07-29 19:10:17] Usuario: Juan Lopez (Rol: Administrador) Acción: El usuario revocó el permiso Config. Empleados-todos al rol: Cajera
[2025-07-29 19:10:17] Usuario: Juan Lopez (Rol: Administrador) Acción: El usuario revocó el permiso Config. Empleados-modificar al rol: Cajera
[2025-07-29 19:10:18] Usuario: Juan Lopez (Rol: Administrador) Acción: El usuario revocó el permiso Settings-ver al rol: Cajera
[2025-07-29 19:10:18] Usuario: Juan Lopez (Rol: Administrador) Acción: El usuario revocó el permiso Config. Empleados-ver al rol: Cajera
[2025-07-29 19:10:18] Usuario: Juan Lopez (Rol: Administrador) Acción: El usuario revocó el permiso Productos-modificar al rol: Cajera
[2025-07-29 19:10:18] Usuario: Juan Lopez (Rol: Administrador) Acción: El usuario revocó el permiso Pedidos-todos al rol: Cajera
[2025-07-29 19:10:18] Usuario: Juan Lopez (Rol: Administrador) Acción: El usuario revocó el permiso Pedidos-eliminar al rol: Cajera
[2025-07-29 19:10:18] Usuario: Juan Lopez (Rol: Administrador) Acción: El usuario revocó el permiso Pedidos-crear al rol: Cajera
[2025-07-29 19:10:18] Usuario: Juan Lopez (Rol: Administrador) Acción: El usuario revocó el permiso Insumos-todos al rol: Cajera
[2025-07-29 19:10:18] Usuario: Juan Lopez (Rol: Administrador) Acción: El usuario revocó el permiso Insumos-modificar al rol: Cajera
[2025-07-29 19:10:18] Usuario: Juan Lopez (Rol: Administrador) Acción: El usuario revocó el permiso Recetas-todos al rol: Cajera
[2025-07-29 19:10:18] Usuario: Juan Lopez (Rol: Administrador) Acción: El usuario revocó el permiso Recetas-eliminar al rol: Cajera
[2025-07-29 19:10:18] Usuario: Juan Lopez (Rol: Administrador) Acción: El usuario revocó el permiso Proveedores-todos al rol: Cajera
[2025-07-29 19:10:18] Usuario: Juan Lopez (Rol: Administrador) Acción: El usuario revocó el permiso Proveedores-ver al rol: Cajera
[2025-07-29 19:10:18] Usuario: Juan Lopez (Rol: Administrador) Acción: El usuario revocó el permiso Clientes-todos al rol: Cajera
[2025-07-29 19:10:18] Usuario: Juan Lopez (Rol: Administrador) Acción: El usuario revocó el permiso Clientes-modificar al rol: Cajera
[2025-07-29 19:10:18] Usuario: Juan Lopez (Rol: Administrador) Acción: El usuario revocó el permiso Productos-ver al rol: Cajera
[2025-07-29 19:10:18] Usuario: Juan Lopez (Rol: Administrador) Acción: El usuario revocó el permiso Proveedores-eliminar al rol: Cajera
[2025-07-29 19:10:18] Usuario: Juan Lopez (Rol: Administrador) Acción: El usuario revocó el permiso Clientes-crear al rol: Cajera
[2025-07-29 19:10:18] Usuario: Juan Lopez (Rol: Administrador) Acción: El usuario revocó el permiso Eventos-todos al rol: Cajera
[2025-07-29 19:10:18] Usuario: Juan Lopez (Rol: Administrador) Acción: El usuario revocó el permiso Eventos-modificar al rol: Cajera
[2025-07-29 19:10:18] Usuario: Juan Lopez (Rol: Administrador) Acción: El usuario revocó el permiso Eventos-crear al rol: Cajera
[2025-07-29 19:10:18] Usuario: Juan Lopez (Rol: Administrador) Acción: El usuario revocó el permiso Stock-crear al rol: Cajera
[2025-07-29 19:10:18] Usuario: Juan Lopez (Rol: Administrador) Acción: El usuario revocó el permiso Recetas-ver al rol: Cajera
[2025-07-29 19:10:18] Usuario: Juan Lopez (Rol: Administrador) Acción: El usuario revocó el permiso Notificaciones-ver al rol: Cajera
[2025-07-29 19:10:18] Usuario: Juan Lopez (Rol: Administrador) Acción: El usuario revocó el permiso Stock-ver al rol: Cajera
[2025-07-29 19:10:18] Usuario: Juan Lopez (Rol: Administrador) Acción: El usuario revocó el permiso Sabores-todos al rol: Cajera
[2025-07-29 19:10:18] Usuario: Juan Lopez (Rol: Administrador) Acción: El usuario revocó el permiso Sabores-eliminar al rol: Cajera
[2025-07-29 19:10:18] Usuario: Juan Lopez (Rol: Administrador) Acción: El usuario revocó el permiso Sabores-ver al rol: Cajera
[2025-07-29 19:10:18] Usuario: Juan Lopez (Rol: Administrador) Acción: El usuario revocó el permiso Pedidos-ver al rol: Cajera
[2025-07-29 19:10:18] Usuario: Juan Lopez (Rol: Administrador) Acción: El usuario revocó el permiso Agenda-modificar al rol: Cajera
[2025-07-29 19:10:18] Usuario: Juan Lopez (Rol: Administrador) Acción: El usuario revocó el permiso Clientes-eliminar al rol: Cajera
[2025-07-29 19:10:18] Usuario: Juan Lopez (Rol: Administrador) Acción: El usuario revocó el permiso Insumos-eliminar al rol: Cajera
[2025-07-29 19:10:18] Usuario: Juan Lopez (Rol: Administrador) Acción: El usuario revocó el permiso Eventos-ver al rol: Cajera
[2025-07-29 19:10:18] Usuario: Juan Lopez (Rol: Administrador) Acción: El usuario revocó el permiso Pedidos-modificar al rol: Cajera
[2025-07-29 19:10:18] Usuario: Juan Lopez (Rol: Administrador) Acción: El usuario revocó el permiso Productos-crear al rol: Cajera
[2025-07-29 19:10:18] Usuario: Juan Lopez (Rol: Administrador) Acción: El usuario revocó el permiso Agenda-eliminar al rol: Cajera
[2025-07-29 19:10:18] Usuario: Juan Lopez (Rol: Administrador) Acción: El usuario revocó el permiso Clientes-ver al rol: Cajera
[2025-07-29 19:10:18] Usuario: Juan Lopez (Rol: Administrador) Acción: El usuario revocó el permiso Sabores-crear al rol: Cajera
[2025-07-29 19:10:18] Usuario: Juan Lopez (Rol: Administrador) Acción: El usuario revocó el permiso Config. Empleados-eliminar al rol: Cajera
[2025-07-29 19:10:18] Usuario: Juan Lopez (Rol: Administrador) Acción: El usuario revocó el permiso Recetas-crear al rol: Cajera
[2025-07-29 19:10:18] Usuario: Juan Lopez (Rol: Administrador) Acción: El usuario revocó el permiso Insumos-crear al rol: Cajera
[2025-07-29 19:10:18] Usuario: Juan Lopez (Rol: Administrador) Acción: El usuario revocó el permiso Sabores-modificar al rol: Cajera
[2025-07-29 19:10:18] Usuario: Juan Lopez (Rol: Administrador) Acción: El usuario revocó el permiso Insumos-ver al rol: Cajera
[2025-07-29 19:10:18] Usuario: Juan Lopez (Rol: Administrador) Acción: El usuario revocó el permiso Estadísticas-crear al rol: Cajera
[2025-07-29 19:10:18] Usuario: Juan Lopez (Rol: Administrador) Acción: El usuario revocó el permiso Config. Empleados-crear al rol: Cajera
[2025-07-29 19:10:18] Usuario: Juan Lopez (Rol: Administrador) Acción: El usuario revocó el permiso Proveedores-crear al rol: Cajera
[2025-07-29 19:10:18] Usuario: Juan Lopez (Rol: Administrador) Acción: El usuario revocó el permiso Eventos-eliminar al rol: Cajera
[2025-07-29 19:10:18] Usuario: Juan Lopez (Rol: Administrador) Acción: El usuario revocó el permiso Recetas-modificar al rol: Cajera
[2025-07-29 19:10:18] Usuario: Juan Lopez (Rol: Administrador) Acción: El usuario revocó el permiso Proveedores-modificar al rol: Cajera
[2025-07-29 19:10:18] Usuario: Juan Lopez (Rol: Administrador) Acción: El usuario revocó el permiso Estadísticas-ver al rol: Cajera
[2025-07-29 19:10:18] Usuario: Juan Lopez (Rol: Administrador) Acción: Se cargaron permisos para el rol: Cajera
[2025-07-29 19:10:20] Usuario: Juan Lopez (Rol: Administrador) Acción: Se cargaron permisos para el rol: Empleado
[2025-07-29 19:10:22] Usuario: Juan Lopez (Rol: Administrador) Acción: Se cargaron permisos para el rol: Cajera
[2025-07-29 19:11:46] Usuario: Juan Lopez (Rol: Administrador) Acción: El usuario ha iniciado sesión.
[2025-07-29 19:11:46] Usuario: Juan Lopez (Rol: Administrador) Acción: El usuario regresó al menú principal.
[2025-07-29 19:11:50] Usuario: Juan Lopez (Rol: Administrador) Acción: El usuario cerró sesión
[2025-07-29 19:12:10] Usuario: Lionel Messi (Rol: Cajera) Acción: El usuario ha iniciado sesión.
[2025-07-29 19:12:32] Usuario: Lionel Messi (Rol: Cajera) Acción: El usuario cerró sesión
[2025-07-29 19:12:41] Usuario: Juan Lopez (Rol: Administrador) Acción: El usuario ha iniciado sesión.
[2025-07-29 19:12:46] Usuario: Juan Lopez (Rol: Administrador) Acción: El usuario accedió a la sección de Configuración
[2025-07-29 19:12:47] Usuario: Juan Lopez (Rol: Administrador) Acción: El usuario accedió a la pantalla de gestión de roles.
[2025-07-29 19:12:47] Usuario: Juan Lopez (Rol: Administrador) Acción: Roles cargados desde la base de datos: 3 roles disponibles.
[2025-07-29 19:12:47] Usuario: Juan Lopez (Rol: Administrador) Acción: No se seleccionó ningún rol. Los permisos han sido deshabilitados.
[2025-07-29 19:12:47] Usuario: Juan Lopez (Rol: Administrador) Acción: El usuario accedió a la ventana de control de roles y permisos para gestionar los privilegios de los usuarios.
[2025-07-29 19:12:49] Usuario: Juan Lopez (Rol: Administrador) Acción: Se cargaron permisos para el rol: Cajera
[2025-07-29 19:12:50] Usuario: Juan Lopez (Rol: Administrador) Acción: El usuario asignó el permiso Eventos-ver al rol: Cajera
[2025-07-29 19:12:51] Usuario: Juan Lopez (Rol: Administrador) Acción: El usuario asignó el permiso Pedidos-ver al rol: Cajera
[2025-07-29 19:12:51] Usuario: Juan Lopez (Rol: Administrador) Acción: El usuario asignó el permiso Recetas-ver al rol: Cajera
[2025-07-29 19:12:52] Usuario: Juan Lopez (Rol: Administrador) Acción: El usuario asignó el permiso Proveedores-ver al rol: Cajera
[2025-07-29 19:12:52] Usuario: Juan Lopez (Rol: Administrador) Acción: El usuario asignó el permiso Productos-ver al rol: Cajera
[2025-07-29 19:12:53] Usuario: Juan Lopez (Rol: Administrador) Acción: El usuario asignó el permiso Agenda-ver al rol: Cajera
[2025-07-29 19:12:54] Usuario: Juan Lopez (Rol: Administrador) Acción: El usuario asignó el permiso Insumos-ver al rol: Cajera
[2025-07-29 19:12:54] Usuario: Juan Lopez (Rol: Administrador) Acción: El usuario asignó el permiso Clientes-ver al rol: Cajera
[2025-07-29 19:12:55] Usuario: Juan Lopez (Rol: Administrador) Acción: El usuario asignó el permiso Sabores-ver al rol: Cajera
[2025-07-29 19:12:55] Usuario: Juan Lopez (Rol: Administrador) Acción: El usuario asignó el permiso Config. Empleados-ver al rol: Cajera
[2025-07-29 19:12:56] Usuario: Juan Lopez (Rol: Administrador) Acción: El usuario asignó el permiso Stock-ver al rol: Cajera
[2025-07-29 19:12:57] Usuario: Juan Lopez (Rol: Administrador) Acción: El usuario asignó el permiso Estadísticas-ver al rol: Cajera
[2025-07-29 19:12:58] Usuario: Juan Lopez (Rol: Administrador) Acción: El usuario asignó el permiso Notificaciones-ver al rol: Cajera
[2025-07-29 19:12:58] Usuario: Juan Lopez (Rol: Administrador) Acción: El usuario asignó el permiso Settings-ver al rol: Cajera
[2025-07-29 19:18:22] Usuario: Juan Lopez (Rol: Administrador) Acción: El usuario ha iniciado sesión.
[2025-07-29 19:18:22] Usuario: Juan Lopez (Rol: Administrador) Acción: El usuario regresó al menú principal.
[2025-07-29 19:18:26] Usuario: Juan Lopez (Rol: Administrador) Acción: El usuario cerró sesión
[2025-07-29 19:18:58] Usuario: Lionel Messi (Rol: Cajera) Acción: El usuario ha iniciado sesión.
[2025-07-29 19:19:00] Usuario: Lionel Messi (Rol: Cajera) Acción: El usuario accedió a la sección de Configuración
[2025-07-29 19:19:04] Usuario: Lionel Messi (Rol: Cajera) Acción: El usuario abrió la ventana de gestión de clientes para administrar la información de los clientes.
[2025-07-29 19:19:05] Usuario: Lionel Messi (Rol: Cajera) Acción: El usuario abrió la ventana de gestión de sabores para administrar los sabores disponibles en la pastelería.
[2025-07-29 19:19:06] Usuario: Lionel Messi (Rol: Cajera) Acción: El usuario abrió la ventana de configuración de notificaciones.
[2025-07-29 19:19:06] Usuario: Lionel Messi (Rol: Cajera) Acción: El usuario abrió la ventana de gestión de insumos para supervisar y registrar los ingredientes en stock.
[2025-07-29 19:19:07] Usuario: Lionel Messi (Rol: Cajera) Acción: El usuario abrió la ventana de gestión de sabores para administrar los sabores disponibles en la pastelería.
[2025-07-29 19:19:07] Usuario: Lionel Messi (Rol: Cajera) Acción: El usuario abrió la ventana de gestión de clientes para administrar la información de los clientes.
[2025-07-29 19:19:08] Usuario: Lionel Messi (Rol: Cajera) Acción: El usuario ha iniciado sesión.
[2025-07-29 19:19:08] Usuario: Lionel Messi (Rol: Cajera) Acción: El usuario regresó al menú principal.
[2025-07-29 19:19:59] Usuario: Juan Lopez (Rol: Administrador) Acción: El usuario ha iniciado sesión.
[2025-07-29 19:20:02] Usuario: Juan Lopez (Rol: Administrador) Acción: El usuario accedió a la sección de Configuración
[2025-07-29 19:20:03] Usuario: Juan Lopez (Rol: Administrador) Acción: El usuario accedió a la pantalla de gestión de roles.
[2025-07-29 19:20:03] Usuario: Juan Lopez (Rol: Administrador) Acción: Roles cargados desde la base de datos: 3 roles disponibles.
[2025-07-29 19:20:03] Usuario: Juan Lopez (Rol: Administrador) Acción: No se seleccionó ningún rol. Los permisos han sido deshabilitados.
[2025-07-29 19:20:03] Usuario: Juan Lopez (Rol: Administrador) Acción: El usuario accedió a la ventana de control de roles y permisos para gestionar los privilegios de los usuarios.
[2025-07-29 19:20:05] Usuario: Juan Lopez (Rol: Administrador) Acción: El usuario asignó el permiso Eventos-ver al rol: Cajera
[2025-07-29 19:20:05] Usuario: Juan Lopez (Rol: Administrador) Acción: El usuario asignó el permiso Pedidos-ver al rol: Cajera
[2025-07-29 19:20:05] Usuario: Juan Lopez (Rol: Administrador) Acción: El usuario asignó el permiso Recetas-ver al rol: Cajera
[2025-07-29 19:20:05] Usuario: Juan Lopez (Rol: Administrador) Acción: El usuario asignó el permiso Proveedores-ver al rol: Cajera
[2025-07-29 19:20:05] Usuario: Juan Lopez (Rol: Administrador) Acción: El usuario asignó el permiso Productos-ver al rol: Cajera
[2025-07-29 19:20:05] Usuario: Juan Lopez (Rol: Administrador) Acción: El usuario asignó el permiso Agenda-ver al rol: Cajera
[2025-07-29 19:20:05] Usuario: Juan Lopez (Rol: Administrador) Acción: El usuario asignó el permiso Insumos-ver al rol: Cajera
[2025-07-29 19:20:05] Usuario: Juan Lopez (Rol: Administrador) Acción: El usuario asignó el permiso Clientes-ver al rol: Cajera
[2025-07-29 19:20:05] Usuario: Juan Lopez (Rol: Administrador) Acción: El usuario asignó el permiso Sabores-ver al rol: Cajera
[2025-07-29 19:20:05] Usuario: Juan Lopez (Rol: Administrador) Acción: El usuario asignó el permiso Config. Empleados-ver al rol: Cajera
[2025-07-29 19:20:05] Usuario: Juan Lopez (Rol: Administrador) Acción: El usuario asignó el permiso Stock-ver al rol: Cajera
[2025-07-29 19:20:05] Usuario: Juan Lopez (Rol: Administrador) Acción: El usuario asignó el permiso Estadísticas-ver al rol: Cajera
[2025-07-29 19:20:05] Usuario: Juan Lopez (Rol: Administrador) Acción: El usuario asignó el permiso Notificaciones-ver al rol: Cajera
[2025-07-29 19:20:05] Usuario: Juan Lopez (Rol: Administrador) Acción: El usuario asignó el permiso Settings-ver al rol: Cajera
[2025-07-29 19:20:05] Usuario: Juan Lopez (Rol: Administrador) Acción: Se cargaron permisos para el rol: Cajera
[2025-07-29 19:20:07] Usuario: Juan Lopez (Rol: Administrador) Acción: Se activaron todos los permisos para el rol Administrador.
[2025-07-29 19:20:08] Usuario: Juan Lopez (Rol: Administrador) Acción: El usuario revocó el permiso Agenda-todos al rol: Empleado
[2025-07-29 19:20:08] Usuario: Juan Lopez (Rol: Administrador) Acción: El usuario revocó el permiso Agenda-crear al rol: Empleado
[2025-07-29 19:20:08] Usuario: Juan Lopez (Rol: Administrador) Acción: El usuario revocó el permiso Agenda-ver al rol: Empleado
[2025-07-29 19:20:08] Usuario: Juan Lopez (Rol: Administrador) Acción: El usuario revocó el permiso Productos-todos al rol: Empleado
[2025-07-29 19:20:08] Usuario: Juan Lopez (Rol: Administrador) Acción: El usuario revocó el permiso Productos-eliminar al rol: Empleado
[2025-07-29 19:20:08] Usuario: Juan Lopez (Rol: Administrador) Acción: El usuario revocó el permiso Config. Empleados-todos al rol: Empleado
[2025-07-29 19:20:08] Usuario: Juan Lopez (Rol: Administrador) Acción: El usuario revocó el permiso Config. Empleados-modificar al rol: Empleado
[2025-07-29 19:20:08] Usuario: Juan Lopez (Rol: Administrador) Acción: El usuario revocó el permiso Settings-ver al rol: Empleado
[2025-07-29 19:20:08] Usuario: Juan Lopez (Rol: Administrador) Acción: El usuario revocó el permiso Config. Empleados-ver al rol: Empleado
[2025-07-29 19:20:08] Usuario: Juan Lopez (Rol: Administrador) Acción: El usuario revocó el permiso Productos-modificar al rol: Empleado
[2025-07-29 19:20:08] Usuario: Juan Lopez (Rol: Administrador) Acción: El usuario revocó el permiso Pedidos-todos al rol: Empleado
[2025-07-29 19:20:08] Usuario: Juan Lopez (Rol: Administrador) Acción: El usuario revocó el permiso Pedidos-eliminar al rol: Empleado
[2025-07-29 19:20:08] Usuario: Juan Lopez (Rol: Administrador) Acción: El usuario revocó el permiso Pedidos-crear al rol: Empleado
[2025-07-29 19:20:08] Usuario: Juan Lopez (Rol: Administrador) Acción: El usuario revocó el permiso Insumos-todos al rol: Empleado
[2025-07-29 19:20:08] Usuario: Juan Lopez (Rol: Administrador) Acción: El usuario revocó el permiso Insumos-modificar al rol: Empleado
[2025-07-29 19:20:08] Usuario: Juan Lopez (Rol: Administrador) Acción: El usuario revocó el permiso Recetas-todos al rol: Empleado
[2025-07-29 19:20:08] Usuario: Juan Lopez (Rol: Administrador) Acción: El usuario revocó el permiso Recetas-eliminar al rol: Empleado
[2025-07-29 19:20:08] Usuario: Juan Lopez (Rol: Administrador) Acción: El usuario revocó el permiso Proveedores-todos al rol: Empleado
[2025-07-29 19:20:08] Usuario: Juan Lopez (Rol: Administrador) Acción: El usuario revocó el permiso Proveedores-ver al rol: Empleado
[2025-07-29 19:20:08] Usuario: Juan Lopez (Rol: Administrador) Acción: El usuario revocó el permiso Clientes-todos al rol: Empleado
[2025-07-29 19:20:08] Usuario: Juan Lopez (Rol: Administrador) Acción: El usuario revocó el permiso Clientes-modificar al rol: Empleado
[2025-07-29 19:20:08] Usuario: Juan Lopez (Rol: Administrador) Acción: El usuario revocó el permiso Productos-ver al rol: Empleado
[2025-07-29 19:20:08] Usuario: Juan Lopez (Rol: Administrador) Acción: El usuario revocó el permiso Proveedores-eliminar al rol: Empleado
[2025-07-29 19:20:08] Usuario: Juan Lopez (Rol: Administrador) Acción: El usuario revocó el permiso Clientes-crear al rol: Empleado
[2025-07-29 19:20:08] Usuario: Juan Lopez (Rol: Administrador) Acción: El usuario revocó el permiso Eventos-todos al rol: Empleado
[2025-07-29 19:20:08] Usuario: Juan Lopez (Rol: Administrador) Acción: El usuario revocó el permiso Eventos-modificar al rol: Empleado
[2025-07-29 19:20:08] Usuario: Juan Lopez (Rol: Administrador) Acción: El usuario revocó el permiso Eventos-crear al rol: Empleado
[2025-07-29 19:20:08] Usuario: Juan Lopez (Rol: Administrador) Acción: El usuario revocó el permiso Stock-crear al rol: Empleado
[2025-07-29 19:20:08] Usuario: Juan Lopez (Rol: Administrador) Acción: El usuario revocó el permiso Recetas-ver al rol: Empleado
[2025-07-29 19:20:08] Usuario: Juan Lopez (Rol: Administrador) Acción: El usuario revocó el permiso Notificaciones-ver al rol: Empleado
[2025-07-29 19:20:08] Usuario: Juan Lopez (Rol: Administrador) Acción: El usuario revocó el permiso Stock-ver al rol: Empleado
[2025-07-29 19:20:08] Usuario: Juan Lopez (Rol: Administrador) Acción: El usuario revocó el permiso Sabores-todos al rol: Empleado
[2025-07-29 19:20:08] Usuario: Juan Lopez (Rol: Administrador) Acción: El usuario revocó el permiso Sabores-eliminar al rol: Empleado
[2025-07-29 19:20:08] Usuario: Juan Lopez (Rol: Administrador) Acción: El usuario revocó el permiso Sabores-ver al rol: Empleado
[2025-07-29 19:20:08] Usuario: Juan Lopez (Rol: Administrador) Acción: El usuario revocó el permiso Pedidos-ver al rol: Empleado
[2025-07-29 19:20:08] Usuario: Juan Lopez (Rol: Administrador) Acción: El usuario revocó el permiso Agenda-modificar al rol: Empleado
[2025-07-29 19:20:08] Usuario: Juan Lopez (Rol: Administrador) Acción: El usuario revocó el permiso Clientes-eliminar al rol: Empleado
[2025-07-29 19:20:08] Usuario: Juan Lopez (Rol: Administrador) Acción: El usuario revocó el permiso Insumos-eliminar al rol: Empleado
[2025-07-29 19:20:08] Usuario: Juan Lopez (Rol: Administrador) Acción: El usuario revocó el permiso Eventos-ver al rol: Empleado
[2025-07-29 19:20:08] Usuario: Juan Lopez (Rol: Administrador) Acción: El usuario revocó el permiso Pedidos-modificar al rol: Empleado
[2025-07-29 19:20:08] Usuario: Juan Lopez (Rol: Administrador) Acción: El usuario revocó el permiso Productos-crear al rol: Empleado
[2025-07-29 19:20:08] Usuario: Juan Lopez (Rol: Administrador) Acción: El usuario revocó el permiso Agenda-eliminar al rol: Empleado
[2025-07-29 19:20:08] Usuario: Juan Lopez (Rol: Administrador) Acción: El usuario revocó el permiso Clientes-ver al rol: Empleado
[2025-07-29 19:20:08] Usuario: Juan Lopez (Rol: Administrador) Acción: El usuario revocó el permiso Sabores-crear al rol: Empleado
[2025-07-29 19:20:08] Usuario: Juan Lopez (Rol: Administrador) Acción: El usuario revocó el permiso Config. Empleados-eliminar al rol: Empleado
[2025-07-29 19:20:08] Usuario: Juan Lopez (Rol: Administrador) Acción: El usuario revocó el permiso Recetas-crear al rol: Empleado
[2025-07-29 19:20:08] Usuario: Juan Lopez (Rol: Administrador) Acción: El usuario revocó el permiso Insumos-crear al rol: Empleado
[2025-07-29 19:20:08] Usuario: Juan Lopez (Rol: Administrador) Acción: El usuario revocó el permiso Sabores-modificar al rol: Empleado
[2025-07-29 19:20:08] Usuario: Juan Lopez (Rol: Administrador) Acción: El usuario revocó el permiso Insumos-ver al rol: Empleado
[2025-07-29 19:20:08] Usuario: Juan Lopez (Rol: Administrador) Acción: El usuario revocó el permiso Estadísticas-crear al rol: Empleado
[2025-07-29 19:20:08] Usuario: Juan Lopez (Rol: Administrador) Acción: El usuario revocó el permiso Config. Empleados-crear al rol: Empleado
[2025-07-29 19:20:08] Usuario: Juan Lopez (Rol: Administrador) Acción: El usuario revocó el permiso Proveedores-crear al rol: Empleado
[2025-07-29 19:20:08] Usuario: Juan Lopez (Rol: Administrador) Acción: El usuario revocó el permiso Eventos-eliminar al rol: Empleado
[2025-07-29 19:20:08] Usuario: Juan Lopez (Rol: Administrador) Acción: El usuario revocó el permiso Recetas-modificar al rol: Empleado
[2025-07-29 19:20:08] Usuario: Juan Lopez (Rol: Administrador) Acción: El usuario revocó el permiso Proveedores-modificar al rol: Empleado
[2025-07-29 19:20:08] Usuario: Juan Lopez (Rol: Administrador) Acción: El usuario revocó el permiso Estadísticas-ver al rol: Empleado
[2025-07-29 19:20:08] Usuario: Juan Lopez (Rol: Administrador) Acción: Se cargaron permisos para el rol: Empleado
[2025-07-29 19:20:09] Usuario: Juan Lopez (Rol: Administrador) Acción: El usuario asignó el permiso Eventos-ver al rol: Cajera
[2025-07-29 19:20:09] Usuario: Juan Lopez (Rol: Administrador) Acción: El usuario asignó el permiso Pedidos-ver al rol: Cajera
[2025-07-29 19:20:09] Usuario: Juan Lopez (Rol: Administrador) Acción: El usuario asignó el permiso Recetas-ver al rol: Cajera
[2025-07-29 19:20:09] Usuario: Juan Lopez (Rol: Administrador) Acción: El usuario asignó el permiso Proveedores-ver al rol: Cajera
[2025-07-29 19:20:09] Usuario: Juan Lopez (Rol: Administrador) Acción: El usuario asignó el permiso Productos-ver al rol: Cajera
[2025-07-29 19:20:09] Usuario: Juan Lopez (Rol: Administrador) Acción: El usuario asignó el permiso Agenda-ver al rol: Cajera
[2025-07-29 19:20:09] Usuario: Juan Lopez (Rol: Administrador) Acción: El usuario asignó el permiso Insumos-ver al rol: Cajera
[2025-07-29 19:20:09] Usuario: Juan Lopez (Rol: Administrador) Acción: El usuario asignó el permiso Clientes-ver al rol: Cajera
[2025-07-29 19:20:10] Usuario: Juan Lopez (Rol: Administrador) Acción: El usuario asignó el permiso Sabores-ver al rol: Cajera
[2025-07-29 19:20:10] Usuario: Juan Lopez (Rol: Administrador) Acción: El usuario asignó el permiso Config. Empleados-ver al rol: Cajera
[2025-07-29 19:20:10] Usuario: Juan Lopez (Rol: Administrador) Acción: El usuario asignó el permiso Stock-ver al rol: Cajera
[2025-07-29 19:20:10] Usuario: Juan Lopez (Rol: Administrador) Acción: El usuario asignó el permiso Estadísticas-ver al rol: Cajera
[2025-07-29 19:20:10] Usuario: Juan Lopez (Rol: Administrador) Acción: El usuario asignó el permiso Notificaciones-ver al rol: Cajera
[2025-07-29 19:20:10] Usuario: Juan Lopez (Rol: Administrador) Acción: El usuario asignó el permiso Settings-ver al rol: Cajera
[2025-07-29 19:20:10] Usuario: Juan Lopez (Rol: Administrador) Acción: Se cargaron permisos para el rol: Cajera
[2025-07-29 19:20:13] Usuario: Juan Lopez (Rol: Administrador) Acción: El usuario ha iniciado sesión.
[2025-07-29 19:20:14] Usuario: Juan Lopez (Rol: Administrador) Acción: El usuario regresó al menú principal.
[2025-07-29 19:20:29] Usuario: Juan Lopez (Rol: Administrador) Acción: El usuario cerró sesión
[2025-07-29 19:22:33] Usuario: Lionel Messi (Rol: Cajera) Acción: El usuario ha iniciado sesión.
[2025-07-29 19:22:35] Usuario: Lionel Messi (Rol: Cajera) Acción: Accedió a la sección de Eventos
[2025-07-29 19:22:35] Usuario: Lionel Messi (Rol: Cajera) Acción: Evento agregado para la fecha: 2024-11-15
[2025-07-29 19:22:35] Usuario: Lionel Messi (Rol: Cajera) Acción: Evento agregado para la fecha: 2024-12-10
[2025-07-29 19:22:35] Usuario: Lionel Messi (Rol: Cajera) Acción: Evento agregado para la fecha: 2024-12-20
[2025-07-29 19:22:35] Usuario: Lionel Messi (Rol: Cajera) Acción: Evento agregado para la fecha: 2024-10-27
[2025-07-29 19:22:35] Usuario: Lionel Messi (Rol: Cajera) Acción: Evento agregado para la fecha: 2024-11-30
[2025-07-29 19:22:35] Usuario: Lionel Messi (Rol: Cajera) Acción: Calendario para el mes: 2025-07 generado correctamente.
[2025-07-29 19:22:35] Usuario: Lionel Messi (Rol: Cajera) Acción: Evento agregado para la fecha: 2025-07-05
[2025-07-29 19:22:35] Usuario: Lionel Messi (Rol: Cajera) Acción: Calendario para el mes: 2025-07 generado correctamente.
[2025-07-29 19:22:35] Usuario: Lionel Messi (Rol: Cajera) Acción: Evento agregado para la fecha: 2025-07-18
[2025-07-29 19:22:35] Usuario: Lionel Messi (Rol: Cajera) Acción: Calendario para el mes: 2025-07 generado correctamente.
[2025-07-29 19:22:35] Usuario: Lionel Messi (Rol: Cajera) Acción: Calendario para el mes: 2025-07 generado correctamente.
[2025-07-29 19:22:35] Usuario: Lionel Messi (Rol: Cajera) Acción: Calendario inicializado para el mes: 2025-07
[2025-07-29 19:22:36] Usuario: Lionel Messi (Rol: Cajera) Acción: Detalles del evento cargados para la fecha: 2025-07-05
[2025-07-29 19:22:37] Usuario: Lionel Messi (Rol: Cajera) Acción: Detalles del evento cargados para la fecha: 2025-07-18
[2025-07-29 19:22:39] Usuario: Lionel Messi (Rol: Cajera) Acción: El usuario ha iniciado sesión.
[2025-07-29 19:22:39] Usuario: Lionel Messi (Rol: Cajera) Acción: El usuario volvió al menú principal.
[2025-07-29 19:22:43] Usuario: Lionel Messi (Rol: Cajera) Acción: El usuario accedió a la sección de Configuración
[2025-07-29 19:27:43] Usuario: Juan Lopez (Rol: Administrador) Acción: El usuario ha iniciado sesión.
