[2025-11-18 16:34:14] Usuario: Albaro Benitez (Rol: Empleado) Acción: El usuario ha iniciado sesión.
[2025-11-18 16:34:43] Usuario: Albaro Benitez (Rol: Empleado) Acción: El usuario cerró sesión
[2025-11-18 16:34:51] Usuario: Albaro Benitez (Rol: Empleado) Acción: El usuario ha iniciado sesión.
[2025-11-18 16:35:58] Usuario: Albaro Benitez (Rol: Empleado) Acción: El usuario ha iniciado sesión.
[2025-11-18 17:12:36] Usuario: Martin Schonberger (Rol: Administrador) Acción: El usuario ha iniciado sesión.
[2025-11-18 17:13:55] Usuario: Martin Schonberger (Rol: Administrador) Acción: El usuario ha iniciado sesión.
[2025-11-18 17:25:43] Usuario: null (Rol: Sin rol) Acción: Intento de login fallido: contraseña incorrecta (DNI: 44280200)
[2025-11-18 17:25:51] Usuario: null (Rol: Sin rol) Acción: Intento de login fallido: contraseña incorrecta (DNI: 44280200)
[2025-11-18 17:25:52] Usuario: null (Rol: Sin rol) Acción: Intento de login fallido: contraseña incorrecta (DNI: 44280200)
[2025-11-18 17:25:52] Usuario: null (Rol: Sin rol) Acción: Intento de login fallido: contraseña incorrecta (DNI: 44280200)
[2025-11-18 17:25:55] Usuario: null (Rol: Sin rol) Acción: Intento de login fallido: contraseña incorrecta (DNI: 44280200)
[2025-11-18 17:32:15] Usuario: Martin Schonberger (Rol: Administrador) Acción: El usuario ha iniciado sesión.
[2025-11-18 17:32:32] Usuario: Martin Schonberger (Rol: Administrador) Acción: Accedió a la sección de Recetas
[2025-11-18 17:32:38] Usuario: Martin Schonberger (Rol: Administrador) Acción: El usuario regresó al menú principal desde la pantalla de gestión de recetas.
[2025-11-18 17:32:38] Usuario: Martin Schonberger (Rol: Administrador) Acción: El usuario ha iniciado sesión.
[2025-11-18 17:32:39] Usuario: Martin Schonberger (Rol: Administrador) Acción: Accedió a la sección de Estadísticas
[2025-11-18 17:32:41] Usuario: Martin Schonberger (Rol: Administrador) Acción: El usuario ha iniciado sesión.
[2025-11-18 17:32:42] Usuario: Martin Schonberger (Rol: Administrador) Acción: Accedió a la sección de Eventos
[2025-11-18 17:32:42] Usuario: Martin Schonberger (Rol: Administrador) Acción: Evento agregado para la fecha: 2025-08-07
[2025-11-18 17:32:42] Usuario: Martin Schonberger (Rol: Administrador) Acción: Evento agregado para la fecha: 2025-08-14
[2025-11-18 17:32:42] Usuario: Martin Schonberger (Rol: Administrador) Acción: Evento agregado para la fecha: 2025-12-06
[2025-11-18 17:32:42] Usuario: Martin Schonberger (Rol: Administrador) Acción: Evento agregado para la fecha: 2025-12-10
[2025-11-18 17:32:42] Usuario: Martin Schonberger (Rol: Administrador) Acción: Calendario para el mes: 2025-11 generado correctamente.
[2025-11-18 17:32:42] Usuario: Martin Schonberger (Rol: Administrador) Acción: Calendario para el mes: 2025-11 generado correctamente.
[2025-11-18 17:32:42] Usuario: Martin Schonberger (Rol: Administrador) Acción: Calendario inicializado para el mes: 2025-11
[2025-11-18 17:32:43] Usuario: Martin Schonberger (Rol: Administrador) Acción: Calendario para el mes: 2025-12 generado correctamente.
[2025-11-18 17:32:43] Usuario: Martin Schonberger (Rol: Administrador) Acción: Cambiado al siguiente mes: 2025-12
[2025-11-18 17:32:55] Usuario: Martin Schonberger (Rol: Administrador) Acción: El usuario ha iniciado sesión.
[2025-11-18 17:32:55] Usuario: Martin Schonberger (Rol: Administrador) Acción: El usuario volvió al menú principal.
[2025-11-18 17:32:59] Usuario: Martin Schonberger (Rol: Administrador) Acción: El usuario cerró sesión
[2025-11-18 17:34:25] Usuario: Jose Gonzalez (Rol: Cajera) Acción: El usuario ha iniciado sesión.
[2025-11-18 17:34:34] Usuario: Jose Gonzalez (Rol: Cajera) Acción: Accedió a la sección de Agenda
[2025-11-18 17:34:36] Usuario: Jose Gonzalez (Rol: Cajera) Acción: El usuario ha iniciado sesión.
[2025-11-18 17:34:38] Usuario: Jose Gonzalez (Rol: Cajera) Acción: Accedió a la sección de Pedidos
[2025-11-18 17:34:57] Usuario: Jose Gonzalez (Rol: Cajera) Acción: El usuario ha iniciado sesión.
[2025-11-18 17:34:59] Usuario: Jose Gonzalez (Rol: Cajera) Acción: El usuario cerró sesión
[2025-11-18 17:36:14] Usuario: Albaro Benitez (Rol: Empleado) Acción: El usuario ha iniciado sesión.
[2025-11-18 17:36:17] Usuario: Albaro Benitez (Rol: Empleado) Acción: El usuario cerró sesión
[2025-11-18 17:37:57] Usuario: Albaro Benitez (Rol: Empleado) Acción: El usuario ha iniciado sesión.
[2025-11-18 17:40:29] Usuario: Albaro Benitez (Rol: Empleado) Acción: El usuario cerró sesión
[2025-11-18 17:40:38] Usuario: Martin Schonberger (Rol: Administrador) Acción: El usuario ha iniciado sesión.
[2025-11-18 17:40:46] Usuario: Martin Schonberger (Rol: Administrador) Acción: Accedió a la sección de Pedidos
[2025-11-18 17:40:52] Usuario: Martin Schonberger (Rol: Administrador) Acción: El usuario ha iniciado sesión.
[2025-11-18 17:40:56] Usuario: Martin Schonberger (Rol: Administrador) Acción: El usuario accedió a la sección de Configuración
[2025-11-18 17:41:04] Usuario: Martin Schonberger (Rol: Administrador) Acción: El usuario abrió el formulario para modificar los datos de un empleado existente.
[2025-11-18 17:41:20] Usuario: Martin Schonberger (Rol: Administrador) Acción: El usuario ha iniciado sesión.
[2025-11-18 17:41:20] Usuario: Martin Schonberger (Rol: Administrador) Acción: El usuario regresó al menú principal.
[2025-11-18 17:42:51] Usuario: Martin Schonberger (Rol: Administrador) Acción: Accedió a la sección de Recetas
[2025-11-18 17:42:55] Usuario: Martin Schonberger (Rol: Administrador) Acción: El usuario regresó al menú principal desde la pantalla de gestión de recetas.
[2025-11-18 17:42:55] Usuario: Martin Schonberger (Rol: Administrador) Acción: El usuario ha iniciado sesión.
[2025-11-18 17:42:56] Usuario: Martin Schonberger (Rol: Administrador) Acción: Accedió a la sección de Productos
[2025-11-18 17:43:04] Usuario: Martin Schonberger (Rol: Administrador) Acción: El usuario ha iniciado sesión.
[2025-11-18 17:43:04] Usuario: Martin Schonberger (Rol: Administrador) Acción: El usuario regresó al menú principal desde la pantalla de Productos.
[2025-11-18 17:43:05] Usuario: Martin Schonberger (Rol: Administrador) Acción: Accedió a la sección de Pedidos
[2025-11-18 17:43:08] Usuario: Martin Schonberger (Rol: Administrador) Acción: El usuario ha iniciado sesión.
[2025-11-18 17:43:09] Usuario: Martin Schonberger (Rol: Administrador) Acción: Accedió a la sección de Agenda
[2025-11-18 17:43:10] Usuario: Martin Schonberger (Rol: Administrador) Acción: El usuario ha iniciado sesión.
[2025-11-18 17:43:11] Usuario: Martin Schonberger (Rol: Administrador) Acción: Accedió a la sección de Stock
[2025-11-18 17:43:23] Usuario: Martin Schonberger (Rol: Administrador) Acción: El usuario abrió el formulario para agregar un nuevo insumo.
[2025-11-18 17:44:01] Usuario: Martin Schonberger (Rol: Administrador) Acción: El usuario guardó correctamente un insumo: HARINA
[2025-11-18 17:44:07] Usuario: Martin Schonberger (Rol: Administrador) Acción: El usuario abrió el formulario para agregar un nuevo insumo.
[2025-11-18 17:44:42] Usuario: Martin Schonberger (Rol: Administrador) Acción: El usuario guardó correctamente un insumo: CHOCOLATE
[2025-11-18 17:44:46] Usuario: Martin Schonberger (Rol: Administrador) Acción: El usuario abrió el formulario para agregar un nuevo insumo.
[2025-11-18 17:45:15] Usuario: Martin Schonberger (Rol: Administrador) Acción: El usuario guardó correctamente un insumo: MANTECA
[2025-11-18 17:45:19] Usuario: Martin Schonberger (Rol: Administrador) Acción: El usuario ha iniciado sesión.
[2025-11-18 17:45:19] Usuario: Martin Schonberger (Rol: Administrador) Acción: El usuario regresó al menú principal.
[2025-11-18 17:45:21] Usuario: Martin Schonberger (Rol: Administrador) Acción: Accedió a la sección de Pedidos
[2025-11-18 17:45:55] Usuario: Martin Schonberger (Rol: Administrador) Acción: Catálogo abierto correctamente.
[2025-11-18 17:46:06] Usuario: Martin Schonberger (Rol: Administrador) Acción: Pedido creado: Usuario con productos: [Torta de chocolate, Cookies dulce de leche]
[2025-11-18 17:46:06] Usuario: Martin Schonberger (Rol: Administrador) Acción: No hay insumos suficientes para el pedido. Faltantes: [InsumoFaltante(id=null, catalogoInsumo=CatalogoInsumo(id=9, nombre=DULCE DE LECHE, estado=SÓLIDO, proveedor=Campo Santa Helena SA), cantidadFaltante=400.0, unidad=GR, resuelto=false), InsumoFaltante(id=null, catalogoInsumo=CatalogoInsumo(id=3, nombre=LECHE, estado=LÍQUIDO, proveedor=Lacteos SA), cantidadFaltante=200.0, unidad=ML, resuelto=false), InsumoFaltante(id=null, catalogoInsumo=CatalogoInsumo(id=11, nombre=VAINILLAS, estado=SÓLIDO, proveedor=Lacteos SA), cantidadFaltante=300.0, unidad=GR, resuelto=false), InsumoFaltante(id=null, catalogoInsumo=CatalogoInsumo(id=10, nombre=CREMA DE LECHE, estado=SÓLIDO, proveedor=Lacteos SA), cantidadFaltante=200.0, unidad=GR, resuelto=false), InsumoFaltante(id=null, catalogoInsumo=CatalogoInsumo(id=3, nombre=LECHE, estado=LÍQUIDO, proveedor=Lacteos SA), cantidadFaltante=250.0, unidad=ML, resuelto=false)]
[2025-11-18 17:46:08] Usuario: Martin Schonberger (Rol: Administrador) Acción: El usuario ha iniciado sesión.
[2025-11-18 17:46:09] Usuario: Martin Schonberger (Rol: Administrador) Acción: Accedió a la sección de Pedidos
[2025-11-18 17:46:11] Usuario: Martin Schonberger (Rol: Administrador) Acción: El usuario ha iniciado sesión.
[2025-11-18 17:46:19] Usuario: Martin Schonberger (Rol: Administrador) Acción: Accedió a la sección de Stock
[2025-11-18 17:49:13] Usuario: Martin Schonberger (Rol: Administrador) Acción: El usuario ha iniciado sesión.
[2025-11-18 17:49:13] Usuario: Martin Schonberger (Rol: Administrador) Acción: El usuario regresó al menú principal.
[2025-11-18 17:49:15] Usuario: Martin Schonberger (Rol: Administrador) Acción: Accedió a la sección de Recetas
[2025-11-18 17:49:42] Usuario: Martin Schonberger (Rol: Administrador) Acción: El usuario regresó al menú principal desde la pantalla de gestión de recetas.
[2025-11-18 17:49:42] Usuario: Martin Schonberger (Rol: Administrador) Acción: El usuario ha iniciado sesión.
[2025-11-18 17:49:43] Usuario: Martin Schonberger (Rol: Administrador) Acción: Accedió a la sección de Productos
[2025-11-18 17:50:00] Usuario: Martin Schonberger (Rol: Administrador) Acción: El usuario ha iniciado sesión.
[2025-11-18 17:50:00] Usuario: Martin Schonberger (Rol: Administrador) Acción: El usuario regresó al menú principal desde la pantalla de Productos.
[2025-11-18 17:50:02] Usuario: Martin Schonberger (Rol: Administrador) Acción: Accedió a la sección de Pedidos
[2025-11-18 17:50:22] Usuario: Martin Schonberger (Rol: Administrador) Acción: Catálogo abierto correctamente.
[2025-11-18 17:50:26] Usuario: Martin Schonberger (Rol: Administrador) Acción: El usuario ha iniciado sesión.
[2025-11-18 17:50:28] Usuario: Martin Schonberger (Rol: Administrador) Acción: Accedió a la sección de Productos
[2025-11-18 17:50:34] Usuario: Martin Schonberger (Rol: Administrador) Acción: El usuario abrió la ventana de gestión de sabores.
[2025-11-18 17:50:36] Usuario: Martin Schonberger (Rol: Administrador) Acción: Sabores seleccionados para el producto: [Frutilla]
[2025-11-18 17:50:40] Usuario: Martin Schonberger (Rol: Administrador) Acción: Producto modificado: Tarta de frutilla
[2025-11-18 17:50:41] Usuario: Martin Schonberger (Rol: Administrador) Acción: El usuario ha iniciado sesión.
[2025-11-18 17:50:41] Usuario: Martin Schonberger (Rol: Administrador) Acción: El usuario regresó al menú principal desde la pantalla de Productos.
[2025-11-18 17:50:42] Usuario: Martin Schonberger (Rol: Administrador) Acción: Accedió a la sección de Recetas
[2025-11-18 17:50:45] Usuario: Martin Schonberger (Rol: Administrador) Acción: El usuario quiere modificar la receta: Tarta de frutilla
[2025-11-18 17:50:55] Usuario: Martin Schonberger (Rol: Administrador) Acción: El usuario regresó al menú principal desde la pantalla de gestión de recetas.
[2025-11-18 17:50:55] Usuario: Martin Schonberger (Rol: Administrador) Acción: El usuario ha iniciado sesión.
[2025-11-18 17:50:57] Usuario: Martin Schonberger (Rol: Administrador) Acción: Accedió a la sección de Productos
[2025-11-18 17:51:10] Usuario: Martin Schonberger (Rol: Administrador) Acción: Producto modificado: Tarta de frutilla (ID: 2)
[2025-11-18 17:51:10] Usuario: Martin Schonberger (Rol: Administrador) Acción: Producto modificado: Tarta de frutilla
[2025-11-18 17:51:16] Usuario: Martin Schonberger (Rol: Administrador) Acción: El usuario ha iniciado sesión.
[2025-11-18 17:51:16] Usuario: Martin Schonberger (Rol: Administrador) Acción: El usuario regresó al menú principal desde la pantalla de Productos.
[2025-11-18 17:56:18] Usuario: Martin Schonberger (Rol: Administrador) Acción: Accedió a la sección de Pedidos
[2025-11-18 18:01:52] Usuario: Martin Schonberger (Rol: Administrador) Acción: Catálogo abierto correctamente.
[2025-11-18 18:02:20] Usuario: Martin Schonberger (Rol: Administrador) Acción: El usuario ha iniciado sesión.
[2025-11-18 18:02:25] Usuario: Martin Schonberger (Rol: Administrador) Acción: Accedió a la sección de Pedidos
[2025-11-18 18:02:39] Usuario: Martin Schonberger (Rol: Administrador) Acción: Catálogo abierto correctamente.
[2025-11-18 18:03:20] Usuario: Martin Schonberger (Rol: Administrador) Acción: El usuario ha iniciado sesión.
[2025-11-18 18:03:29] Usuario: Martin Schonberger (Rol: Administrador) Acción: Accedió a la sección de Estadísticas
[2025-11-18 18:04:50] Usuario: Martin Schonberger (Rol: Administrador) Acción: El usuario ha iniciado sesión.
[2025-11-18 18:04:52] Usuario: Martin Schonberger (Rol: Administrador) Acción: Accedió a la sección de Estadísticas
[2025-11-18 18:05:34] Usuario: Martin Schonberger (Rol: Administrador) Acción: El usuario ha iniciado sesión.
[2025-11-18 18:05:36] Usuario: Martin Schonberger (Rol: Administrador) Acción: Accedió a la sección de Pedidos
[2025-11-18 18:05:39] Usuario: Martin Schonberger (Rol: Administrador) Acción: El usuario ha iniciado sesión.
[2025-11-18 18:11:23] Usuario: Martin Schonberger (Rol: Administrador) Acción: Accedió a la sección de Stock
[2025-11-18 18:11:25] Usuario: Martin Schonberger (Rol: Administrador) Acción: El usuario abrió el formulario para agregar un nuevo insumo.
[2025-11-18 18:11:35] Usuario: Martin Schonberger (Rol: Administrador) Acción: El usuario ha iniciado sesión.
[2025-11-18 18:11:35] Usuario: Martin Schonberger (Rol: Administrador) Acción: El usuario regresó al menú principal.
[2025-11-18 18:11:43] Usuario: Martin Schonberger (Rol: Administrador) Acción: Accedió a la sección de Stock
[2025-11-18 18:11:50] Usuario: Martin Schonberger (Rol: Administrador) Acción: El usuario abrió el formulario para agregar un nuevo insumo.
[2025-11-18 18:11:55] Usuario: Martin Schonberger (Rol: Administrador) Acción: El usuario ha iniciado sesión.
[2025-11-18 18:11:55] Usuario: Martin Schonberger (Rol: Administrador) Acción: El usuario regresó al menú principal.
[2025-11-18 18:11:57] Usuario: Martin Schonberger (Rol: Administrador) Acción: Accedió a la sección de Proveedores
[2025-11-18 18:11:59] Usuario: Martin Schonberger (Rol: Administrador) Acción: El usuario accedió al formulario para crear un proveedor.
[2025-11-18 18:12:08] Usuario: Martin Schonberger (Rol: Administrador) Acción: El usuario ha iniciado sesión.
[2025-11-18 18:12:08] Usuario: Martin Schonberger (Rol: Administrador) Acción: El usuario volvió al menú principal.
[2025-11-18 18:12:20] Usuario: Martin Schonberger (Rol: Administrador) Acción: Accedió a la sección de Stock
[2025-11-18 18:12:37] Usuario: Martin Schonberger (Rol: Administrador) Acción: El usuario ha iniciado sesión.
[2025-11-18 18:12:37] Usuario: Martin Schonberger (Rol: Administrador) Acción: El usuario regresó al menú principal.
[2025-11-18 18:12:40] Usuario: Martin Schonberger (Rol: Administrador) Acción: El usuario accedió a la sección de Configuración
[2025-11-18 18:12:42] Usuario: Martin Schonberger (Rol: Administrador) Acción: El usuario abrió la ventana de gestión de insumos para supervisar y registrar los ingredientes en stock.
[2025-11-18 18:12:44] Usuario: Martin Schonberger (Rol: Administrador) Acción: El usuario ha iniciado sesión.
[2025-11-18 18:12:45] Usuario: Martin Schonberger (Rol: Administrador) Acción: El usuario regresó al menú principal.
[2025-11-18 18:35:07] Usuario: Martin Schonberger (Rol: Administrador) Acción: El usuario ha iniciado sesión.
[2025-11-18 18:35:11] Usuario: Martin Schonberger (Rol: Administrador) Acción: Accedió a la sección de Stock
[2025-11-18 18:35:13] Usuario: Martin Schonberger (Rol: Administrador) Acción: El usuario abrió el formulario para agregar un nuevo insumo.
[2025-11-18 18:35:16] Usuario: Martin Schonberger (Rol: Administrador) Acción: El usuario ha iniciado sesión.
[2025-11-18 18:35:16] Usuario: Martin Schonberger (Rol: Administrador) Acción: El usuario regresó al menú principal.
[2025-11-18 18:35:18] Usuario: Martin Schonberger (Rol: Administrador) Acción: El usuario accedió a la sección de Configuración
[2025-11-18 18:35:20] Usuario: Martin Schonberger (Rol: Administrador) Acción: El usuario abrió la ventana de gestión de insumos para supervisar y registrar los ingredientes en stock.
[2025-11-18 18:35:21] Usuario: Martin Schonberger (Rol: Administrador) Acción: El usuario agregó un nuevo insumo al catálogo.
[2025-11-18 18:35:35] Usuario: Martin Schonberger (Rol: Administrador) Acción: CatalogoInsumo PRUEBA creado con éxito.
[2025-11-18 18:35:37] Usuario: Martin Schonberger (Rol: Administrador) Acción: El usuario ha iniciado sesión.
[2025-11-18 18:35:37] Usuario: Martin Schonberger (Rol: Administrador) Acción: El usuario regresó al menú principal.
[2025-11-18 18:35:45] Usuario: Martin Schonberger (Rol: Administrador) Acción: Accedió a la sección de Productos
[2025-11-18 18:35:46] Usuario: Martin Schonberger (Rol: Administrador) Acción: El usuario ha iniciado sesión.
[2025-11-18 18:35:46] Usuario: Martin Schonberger (Rol: Administrador) Acción: El usuario regresó al menú principal desde la pantalla de Productos.
[2025-11-18 18:35:48] Usuario: Martin Schonberger (Rol: Administrador) Acción: Accedió a la sección de Recetas
[2025-11-18 18:35:49] Usuario: Martin Schonberger (Rol: Administrador) Acción: El usuario quiere agregar una nueva receta.
[2025-11-18 18:35:59] Usuario: Martin Schonberger (Rol: Administrador) Acción: Ingrediente agregado: PRUEBA, Cantidad: 200 ML
[2025-11-18 18:36:01] Usuario: Martin Schonberger (Rol: Administrador) Acción: Receta guardada: Prueba
[2025-11-18 18:36:04] Usuario: Martin Schonberger (Rol: Administrador) Acción: El usuario regresó al menú principal desde la pantalla de gestión de recetas.
[2025-11-18 18:36:04] Usuario: Martin Schonberger (Rol: Administrador) Acción: El usuario ha iniciado sesión.
[2025-11-18 18:36:05] Usuario: Martin Schonberger (Rol: Administrador) Acción: Accedió a la sección de Productos
[2025-11-18 18:36:22] Usuario: Martin Schonberger (Rol: Administrador) Acción: El usuario abrió la ventana de gestión de sabores.
[2025-11-18 18:36:23] Usuario: Martin Schonberger (Rol: Administrador) Acción: El usuario seleccionó el sabor: Vainilla
[2025-11-18 18:36:24] Usuario: Martin Schonberger (Rol: Administrador) Acción: El usuario guardó los sabores seleccionados.
[2025-11-18 18:36:24] Usuario: Martin Schonberger (Rol: Administrador) Acción: Sabores seleccionados para el producto: [Vainilla]
[2025-11-18 18:36:28] Usuario: Martin Schonberger (Rol: Administrador) Acción: Producto modificado: Prueba (ID: null)
[2025-11-18 18:36:28] Usuario: Martin Schonberger (Rol: Administrador) Acción: Producto agregado: Prueba
[2025-11-18 18:36:32] Usuario: Martin Schonberger (Rol: Administrador) Acción: El usuario ha iniciado sesión.
[2025-11-18 18:36:32] Usuario: Martin Schonberger (Rol: Administrador) Acción: El usuario regresó al menú principal desde la pantalla de Productos.
[2025-11-18 18:36:34] Usuario: Martin Schonberger (Rol: Administrador) Acción: Accedió a la sección de Pedidos
[2025-11-18 18:36:36] Usuario: Martin Schonberger (Rol: Administrador) Acción: El usuario ha iniciado sesión.
[2025-11-18 18:36:38] Usuario: Martin Schonberger (Rol: Administrador) Acción: Accedió a la sección de Stock
[2025-11-18 18:36:42] Usuario: Martin Schonberger (Rol: Administrador) Acción: El usuario ha iniciado sesión.
[2025-11-18 18:36:42] Usuario: Martin Schonberger (Rol: Administrador) Acción: El usuario regresó al menú principal.
[2025-11-18 18:36:43] Usuario: Martin Schonberger (Rol: Administrador) Acción: Accedió a la sección de Pedidos
[2025-11-18 18:36:56] Usuario: Martin Schonberger (Rol: Administrador) Acción: Catálogo abierto correctamente.
[2025-11-18 18:37:03] Usuario: Martin Schonberger (Rol: Administrador) Acción: Pedido creado: Usuario con productos: [Prueba]
[2025-11-18 18:37:03] Usuario: Martin Schonberger (Rol: Administrador) Acción: No hay insumos suficientes para el pedido. Faltantes: [InsumoFaltante(id=null, catalogoInsumo=CatalogoInsumo(id=12, nombre=PRUEBA, estado=LÍQUIDO, proveedor=Lacteos SA), cantidadFaltante=200.0, unidad=ML, resuelto=false)]
[2025-11-18 18:37:06] Usuario: Martin Schonberger (Rol: Administrador) Acción: El usuario ha iniciado sesión.
[2025-11-18 18:37:08] Usuario: Martin Schonberger (Rol: Administrador) Acción: Accedió a la sección de Stock
[2025-11-18 18:37:15] Usuario: Martin Schonberger (Rol: Administrador) Acción: El usuario ha iniciado sesión.
[2025-11-18 18:37:15] Usuario: Martin Schonberger (Rol: Administrador) Acción: El usuario regresó al menú principal.
[2025-11-18 18:37:19] Usuario: Martin Schonberger (Rol: Administrador) Acción: Accedió a la sección de Pedidos
[2025-11-18 18:37:24] Usuario: Martin Schonberger (Rol: Administrador) Acción: El usuario a eliminado el pedido N°17
[2025-11-18 18:37:26] Usuario: Martin Schonberger (Rol: Administrador) Acción: El usuario ha iniciado sesión.
[2025-11-18 18:37:28] Usuario: Martin Schonberger (Rol: Administrador) Acción: Accedió a la sección de Stock
[2025-11-18 18:42:51] Usuario: Martin Schonberger (Rol: Administrador) Acción: El usuario ha iniciado sesión.
[2025-11-18 18:43:03] Usuario: Martin Schonberger (Rol: Administrador) Acción: Accedió a la sección de Productos
[2025-11-18 18:43:07] Usuario: Martin Schonberger (Rol: Administrador) Acción: El usuario abrió la ventana de gestión de sabores.
[2025-11-18 18:43:13] Usuario: Martin Schonberger (Rol: Administrador) Acción: El usuario seleccionó el sabor: Frutilla
[2025-11-18 18:43:14] Usuario: Martin Schonberger (Rol: Administrador) Acción: El usuario seleccionó el sabor: Limón
[2025-11-18 18:43:14] Usuario: Martin Schonberger (Rol: Administrador) Acción: El usuario seleccionó el sabor: Dulce de leche
[2025-11-18 18:43:14] Usuario: Martin Schonberger (Rol: Administrador) Acción: El usuario deseleccionó el sabor: Dulce de leche
[2025-11-18 18:43:15] Usuario: Martin Schonberger (Rol: Administrador) Acción: El usuario deseleccionó el sabor: Limón
[2025-11-18 18:43:15] Usuario: Martin Schonberger (Rol: Administrador) Acción: El usuario deseleccionó el sabor: Frutilla
[2025-11-18 18:43:19] Usuario: Martin Schonberger (Rol: Administrador) Acción: El usuario deseleccionó el sabor: Vainilla
[2025-11-18 18:44:16] Usuario: Martin Schonberger (Rol: Administrador) Acción: El usuario quiere agregar un nuevo sabor.
[2025-11-18 18:44:17] Usuario: Martin Schonberger (Rol: Administrador) Acción: Nuevo sabor guardado: Frutos Rojos
[2025-11-18 18:44:21] Usuario: Martin Schonberger (Rol: Administrador) Acción: El usuario quiere agregar un nuevo sabor.
[2025-11-18 18:44:22] Usuario: Martin Schonberger (Rol: Administrador) Acción: Nuevo sabor guardado: Maracuyá
[2025-11-18 18:44:26] Usuario: Martin Schonberger (Rol: Administrador) Acción: El usuario quiere agregar un nuevo sabor.
[2025-11-18 18:44:26] Usuario: Martin Schonberger (Rol: Administrador) Acción: Nuevo sabor guardado: Coco
[2025-11-18 18:44:30] Usuario: Martin Schonberger (Rol: Administrador) Acción: El usuario quiere agregar un nuevo sabor.
[2025-11-18 18:44:31] Usuario: Martin Schonberger (Rol: Administrador) Acción: Nuevo sabor guardado: Naranja
[2025-11-18 18:44:40] Usuario: Martin Schonberger (Rol: Administrador) Acción: El usuario quiere agregar un nuevo sabor.
[2025-11-18 18:44:40] Usuario: Martin Schonberger (Rol: Administrador) Acción: Nuevo sabor guardado: Banana
[2025-11-18 18:44:44] Usuario: Martin Schonberger (Rol: Administrador) Acción: El usuario quiere agregar un nuevo sabor.
[2025-11-18 18:44:45] Usuario: Martin Schonberger (Rol: Administrador) Acción: Nuevo sabor guardado: Manzana
[2025-11-18 18:44:49] Usuario: Martin Schonberger (Rol: Administrador) Acción: El usuario quiere agregar un nuevo sabor.
[2025-11-18 18:44:50] Usuario: Martin Schonberger (Rol: Administrador) Acción: Nuevo sabor guardado: Arándanos
[2025-11-18 18:44:55] Usuario: Martin Schonberger (Rol: Administrador) Acción: El usuario quiere agregar un nuevo sabor.
[2025-11-18 18:44:56] Usuario: Martin Schonberger (Rol: Administrador) Acción: Nuevo sabor guardado: Pistacho
[2025-11-18 18:45:05] Usuario: Martin Schonberger (Rol: Administrador) Acción: El usuario quiere agregar un nuevo sabor.
[2025-11-18 18:45:06] Usuario: Martin Schonberger (Rol: Administrador) Acción: Nuevo sabor guardado: Café
[2025-11-18 18:45:16] Usuario: Martin Schonberger (Rol: Administrador) Acción: El usuario quiere agregar un nuevo sabor.
[2025-11-18 18:45:17] Usuario: Martin Schonberger (Rol: Administrador) Acción: Nuevo sabor guardado: Red Velvet
[2025-11-18 18:45:47] Usuario: Martin Schonberger (Rol: Administrador) Acción: No se seleccionaron sabores para el producto.
[2025-11-18 18:45:49] Usuario: Martin Schonberger (Rol: Administrador) Acción: Producto modificado: Prueba
[2025-11-18 18:47:21] Usuario: Martin Schonberger (Rol: Administrador) Acción: El usuario ha iniciado sesión.
[2025-11-18 18:47:24] Usuario: Martin Schonberger (Rol: Administrador) Acción: Accedió a la sección de Productos
[2025-11-18 18:47:48] Usuario: Martin Schonberger (Rol: Administrador) Acción: Producto modificado: Prueba
[2025-11-18 18:48:07] Usuario: Martin Schonberger (Rol: Administrador) Acción: El usuario ha iniciado sesión.
[2025-11-18 18:48:15] Usuario: Martin Schonberger (Rol: Administrador) Acción: Accedió a la sección de Productos
[2025-11-18 18:48:19] Usuario: Martin Schonberger (Rol: Administrador) Acción: El usuario abrió la ventana de gestión de sabores.
[2025-11-18 18:52:16] Usuario: Martin Schonberger (Rol: Administrador) Acción: El usuario canceló la selección de sabores.
[2025-11-18 18:52:16] Usuario: Martin Schonberger (Rol: Administrador) Acción: Sabores seleccionados para el producto: [Vainilla]
[2025-11-18 18:52:17] Usuario: Martin Schonberger (Rol: Administrador) Acción: Producto modificado: Prueba
[2025-11-18 18:52:54] Usuario: Martin Schonberger (Rol: Administrador) Acción: El usuario ha iniciado sesión.
[2025-11-18 18:52:57] Usuario: Martin Schonberger (Rol: Administrador) Acción: Accedió a la sección de Productos
[2025-11-18 18:53:01] Usuario: Martin Schonberger (Rol: Administrador) Acción: El usuario abrió la ventana de gestión de sabores.
[2025-11-18 18:58:59] Usuario: Martin Schonberger (Rol: Administrador) Acción: Sabores seleccionados para el producto: [Vainilla]
[2025-11-18 18:59:00] Usuario: Martin Schonberger (Rol: Administrador) Acción: Producto modificado: Prueba
[2025-11-18 18:59:24] Usuario: Martin Schonberger (Rol: Administrador) Acción: El usuario ha iniciado sesión.
[2025-11-18 18:59:35] Usuario: Martin Schonberger (Rol: Administrador) Acción: Accedió a la sección de Productos
[2025-11-18 18:59:39] Usuario: Martin Schonberger (Rol: Administrador) Acción: El usuario abrió la ventana de gestión de sabores.
[2025-11-18 18:59:44] Usuario: Martin Schonberger (Rol: Administrador) Acción: El usuario seleccionó el sabor: Frutilla
[2025-11-18 18:59:44] Usuario: Martin Schonberger (Rol: Administrador) Acción: El usuario deseleccionó el sabor: Frutilla
[2025-11-18 19:00:35] Usuario: Martin Schonberger (Rol: Administrador) Acción: El usuario canceló la selección de sabores.
[2025-11-18 19:00:35] Usuario: Martin Schonberger (Rol: Administrador) Acción: Sabores seleccionados para el producto: [Vainilla]
[2025-11-18 19:00:36] Usuario: Martin Schonberger (Rol: Administrador) Acción: Producto modificado: Prueba
[2025-11-18 19:00:55] Usuario: Martin Schonberger (Rol: Administrador) Acción: El usuario ha iniciado sesión.
[2025-11-18 19:01:16] Usuario: Martin Schonberger (Rol: Administrador) Acción: Accedió a la sección de Productos
[2025-11-18 19:01:20] Usuario: Martin Schonberger (Rol: Administrador) Acción: El usuario abrió la ventana de gestión de sabores.
[2025-11-18 19:01:24] Usuario: Martin Schonberger (Rol: Administrador) Acción: El usuario seleccionó el sabor: Dulce de leche
[2025-11-18 19:01:25] Usuario: Martin Schonberger (Rol: Administrador) Acción: El usuario deseleccionó el sabor: Dulce de leche
[2025-11-18 19:01:30] Usuario: Martin Schonberger (Rol: Administrador) Acción: Sabores seleccionados para el producto: [Vainilla]
[2025-11-18 19:01:30] Usuario: Martin Schonberger (Rol: Administrador) Acción: Producto modificado: Prueba
[2025-11-18 19:34:51] Usuario: Martin Schonberger (Rol: Administrador) Acción: El usuario ha iniciado sesión.
[2025-11-18 19:34:53] Usuario: Martin Schonberger (Rol: Administrador) Acción: Accedió a la sección de Productos
[2025-11-18 19:35:27] Usuario: Martin Schonberger (Rol: Administrador) Acción: Ajuste masivo: Aumento de 5% en todas las categorías
[2025-11-18 19:35:44] Usuario: Martin Schonberger (Rol: Administrador) Acción: Ajuste masivo: Descuento de 5% en todas las categorías
[2025-11-18 19:36:06] Usuario: Martin Schonberger (Rol: Administrador) Acción: Ajuste masivo: Aumento de 5% en categoría Torta
[2025-11-18 19:38:11] Usuario: Martin Schonberger (Rol: Administrador) Acción: Ajuste masivo: Aumento de 1% en todas las categorías
[2025-11-18 19:41:35] Usuario: Martin Schonberger (Rol: Administrador) Acción: El usuario ha iniciado sesión.
[2025-11-18 19:41:41] Usuario: Martin Schonberger (Rol: Administrador) Acción: Accedió a la sección de Productos
[2025-11-18 19:41:54] Usuario: Martin Schonberger (Rol: Administrador) Acción: Ajuste masivo: Descuento de 1% en todas las categorías
[2025-11-18 19:52:18] Usuario: Martin Schonberger (Rol: Administrador) Acción: El usuario ha iniciado sesión.
[2025-11-18 19:52:26] Usuario: Martin Schonberger (Rol: Administrador) Acción: Accedió a la sección de Productos
[2025-11-18 19:53:43] Usuario: Martin Schonberger (Rol: Administrador) Acción: El usuario ha iniciado sesión.
[2025-11-18 19:53:45] Usuario: Martin Schonberger (Rol: Administrador) Acción: Accedió a la sección de Productos
[2025-11-18 19:57:14] Usuario: Martin Schonberger (Rol: Administrador) Acción: El usuario ha iniciado sesión.
[2025-11-18 19:57:16] Usuario: Martin Schonberger (Rol: Administrador) Acción: Accedió a la sección de Productos
[2025-11-18 20:14:54] Usuario: Martin Schonberger (Rol: Administrador) Acción: El usuario ha iniciado sesión.
[2025-11-18 20:14:59] Usuario: Martin Schonberger (Rol: Administrador) Acción: Accedió a la sección de Productos
[2025-11-18 20:22:58] Usuario: Martin Schonberger (Rol: Administrador) Acción: El usuario ha iniciado sesión.
[2025-11-18 20:22:59] Usuario: Martin Schonberger (Rol: Administrador) Acción: Accedió a la sección de Productos
[2025-11-18 20:23:10] Usuario: Martin Schonberger (Rol: Administrador) Acción: Ajuste masivo: Descuento de 2% en todas las categorías
[2025-11-18 20:29:55] Usuario: Martin Schonberger (Rol: Administrador) Acción: El usuario ha iniciado sesión.
[2025-11-18 20:29:55] Usuario: Martin Schonberger (Rol: Administrador) Acción: El usuario regresó al menú principal desde la pantalla de Productos.
[2025-11-18 20:29:58] Usuario: Martin Schonberger (Rol: Administrador) Acción: Accedió a la sección de Stock
[2025-11-18 20:30:04] Usuario: Martin Schonberger (Rol: Administrador) Acción: El usuario ha iniciado sesión.
[2025-11-18 20:30:04] Usuario: Martin Schonberger (Rol: Administrador) Acción: El usuario regresó al menú principal.
[2025-11-18 20:37:55] Usuario: Martin Schonberger (Rol: Administrador) Acción: El usuario ha iniciado sesión.
[2025-11-18 20:37:57] Usuario: Martin Schonberger (Rol: Administrador) Acción: Accedió a la sección de Productos
[2025-11-18 20:38:00] Usuario: Martin Schonberger (Rol: Administrador) Acción: El usuario ha iniciado sesión.
[2025-11-18 20:38:00] Usuario: Martin Schonberger (Rol: Administrador) Acción: El usuario regresó al menú principal desde la pantalla de Productos.
[2025-11-18 20:38:02] Usuario: Martin Schonberger (Rol: Administrador) Acción: Accedió a la sección de Recetas
[2025-11-18 20:38:11] Usuario: Martin Schonberger (Rol: Administrador) Acción: El usuario regresó al menú principal desde la pantalla de gestión de recetas.
[2025-11-18 20:38:11] Usuario: Martin Schonberger (Rol: Administrador) Acción: El usuario ha iniciado sesión.
[2025-11-18 20:38:12] Usuario: Martin Schonberger (Rol: Administrador) Acción: Accedió a la sección de Stock
[2025-11-18 20:38:22] Usuario: Martin Schonberger (Rol: Administrador) Acción: El usuario ha iniciado sesión.
[2025-11-18 20:38:22] Usuario: Martin Schonberger (Rol: Administrador) Acción: El usuario regresó al menú principal.
[2025-11-18 20:38:25] Usuario: Martin Schonberger (Rol: Administrador) Acción: El usuario accedió a la sección de Configuración
[2025-11-18 20:38:27] Usuario: Martin Schonberger (Rol: Administrador) Acción: El usuario abrió la ventana de gestión de insumos para supervisar y registrar los ingredientes en stock.
[2025-11-18 20:38:40] Usuario: Martin Schonberger (Rol: Administrador) Acción: El usuario abrió la ventana de gestión de sabores para administrar los sabores disponibles en la pastelería.
[2025-11-18 20:38:42] Usuario: Martin Schonberger (Rol: Administrador) Acción: El usuario abrió la ventana de gestión de insumos para supervisar y registrar los ingredientes en stock.
[2025-11-18 20:38:43] Usuario: Martin Schonberger (Rol: Administrador) Acción: El usuario abrió la ventana de gestión de sabores para administrar los sabores disponibles en la pastelería.
[2025-11-18 20:38:49] Usuario: Martin Schonberger (Rol: Administrador) Acción: El usuario abrió la ventana de configuración de notificaciones.
[2025-11-18 20:38:49] Usuario: Martin Schonberger (Rol: Administrador) Acción: El usuario abrió la ventana de gestión de insumos para supervisar y registrar los ingredientes en stock.
[2025-11-18 20:38:50] Usuario: Martin Schonberger (Rol: Administrador) Acción: El usuario abrió la ventana de gestión de sabores para administrar los sabores disponibles en la pastelería.
[2025-11-18 20:38:51] Usuario: Martin Schonberger (Rol: Administrador) Acción: El usuario abrió la ventana de gestión de clientes para administrar la información de los clientes.
[2025-11-18 20:38:51] Usuario: Martin Schonberger (Rol: Administrador) Acción: El usuario abrió la ventana de gestión de sabores para administrar los sabores disponibles en la pastelería.
[2025-11-18 20:38:59] Usuario: Martin Schonberger (Rol: Administrador) Acción: El usuario abrió la ventana de gestión de clientes para administrar la información de los clientes.
[2025-11-18 20:39:00] Usuario: Martin Schonberger (Rol: Administrador) Acción: El usuario abrió la ventana de gestión de sabores para administrar los sabores disponibles en la pastelería.
[2025-11-18 20:40:28] Usuario: Martin Schonberger (Rol: Administrador) Acción: El usuario abrió la ventana de gestión de clientes para administrar la información de los clientes.
[2025-11-18 20:40:29] Usuario: Martin Schonberger (Rol: Administrador) Acción: El usuario abrió la ventana de gestión de sabores para administrar los sabores disponibles en la pastelería.
[2025-11-18 20:46:06] Usuario: Martin Schonberger (Rol: Administrador) Acción: El usuario ha iniciado sesión.
[2025-11-18 20:46:10] Usuario: Martin Schonberger (Rol: Administrador) Acción: El usuario accedió a la sección de Configuración
[2025-11-18 20:46:11] Usuario: Martin Schonberger (Rol: Administrador) Acción: El usuario abrió la ventana de gestión de sabores para administrar los sabores disponibles en la pastelería.
[2025-11-18 20:46:12] Usuario: Martin Schonberger (Rol: Administrador) Acción: El usuario abrió la ventana de gestión de clientes para administrar la información de los clientes.
[2025-11-18 20:46:13] Usuario: Martin Schonberger (Rol: Administrador) Acción: El usuario abrió la ventana de gestión de sabores para administrar los sabores disponibles en la pastelería.
[2025-11-18 20:46:13] Usuario: Martin Schonberger (Rol: Administrador) Acción: El usuario abrió la ventana de gestión de insumos para supervisar y registrar los ingredientes en stock.
[2025-11-18 20:46:14] Usuario: Martin Schonberger (Rol: Administrador) Acción: El usuario abrió la ventana de configuración de notificaciones.
[2025-11-18 20:46:15] Usuario: Martin Schonberger (Rol: Administrador) Acción: El usuario abrió la ventana de acciones de usuario para visualizar las acciones.
[2025-11-18 20:46:15] Usuario: Martin Schonberger (Rol: Administrador) Acción: El usuario abrió la ventana de configuración de notificaciones.
[2025-11-18 20:46:31] Usuario: Martin Schonberger (Rol: Administrador) Acción: El usuario abrió la ventana de gestión de sabores para administrar los sabores disponibles en la pastelería.
[2025-11-18 20:46:32] Usuario: Martin Schonberger (Rol: Administrador) Acción: El usuario abrió la ventana de gestión de clientes para administrar la información de los clientes.
[2025-11-18 20:46:33] Usuario: Martin Schonberger (Rol: Administrador) Acción: El usuario accedió a la pantalla de gestión de roles.
[2025-11-18 20:46:33] Usuario: Martin Schonberger (Rol: Administrador) Acción: Roles cargados desde la base de datos: 3 roles disponibles.
[2025-11-18 20:46:33] Usuario: Martin Schonberger (Rol: Administrador) Acción: No se seleccionó ningún rol. Los permisos han sido deshabilitados.
[2025-11-18 20:46:33] Usuario: Martin Schonberger (Rol: Administrador) Acción: El usuario accedió a la ventana de control de roles y permisos para gestionar los privilegios de los usuarios.
[2025-11-18 20:46:33] Usuario: Martin Schonberger (Rol: Administrador) Acción: El usuario accedió a la pantalla de gestión de roles.
[2025-11-18 20:46:33] Usuario: Martin Schonberger (Rol: Administrador) Acción: Roles cargados desde la base de datos: 3 roles disponibles.
[2025-11-18 20:46:33] Usuario: Martin Schonberger (Rol: Administrador) Acción: No se seleccionó ningún rol. Los permisos han sido deshabilitados.
[2025-11-18 20:46:33] Usuario: Martin Schonberger (Rol: Administrador) Acción: El usuario accedió a la ventana de control de roles y permisos para gestionar los privilegios de los usuarios.
[2025-11-18 20:46:34] Usuario: Martin Schonberger (Rol: Administrador) Acción: El usuario abrió la ventana de gestión de clientes para administrar la información de los clientes.
[2025-11-18 20:46:35] Usuario: Martin Schonberger (Rol: Administrador) Acción: El usuario abrió la ventana de gestión de sabores para administrar los sabores disponibles en la pastelería.
[2025-11-18 20:50:48] Usuario: Martin Schonberger (Rol: Administrador) Acción: El usuario ha iniciado sesión.
[2025-11-18 20:50:51] Usuario: Martin Schonberger (Rol: Administrador) Acción: El usuario accedió a la sección de Configuración
[2025-11-18 20:50:52] Usuario: Martin Schonberger (Rol: Administrador) Acción: El usuario abrió la ventana de gestión de sabores para administrar los sabores disponibles en la pastelería.
[2025-11-18 20:50:55] Usuario: Martin Schonberger (Rol: Administrador) Acción: El usuario abrió la ventana de gestión de insumos para supervisar y registrar los ingredientes en stock.
[2025-11-18 20:50:56] Usuario: Martin Schonberger (Rol: Administrador) Acción: El usuario abrió la ventana de configuración de notificaciones.
[2025-11-18 20:50:56] Usuario: Martin Schonberger (Rol: Administrador) Acción: El usuario abrió la ventana de acciones de usuario para visualizar las acciones.
[2025-11-18 20:50:57] Usuario: Martin Schonberger (Rol: Administrador) Acción: El usuario abrió la ventana de configuración de notificaciones.
[2025-11-18 20:50:57] Usuario: Martin Schonberger (Rol: Administrador) Acción: El usuario abrió la ventana de gestión de insumos para supervisar y registrar los ingredientes en stock.
[2025-11-18 20:50:58] Usuario: Martin Schonberger (Rol: Administrador) Acción: El usuario abrió la ventana de gestión de sabores para administrar los sabores disponibles en la pastelería.
[2025-11-18 20:50:58] Usuario: Martin Schonberger (Rol: Administrador) Acción: El usuario abrió la ventana de gestión de clientes para administrar la información de los clientes.
[2025-11-18 20:50:58] Usuario: Martin Schonberger (Rol: Administrador) Acción: El usuario accedió a la pantalla de gestión de roles.
[2025-11-18 20:50:58] Usuario: Martin Schonberger (Rol: Administrador) Acción: Roles cargados desde la base de datos: 3 roles disponibles.
[2025-11-18 20:50:59] Usuario: Martin Schonberger (Rol: Administrador) Acción: No se seleccionó ningún rol. Los permisos han sido deshabilitados.
[2025-11-18 20:50:59] Usuario: Martin Schonberger (Rol: Administrador) Acción: El usuario accedió a la ventana de control de roles y permisos para gestionar los privilegios de los usuarios.
[2025-11-18 20:51:00] Usuario: Martin Schonberger (Rol: Administrador) Acción: El usuario accedió a la pantalla de gestión de roles.
[2025-11-18 20:51:00] Usuario: Martin Schonberger (Rol: Administrador) Acción: Roles cargados desde la base de datos: 3 roles disponibles.
[2025-11-18 20:51:00] Usuario: Martin Schonberger (Rol: Administrador) Acción: No se seleccionó ningún rol. Los permisos han sido deshabilitados.
[2025-11-18 20:51:00] Usuario: Martin Schonberger (Rol: Administrador) Acción: El usuario accedió a la ventana de control de roles y permisos para gestionar los privilegios de los usuarios.
[2025-11-18 20:51:01] Usuario: Martin Schonberger (Rol: Administrador) Acción: Se cargaron permisos para el rol: Empleado
[2025-11-18 20:51:03] Usuario: Martin Schonberger (Rol: Administrador) Acción: Se activaron todos los permisos para el rol Administrador.
[2025-11-18 20:51:04] Usuario: Martin Schonberger (Rol: Administrador) Acción: Se cargaron permisos para el rol: Cajera
[2025-11-18 20:51:05] Usuario: Martin Schonberger (Rol: Administrador) Acción: El usuario ha iniciado sesión.
[2025-11-18 20:51:05] Usuario: Martin Schonberger (Rol: Administrador) Acción: El usuario regresó al menú principal.
[2025-11-18 20:53:30] Usuario: Martin Schonberger (Rol: Administrador) Acción: El usuario accedió a la sección de Configuración
[2025-11-18 20:53:31] Usuario: Martin Schonberger (Rol: Administrador) Acción: El usuario abrió la ventana de gestión de sabores para administrar los sabores disponibles en la pastelería.
[2025-11-18 20:53:32] Usuario: Martin Schonberger (Rol: Administrador) Acción: El usuario abrió la ventana de gestión de clientes para administrar la información de los clientes.
[2025-11-18 20:53:33] Usuario: Martin Schonberger (Rol: Administrador) Acción: El usuario ha iniciado sesión.
[2025-11-18 20:53:33] Usuario: Martin Schonberger (Rol: Administrador) Acción: El usuario regresó al menú principal.
[2025-11-18 21:04:02] Usuario: Martin Schonberger (Rol: Administrador) Acción: El usuario ha iniciado sesión.
[2025-11-18 21:04:05] Usuario: Martin Schonberger (Rol: Administrador) Acción: Accedió a la sección de Productos
[2025-11-18 21:04:13] Usuario: Martin Schonberger (Rol: Administrador) Acción: El usuario ha iniciado sesión.
[2025-11-18 21:04:13] Usuario: Martin Schonberger (Rol: Administrador) Acción: El usuario regresó al menú principal desde la pantalla de Productos.
